2025-08-03 00:44:56,048 - INFO - 配置文件加载成功: /cephfs/shared/sunyifan/Min-p-CoT/grid_search_results/config_experiment_0.2_0.2_0.2_0.8.json
2025-08-03 00:44:56,048 - INFO - 配置文件验证通过
2025-08-03 00:44:56,060 - INFO - 随机种子已设置为: 42
2025-08-03 00:44:56,060 - ERROR - 实验 1 失败: [Errno 2] No such file or directory: '/cephfs/shared/sunyifan/Min-p-CoT/cephfs/shared/sunyifan/Min-p-CoT/grid_search_results'
2025-08-03 00:44:56,060 - INFO - 开始实验 2: min-p值 = [0.2, 0.2, 0.2, 0.9]
2025-08-03 00:44:56,064 - INFO - 配置文件加载成功: /cephfs/shared/sunyifan/Min-p-CoT/grid_search_results/config_experiment_0.2_0.2_0.2_0.9.json
2025-08-03 00:44:56,064 - INFO - 配置文件验证通过
2025-08-03 00:44:56,065 - INFO - 随机种子已设置为: 42
2025-08-03 00:44:56,065 - ERROR - 实验 2 失败: [Errno 2] No such file or directory: '/cephfs/shared/sunyifan/Min-p-CoT/cephfs/shared/sunyifan/Min-p-CoT/grid_search_results'
2025-08-03 00:44:56,065 - INFO - 开始实验 3: min-p值 = [0.2, 0.2, 0.2, 1.0]
2025-08-03 00:44:56,068 - INFO - 配置文件加载成功: /cephfs/shared/sunyifan/Min-p-CoT/grid_search_results/config_experiment_0.2_0.2_0.2_1.0.json
2025-08-03 00:44:56,068 - INFO - 配置文件验证通过
2025-08-03 00:44:56,068 - INFO - 随机种子已设置为: 42
2025-08-03 00:44:56,069 - ERROR - 实验 3 失败: [Errno 2] No such file or directory: '/cephfs/shared/sunyifan/Min-p-CoT/cephfs/shared/sunyifan/Min-p-CoT/grid_search_results'
2025-08-03 00:44:56,069 - INFO - 开始实验 4: min-p值 = [0.2, 0.2, 0.4, 0.8]
2025-08-03 00:44:56,072 - INFO - 配置文件加载成功: /cephfs/shared/sunyifan/Min-p-CoT/grid_search_results/config_experiment_0.2_0.2_0.4_0.8.json
2025-08-03 00:44:56,072 - INFO - 配置文件验证通过
2025-08-03 00:44:56,073 - INFO - 随机种子已设置为: 42
2025-08-03 00:44:56,073 - ERROR - 实验 4 失败: [Errno 2] No such file or directory: '/cephfs/shared/sunyifan/Min-p-CoT/cephfs/shared/sunyifan/Min-p-CoT/grid_search_results'
2025-08-03 00:44:56,073 - INFO - 开始实验 5: min-p值 = [0.2, 0.2, 0.4, 0.9]
2025-08-03 00:44:56,076 - INFO - 配置文件加载成功: /cephfs/shared/sunyifan/Min-p-CoT/grid_search_results/config_experiment_0.2_0.2_0.4_0.9.json
2025-08-03 00:44:56,076 - INFO - 配置文件验证通过
2025-08-03 00:44:56,077 - INFO - 随机种子已设置为: 42
2025-08-03 00:44:56,077 - ERROR - 实验 5 失败: [Errno 2] No such file or directory: '/cephfs/shared/sunyifan/Min-p-CoT/cephfs/shared/sunyifan/Min-p-CoT/grid_search_results'
2025-08-03 00:44:56,077 - INFO - 开始实验 6: min-p值 = [0.2, 0.2, 0.4, 1.0]
2025-08-03 00:44:56,080 - INFO - 配置文件加载成功: /cephfs/shared/sunyifan/Min-p-CoT/grid_search_results/config_experiment_0.2_0.2_0.4_1.0.json
2025-08-03 00:44:56,080 - INFO - 配置文件验证通过
2025-08-03 00:44:56,081 - INFO - 随机种子已设置为: 42
2025-08-03 00:44:56,081 - ERROR - 实验 6 失败: [Errno 2] No such file or directory: '/cephfs/shared/sunyifan/Min-p-CoT/cephfs/shared/sunyifan/Min-p-CoT/grid_search_results'
2025-08-03 00:44:56,081 - INFO - 开始实验 7: min-p值 = [0.2, 0.2, 0.6, 0.8]
2025-08-03 00:44:56,084 - INFO - 配置文件加载成功: /cephfs/shared/sunyifan/Min-p-CoT/grid_search_results/config_experiment_0.2_0.2_0.6_0.8.json
2025-08-03 00:44:56,084 - INFO - 配置文件验证通过
2025-08-03 00:44:56,084 - INFO - 随机种子已设置为: 42
2025-08-03 00:44:56,084 - ERROR - 实验 7 失败: [Errno 2] No such file or directory: '/cephfs/shared/sunyifan/Min-p-CoT/cephfs/shared/sunyifan/Min-p-CoT/grid_search_results'
2025-08-03 00:44:56,085 - INFO - 开始实验 8: min-p值 = [0.2, 0.2, 0.6, 0.9]
2025-08-03 00:44:56,088 - INFO - 配置文件加载成功: /cephfs/shared/sunyifan/Min-p-CoT/grid_search_results/config_experiment_0.2_0.2_0.6_0.9.json
2025-08-03 00:44:56,088 - INFO - 配置文件验证通过
2025-08-03 00:44:56,089 - INFO - 随机种子已设置为: 42
2025-08-03 00:44:56,089 - ERROR - 实验 8 失败: [Errno 2] No such file or directory: '/cephfs/shared/sunyifan/Min-p-CoT/cephfs/shared/sunyifan/Min-p-CoT/grid_search_results'
2025-08-03 00:44:56,089 - INFO - 开始实验 9: min-p值 = [0.2, 0.2, 0.6, 1.0]
2025-08-03 00:44:56,092 - INFO - 配置文件加载成功: /cephfs/shared/sunyifan/Min-p-CoT/grid_search_results/config_experiment_0.2_0.2_0.6_1.0.json
2025-08-03 00:44:56,092 - INFO - 配置文件验证通过
2025-08-03 00:44:56,093 - INFO - 随机种子已设置为: 42
2025-08-03 00:44:56,093 - ERROR - 实验 9 失败: [Errno 2] No such file or directory: '/cephfs/shared/sunyifan/Min-p-CoT/cephfs/shared/sunyifan/Min-p-CoT/grid_search_results'
2025-08-03 00:44:56,093 - INFO - 开始实验 10: min-p值 = [0.2, 0.2, 0.8, 0.8]
2025-08-03 00:44:56,096 - INFO - 配置文件加载成功: /cephfs/shared/sunyifan/Min-p-CoT/grid_search_results/config_experiment_0.2_0.2_0.8_0.8.json
2025-08-03 00:44:56,096 - INFO - 配置文件验证通过
2025-08-03 00:44:56,097 - INFO - 随机种子已设置为: 42
2025-08-03 00:44:56,097 - ERROR - 实验 10 失败: [Errno 2] No such file or directory: '/cephfs/shared/sunyifan/Min-p-CoT/cephfs/shared/sunyifan/Min-p-CoT/grid_search_results'
2025-08-03 00:44:56,097 - INFO - 开始实验 11: min-p值 = [0.2, 0.2, 0.8, 0.9]
2025-08-03 00:44:56,100 - INFO - 配置文件加载成功: /cephfs/shared/sunyifan/Min-p-CoT/grid_search_results/config_experiment_0.2_0.2_0.8_0.9.json
2025-08-03 00:44:56,101 - INFO - 配置文件验证通过
2025-08-03 00:44:56,101 - INFO - 随机种子已设置为: 42
2025-08-03 00:44:56,101 - ERROR - 实验 11 失败: [Errno 2] No such file or directory: '/cephfs/shared/sunyifan/Min-p-CoT/cephfs/shared/sunyifan/Min-p-CoT/grid_search_results'
2025-08-03 00:44:56,101 - INFO - 开始实验 12: min-p值 = [0.2, 0.2, 0.8, 1.0]
2025-08-03 00:44:56,105 - INFO - 配置文件加载成功: /cephfs/shared/sunyifan/Min-p-CoT/grid_search_results/config_experiment_0.2_0.2_0.8_1.0.json
2025-08-03 00:44:56,105 - INFO - 配置文件验证通过
2025-08-03 00:44:56,105 - INFO - 随机种子已设置为: 42
2025-08-03 00:44:56,105 - ERROR - 实验 12 失败: [Errno 2] No such file or directory: '/cephfs/shared/sunyifan/Min-p-CoT/cephfs/shared/sunyifan/Min-p-CoT/grid_search_results'
2025-08-03 00:44:56,105 - INFO - 开始实验 13: min-p值 = [0.2, 0.4, 0.2, 0.8]
2025-08-03 00:44:56,109 - INFO - 配置文件加载成功: /cephfs/shared/sunyifan/Min-p-CoT/grid_search_results/config_experiment_0.2_0.4_0.2_0.8.json
2025-08-03 00:44:56,109 - INFO - 配置文件验证通过
2025-08-03 00:44:56,109 - INFO - 随机种子已设置为: 42
2025-08-03 00:44:56,109 - ERROR - 实验 13 失败: [Errno 2] No such file or directory: '/cephfs/shared/sunyifan/Min-p-CoT/cephfs/shared/sunyifan/Min-p-CoT/grid_search_results'
2025-08-03 00:44:56,110 - INFO - 开始实验 14: min-p值 = [0.2, 0.4, 0.2, 0.9]
2025-08-03 00:44:56,113 - INFO - 配置文件加载成功: /cephfs/shared/sunyifan/Min-p-CoT/grid_search_results/config_experiment_0.2_0.4_0.2_0.9.json
2025-08-03 00:44:56,113 - INFO - 配置文件验证通过
2025-08-03 00:44:56,113 - INFO - 随机种子已设置为: 42
2025-08-03 00:44:56,113 - ERROR - 实验 14 失败: [Errno 2] No such file or directory: '/cephfs/shared/sunyifan/Min-p-CoT/cephfs/shared/sunyifan/Min-p-CoT/grid_search_results'
2025-08-03 00:44:56,114 - INFO - 开始实验 15: min-p值 = [0.2, 0.4, 0.2, 1.0]
2025-08-03 00:44:56,117 - INFO - 配置文件加载成功: /cephfs/shared/sunyifan/Min-p-CoT/grid_search_results/config_experiment_0.2_0.4_0.2_1.0.json
2025-08-03 00:44:56,117 - INFO - 配置文件验证通过
2025-08-03 00:44:56,117 - INFO - 随机种子已设置为: 42
2025-08-03 00:44:56,117 - ERROR - 实验 15 失败: [Errno 2] No such file or directory: '/cephfs/shared/sunyifan/Min-p-CoT/cephfs/shared/sunyifan/Min-p-CoT/grid_search_results'
2025-08-03 00:44:56,117 - INFO - 开始实验 16: min-p值 = [0.2, 0.4, 0.4, 0.8]
2025-08-03 00:44:56,121 - INFO - 配置文件加载成功: /cephfs/shared/sunyifan/Min-p-CoT/grid_search_results/config_experiment_0.2_0.4_0.4_0.8.json
2025-08-03 00:44:56,121 - INFO - 配置文件验证通过
2025-08-03 00:44:56,121 - INFO - 随机种子已设置为: 42
2025-08-03 00:44:56,121 - ERROR - 实验 16 失败: [Errno 2] No such file or directory: '/cephfs/shared/sunyifan/Min-p-CoT/cephfs/shared/sunyifan/Min-p-CoT/grid_search_results'
2025-08-03 00:44:56,121 - INFO - 开始实验 17: min-p值 = [0.2, 0.4, 0.4, 0.9]
2025-08-03 00:44:56,124 - INFO - 配置文件加载成功: /cephfs/shared/sunyifan/Min-p-CoT/grid_search_results/config_experiment_0.2_0.4_0.4_0.9.json
2025-08-03 00:44:56,124 - INFO - 配置文件验证通过
2025-08-03 00:44:56,125 - INFO - 随机种子已设置为: 42
2025-08-03 00:44:56,125 - ERROR - 实验 17 失败: [Errno 2] No such file or directory: '/cephfs/shared/sunyifan/Min-p-CoT/cephfs/shared/sunyifan/Min-p-CoT/grid_search_results'
2025-08-03 00:44:56,125 - INFO - 开始实验 18: min-p值 = [0.2, 0.4, 0.4, 1.0]
2025-08-03 00:44:56,128 - INFO - 配置文件加载成功: /cephfs/shared/sunyifan/Min-p-CoT/grid_search_results/config_experiment_0.2_0.4_0.4_1.0.json
2025-08-03 00:44:56,128 - INFO - 配置文件验证通过
2025-08-03 00:44:56,129 - INFO - 随机种子已设置为: 42
2025-08-03 00:44:56,129 - ERROR - 实验 18 失败: [Errno 2] No such file or directory: '/cephfs/shared/sunyifan/Min-p-CoT/cephfs/shared/sunyifan/Min-p-CoT/grid_search_results'
2025-08-03 00:44:56,129 - INFO - 开始实验 19: min-p值 = [0.2, 0.4, 0.6, 0.8]
2025-08-03 00:44:56,132 - INFO - 配置文件加载成功: /cephfs/shared/sunyifan/Min-p-CoT/grid_search_results/config_experiment_0.2_0.4_0.6_0.8.json
2025-08-03 00:44:56,132 - INFO - 配置文件验证通过
2025-08-03 00:44:56,132 - INFO - 随机种子已设置为: 42
2025-08-03 00:44:56,133 - ERROR - 实验 19 失败: [Errno 2] No such file or directory: '/cephfs/shared/sunyifan/Min-p-CoT/cephfs/shared/sunyifan/Min-p-CoT/grid_search_results'
2025-08-03 00:44:56,133 - INFO - 开始实验 20: min-p值 = [0.2, 0.4, 0.6, 0.9]
2025-08-03 00:44:56,137 - INFO - 配置文件加载成功: /cephfs/shared/sunyifan/Min-p-CoT/grid_search_results/config_experiment_0.2_0.4_0.6_0.9.json
2025-08-03 00:44:56,137 - INFO - 配置文件验证通过
2025-08-03 00:44:56,138 - INFO - 随机种子已设置为: 42
2025-08-03 00:44:56,138 - ERROR - 实验 20 失败: [Errno 2] No such file or directory: '/cephfs/shared/sunyifan/Min-p-CoT/cephfs/shared/sunyifan/Min-p-CoT/grid_search_results'
2025-08-03 00:44:56,138 - INFO - 开始实验 21: min-p值 = [0.2, 0.4, 0.6, 1.0]
2025-08-03 00:44:56,279 - INFO - 配置文件加载成功: /cephfs/shared/sunyifan/Min-p-CoT/grid_search_results/config_experiment_0.2_0.4_0.6_1.0.json
2025-08-03 00:44:56,279 - INFO - 配置文件验证通过
2025-08-03 00:44:56,279 - INFO - 随机种子已设置为: 42
2025-08-03 00:44:56,279 - ERROR - 实验 21 失败: [Errno 2] No such file or directory: '/cephfs/shared/sunyifan/Min-p-CoT/cephfs/shared/sunyifan/Min-p-CoT/grid_search_results'
2025-08-03 00:44:56,280 - INFO - 开始实验 22: min-p值 = [0.2, 0.4, 0.8, 0.8]
2025-08-03 00:44:56,284 - INFO - 配置文件加载成功: /cephfs/shared/sunyifan/Min-p-CoT/grid_search_results/config_experiment_0.2_0.4_0.8_0.8.json
2025-08-03 00:44:56,284 - INFO - 配置文件验证通过
2025-08-03 00:44:56,284 - INFO - 随机种子已设置为: 42
2025-08-03 00:44:56,284 - ERROR - 实验 22 失败: [Errno 2] No such file or directory: '/cephfs/shared/sunyifan/Min-p-CoT/cephfs/shared/sunyifan/Min-p-CoT/grid_search_results'
2025-08-03 00:44:56,284 - INFO - 开始实验 23: min-p值 = [0.2, 0.4, 0.8, 0.9]
2025-08-03 00:44:56,288 - INFO - 配置文件加载成功: /cephfs/shared/sunyifan/Min-p-CoT/grid_search_results/config_experiment_0.2_0.4_0.8_0.9.json
2025-08-03 00:44:56,288 - INFO - 配置文件验证通过
2025-08-03 00:44:56,289 - INFO - 随机种子已设置为: 42
2025-08-03 00:44:56,289 - ERROR - 实验 23 失败: [Errno 2] No such file or directory: '/cephfs/shared/sunyifan/Min-p-CoT/cephfs/shared/sunyifan/Min-p-CoT/grid_search_results'
2025-08-03 00:44:56,289 - INFO - 开始实验 24: min-p值 = [0.2, 0.4, 0.8, 1.0]
2025-08-03 00:44:56,292 - INFO - 配置文件加载成功: /cephfs/shared/sunyifan/Min-p-CoT/grid_search_results/config_experiment_0.2_0.4_0.8_1.0.json
2025-08-03 00:44:56,292 - INFO - 配置文件验证通过
2025-08-03 00:44:56,293 - INFO - 随机种子已设置为: 42
2025-08-03 00:44:56,293 - ERROR - 实验 24 失败: [Errno 2] No such file or directory: '/cephfs/shared/sunyifan/Min-p-CoT/cephfs/shared/sunyifan/Min-p-CoT/grid_search_results'
2025-08-03 00:44:56,293 - INFO - 开始实验 25: min-p值 = [0.2, 0.6, 0.2, 0.8]
2025-08-03 00:44:56,296 - INFO - 配置文件加载成功: /cephfs/shared/sunyifan/Min-p-CoT/grid_search_results/config_experiment_0.2_0.6_0.2_0.8.json
2025-08-03 00:44:56,296 - INFO - 配置文件验证通过
2025-08-03 00:44:56,296 - INFO - 随机种子已设置为: 42
2025-08-03 00:44:56,296 - ERROR - 实验 25 失败: [Errno 2] No such file or directory: '/cephfs/shared/sunyifan/Min-p-CoT/cephfs/shared/sunyifan/Min-p-CoT/grid_search_results'
2025-08-03 00:44:56,296 - INFO - 开始实验 26: min-p值 = [0.2, 0.6, 0.2, 0.9]
2025-08-03 00:44:56,299 - INFO - 配置文件加载成功: /cephfs/shared/sunyifan/Min-p-CoT/grid_search_results/config_experiment_0.2_0.6_0.2_0.9.json
2025-08-03 00:44:56,300 - INFO - 配置文件验证通过
2025-08-03 00:44:56,300 - INFO - 随机种子已设置为: 42
2025-08-03 00:44:56,300 - ERROR - 实验 26 失败: [Errno 2] No such file or directory: '/cephfs/shared/sunyifan/Min-p-CoT/cephfs/shared/sunyifan/Min-p-CoT/grid_search_results'
2025-08-03 00:44:56,300 - INFO - 开始实验 27: min-p值 = [0.2, 0.6, 0.2, 1.0]
2025-08-03 00:44:56,303 - INFO - 配置文件加载成功: /cephfs/shared/sunyifan/Min-p-CoT/grid_search_results/config_experiment_0.2_0.6_0.2_1.0.json
2025-08-03 00:44:56,303 - INFO - 配置文件验证通过
2025-08-03 00:44:56,304 - INFO - 随机种子已设置为: 42
2025-08-03 00:44:56,304 - ERROR - 实验 27 失败: [Errno 2] No such file or directory: '/cephfs/shared/sunyifan/Min-p-CoT/cephfs/shared/sunyifan/Min-p-CoT/grid_search_results'
2025-08-03 00:44:56,304 - INFO - 开始实验 28: min-p值 = [0.2, 0.6, 0.4, 0.8]
2025-08-03 00:44:56,307 - INFO - 配置文件加载成功: /cephfs/shared/sunyifan/Min-p-CoT/grid_search_results/config_experiment_0.2_0.6_0.4_0.8.json
2025-08-03 00:44:56,308 - INFO - 配置文件验证通过
2025-08-03 00:44:56,308 - INFO - 随机种子已设置为: 42
2025-08-03 00:44:56,308 - ERROR - 实验 28 失败: [Errno 2] No such file or directory: '/cephfs/shared/sunyifan/Min-p-CoT/cephfs/shared/sunyifan/Min-p-CoT/grid_search_results'
2025-08-03 00:44:56,308 - INFO - 开始实验 29: min-p值 = [0.2, 0.6, 0.4, 0.9]
2025-08-03 00:44:56,311 - INFO - 配置文件加载成功: /cephfs/shared/sunyifan/Min-p-CoT/grid_search_results/config_experiment_0.2_0.6_0.4_0.9.json
2025-08-03 00:44:56,311 - INFO - 配置文件验证通过
2025-08-03 00:44:56,312 - INFO - 随机种子已设置为: 42
2025-08-03 00:44:56,312 - ERROR - 实验 29 失败: [Errno 2] No such file or directory: '/cephfs/shared/sunyifan/Min-p-CoT/cephfs/shared/sunyifan/Min-p-CoT/grid_search_results'
2025-08-03 00:44:56,312 - INFO - 开始实验 30: min-p值 = [0.2, 0.6, 0.4, 1.0]
2025-08-03 00:44:56,315 - INFO - 配置文件加载成功: /cephfs/shared/sunyifan/Min-p-CoT/grid_search_results/config_experiment_0.2_0.6_0.4_1.0.json
2025-08-03 00:44:56,315 - INFO - 配置文件验证通过
2025-08-03 00:44:56,316 - INFO - 随机种子已设置为: 42
2025-08-03 00:44:56,316 - ERROR - 实验 30 失败: [Errno 2] No such file or directory: '/cephfs/shared/sunyifan/Min-p-CoT/cephfs/shared/sunyifan/Min-p-CoT/grid_search_results'
2025-08-03 00:44:56,316 - INFO - 开始实验 31: min-p值 = [0.2, 0.6, 0.6, 0.8]
2025-08-03 00:44:56,319 - INFO - 配置文件加载成功: /cephfs/shared/sunyifan/Min-p-CoT/grid_search_results/config_experiment_0.2_0.6_0.6_0.8.json
2025-08-03 00:44:56,319 - INFO - 配置文件验证通过
2025-08-03 00:44:56,319 - INFO - 随机种子已设置为: 42
2025-08-03 00:44:56,319 - ERROR - 实验 31 失败: [Errno 2] No such file or directory: '/cephfs/shared/sunyifan/Min-p-CoT/cephfs/shared/sunyifan/Min-p-CoT/grid_search_results'
2025-08-03 00:44:56,319 - INFO - 开始实验 32: min-p值 = [0.2, 0.6, 0.6, 0.9]
2025-08-03 00:44:56,323 - INFO - 配置文件加载成功: /cephfs/shared/sunyifan/Min-p-CoT/grid_search_results/config_experiment_0.2_0.6_0.6_0.9.json
2025-08-03 00:44:56,323 - INFO - 配置文件验证通过
2025-08-03 00:44:56,324 - INFO - 随机种子已设置为: 42
2025-08-03 00:44:56,324 - ERROR - 实验 32 失败: [Errno 2] No such file or directory: '/cephfs/shared/sunyifan/Min-p-CoT/cephfs/shared/sunyifan/Min-p-CoT/grid_search_results'
2025-08-03 00:44:56,324 - INFO - 开始实验 33: min-p值 = [0.2, 0.6, 0.6, 1.0]
2025-08-03 00:44:56,326 - INFO - 配置文件加载成功: /cephfs/shared/sunyifan/Min-p-CoT/grid_search_results/config_experiment_0.2_0.6_0.6_1.0.json
2025-08-03 00:44:56,327 - INFO - 配置文件验证通过
2025-08-03 00:44:56,327 - INFO - 随机种子已设置为: 42
2025-08-03 00:44:56,327 - ERROR - 实验 33 失败: [Errno 2] No such file or directory: '/cephfs/shared/sunyifan/Min-p-CoT/cephfs/shared/sunyifan/Min-p-CoT/grid_search_results'
2025-08-03 00:44:56,327 - INFO - 开始实验 34: min-p值 = [0.2, 0.6, 0.8, 0.8]
2025-08-03 00:44:56,330 - INFO - 配置文件加载成功: /cephfs/shared/sunyifan/Min-p-CoT/grid_search_results/config_experiment_0.2_0.6_0.8_0.8.json
2025-08-03 00:44:56,330 - INFO - 配置文件验证通过
2025-08-03 00:44:56,331 - INFO - 随机种子已设置为: 42
2025-08-03 00:44:56,331 - ERROR - 实验 34 失败: [Errno 2] No such file or directory: '/cephfs/shared/sunyifan/Min-p-CoT/cephfs/shared/sunyifan/Min-p-CoT/grid_search_results'
2025-08-03 00:44:56,331 - INFO - 开始实验 35: min-p值 = [0.2, 0.6, 0.8, 0.9]
2025-08-03 00:44:56,334 - INFO - 配置文件加载成功: /cephfs/shared/sunyifan/Min-p-CoT/grid_search_results/config_experiment_0.2_0.6_0.8_0.9.json
2025-08-03 00:44:56,334 - INFO - 配置文件验证通过
2025-08-03 00:44:56,335 - INFO - 随机种子已设置为: 42
2025-08-03 00:44:56,335 - ERROR - 实验 35 失败: [Errno 2] No such file or directory: '/cephfs/shared/sunyifan/Min-p-CoT/cephfs/shared/sunyifan/Min-p-CoT/grid_search_results'
2025-08-03 00:44:56,335 - INFO - 开始实验 36: min-p值 = [0.2, 0.6, 0.8, 1.0]
2025-08-03 00:44:56,338 - INFO - 配置文件加载成功: /cephfs/shared/sunyifan/Min-p-CoT/grid_search_results/config_experiment_0.2_0.6_0.8_1.0.json
2025-08-03 00:44:56,338 - INFO - 配置文件验证通过
2025-08-03 00:44:56,339 - INFO - 随机种子已设置为: 42
2025-08-03 00:44:56,339 - ERROR - 实验 36 失败: [Errno 2] No such file or directory: '/cephfs/shared/sunyifan/Min-p-CoT/cephfs/shared/sunyifan/Min-p-CoT/grid_search_results'
2025-08-03 00:44:56,339 - INFO - 开始实验 37: min-p值 = [0.2, 0.8, 0.2, 0.8]
2025-08-03 00:44:56,342 - INFO - 配置文件加载成功: /cephfs/shared/sunyifan/Min-p-CoT/grid_search_results/config_experiment_0.2_0.8_0.2_0.8.json
2025-08-03 00:44:56,342 - INFO - 配置文件验证通过
2025-08-03 00:44:56,343 - INFO - 随机种子已设置为: 42
2025-08-03 00:44:56,343 - ERROR - 实验 37 失败: [Errno 2] No such file or directory: '/cephfs/shared/sunyifan/Min-p-CoT/cephfs/shared/sunyifan/Min-p-CoT/grid_search_results'
2025-08-03 00:44:56,343 - INFO - 开始实验 38: min-p值 = [0.2, 0.8, 0.2, 0.9]
2025-08-03 00:44:56,346 - INFO - 配置文件加载成功: /cephfs/shared/sunyifan/Min-p-CoT/grid_search_results/config_experiment_0.2_0.8_0.2_0.9.json
2025-08-03 00:44:56,347 - INFO - 配置文件验证通过
2025-08-03 00:44:56,347 - INFO - 随机种子已设置为: 42
2025-08-03 00:44:56,347 - ERROR - 实验 38 失败: [Errno 2] No such file or directory: '/cephfs/shared/sunyifan/Min-p-CoT/cephfs/shared/sunyifan/Min-p-CoT/grid_search_results'
2025-08-03 00:44:56,347 - INFO - 开始实验 39: min-p值 = [0.2, 0.8, 0.2, 1.0]
2025-08-03 00:44:56,350 - INFO - 配置文件加载成功: /cephfs/shared/sunyifan/Min-p-CoT/grid_search_results/config_experiment_0.2_0.8_0.2_1.0.json
2025-08-03 00:44:56,351 - INFO - 配置文件验证通过
2025-08-03 00:44:56,351 - INFO - 随机种子已设置为: 42
2025-08-03 00:44:56,351 - ERROR - 实验 39 失败: [Errno 2] No such file or directory: '/cephfs/shared/sunyifan/Min-p-CoT/cephfs/shared/sunyifan/Min-p-CoT/grid_search_results'
2025-08-03 00:44:56,351 - INFO - 开始实验 40: min-p值 = [0.2, 0.8, 0.4, 0.8]
2025-08-03 00:44:56,354 - INFO - 配置文件加载成功: /cephfs/shared/sunyifan/Min-p-CoT/grid_search_results/config_experiment_0.2_0.8_0.4_0.8.json
2025-08-03 00:44:56,355 - INFO - 配置文件验证通过
2025-08-03 00:44:56,355 - INFO - 随机种子已设置为: 42
2025-08-03 00:44:56,355 - ERROR - 实验 40 失败: [Errno 2] No such file or directory: '/cephfs/shared/sunyifan/Min-p-CoT/cephfs/shared/sunyifan/Min-p-CoT/grid_search_results'
2025-08-03 00:44:56,355 - INFO - 开始实验 41: min-p值 = [0.2, 0.8, 0.4, 0.9]
2025-08-03 00:44:56,358 - INFO - 配置文件加载成功: /cephfs/shared/sunyifan/Min-p-CoT/grid_search_results/config_experiment_0.2_0.8_0.4_0.9.json
2025-08-03 00:44:56,359 - INFO - 配置文件验证通过
2025-08-03 00:44:56,359 - INFO - 随机种子已设置为: 42
2025-08-03 00:44:56,359 - ERROR - 实验 41 失败: [Errno 2] No such file or directory: '/cephfs/shared/sunyifan/Min-p-CoT/cephfs/shared/sunyifan/Min-p-CoT/grid_search_results'
2025-08-03 00:44:56,359 - INFO - 开始实验 42: min-p值 = [0.2, 0.8, 0.4, 1.0]
2025-08-03 00:44:56,362 - INFO - 配置文件加载成功: /cephfs/shared/sunyifan/Min-p-CoT/grid_search_results/config_experiment_0.2_0.8_0.4_1.0.json
2025-08-03 00:44:56,362 - INFO - 配置文件验证通过
2025-08-03 00:44:56,363 - INFO - 随机种子已设置为: 42
2025-08-03 00:44:56,363 - ERROR - 实验 42 失败: [Errno 2] No such file or directory: '/cephfs/shared/sunyifan/Min-p-CoT/cephfs/shared/sunyifan/Min-p-CoT/grid_search_results'
2025-08-03 00:44:56,363 - INFO - 开始实验 43: min-p值 = [0.2, 0.8, 0.6, 0.8]
2025-08-03 00:44:56,366 - INFO - 配置文件加载成功: /cephfs/shared/sunyifan/Min-p-CoT/grid_search_results/config_experiment_0.2_0.8_0.6_0.8.json
2025-08-03 00:44:56,366 - INFO - 配置文件验证通过
2025-08-03 00:44:56,367 - INFO - 随机种子已设置为: 42
2025-08-03 00:44:56,367 - ERROR - 实验 43 失败: [Errno 2] No such file or directory: '/cephfs/shared/sunyifan/Min-p-CoT/cephfs/shared/sunyifan/Min-p-CoT/grid_search_results'
2025-08-03 00:44:56,367 - INFO - 开始实验 44: min-p值 = [0.2, 0.8, 0.6, 0.9]
2025-08-03 00:44:56,370 - INFO - 配置文件加载成功: /cephfs/shared/sunyifan/Min-p-CoT/grid_search_results/config_experiment_0.2_0.8_0.6_0.9.json
2025-08-03 00:44:56,370 - INFO - 配置文件验证通过
2025-08-03 00:44:56,371 - INFO - 随机种子已设置为: 42
2025-08-03 00:44:56,371 - ERROR - 实验 44 失败: [Errno 2] No such file or directory: '/cephfs/shared/sunyifan/Min-p-CoT/cephfs/shared/sunyifan/Min-p-CoT/grid_search_results'
2025-08-03 00:44:56,371 - INFO - 开始实验 45: min-p值 = [0.2, 0.8, 0.6, 1.0]
2025-08-03 00:44:56,374 - INFO - 配置文件加载成功: /cephfs/shared/sunyifan/Min-p-CoT/grid_search_results/config_experiment_0.2_0.8_0.6_1.0.json
2025-08-03 00:44:56,374 - INFO - 配置文件验证通过
2025-08-03 00:44:56,375 - INFO - 随机种子已设置为: 42
2025-08-03 00:44:56,375 - ERROR - 实验 45 失败: [Errno 2] No such file or directory: '/cephfs/shared/sunyifan/Min-p-CoT/cephfs/shared/sunyifan/Min-p-CoT/grid_search_results'
2025-08-03 00:44:56,375 - INFO - 开始实验 46: min-p值 = [0.2, 0.8, 0.8, 0.8]
2025-08-03 00:44:56,378 - INFO - 配置文件加载成功: /cephfs/shared/sunyifan/Min-p-CoT/grid_search_results/config_experiment_0.2_0.8_0.8_0.8.json
2025-08-03 00:44:56,378 - INFO - 配置文件验证通过
2025-08-03 00:44:56,378 - INFO - 随机种子已设置为: 42
2025-08-03 00:44:56,378 - ERROR - 实验 46 失败: [Errno 2] No such file or directory: '/cephfs/shared/sunyifan/Min-p-CoT/cephfs/shared/sunyifan/Min-p-CoT/grid_search_results'
2025-08-03 00:44:56,378 - INFO - 开始实验 47: min-p值 = [0.2, 0.8, 0.8, 0.9]
2025-08-03 00:44:56,381 - INFO - 配置文件加载成功: /cephfs/shared/sunyifan/Min-p-CoT/grid_search_results/config_experiment_0.2_0.8_0.8_0.9.json
2025-08-03 00:44:56,382 - INFO - 配置文件验证通过
2025-08-03 00:44:56,382 - INFO - 随机种子已设置为: 42
2025-08-03 00:44:56,382 - ERROR - 实验 47 失败: [Errno 2] No such file or directory: '/cephfs/shared/sunyifan/Min-p-CoT/cephfs/shared/sunyifan/Min-p-CoT/grid_search_results'
2025-08-03 00:44:56,382 - INFO - 开始实验 48: min-p值 = [0.2, 0.8, 0.8, 1.0]
2025-08-03 00:44:56,385 - INFO - 配置文件加载成功: /cephfs/shared/sunyifan/Min-p-CoT/grid_search_results/config_experiment_0.2_0.8_0.8_1.0.json
2025-08-03 00:44:56,386 - INFO - 配置文件验证通过
2025-08-03 00:44:56,386 - INFO - 随机种子已设置为: 42
2025-08-03 00:44:56,386 - ERROR - 实验 48 失败: [Errno 2] No such file or directory: '/cephfs/shared/sunyifan/Min-p-CoT/cephfs/shared/sunyifan/Min-p-CoT/grid_search_results'
2025-08-03 00:44:56,386 - INFO - 开始实验 49: min-p值 = [0.4, 0.2, 0.2, 0.8]
2025-08-03 00:44:56,389 - INFO - 配置文件加载成功: /cephfs/shared/sunyifan/Min-p-CoT/grid_search_results/config_experiment_0.4_0.2_0.2_0.8.json
2025-08-03 00:44:56,389 - INFO - 配置文件验证通过
2025-08-03 00:44:56,390 - INFO - 随机种子已设置为: 42
2025-08-03 00:44:56,390 - ERROR - 实验 49 失败: [Errno 2] No such file or directory: '/cephfs/shared/sunyifan/Min-p-CoT/cephfs/shared/sunyifan/Min-p-CoT/grid_search_results'
2025-08-03 00:44:56,390 - INFO - 开始实验 50: min-p值 = [0.4, 0.2, 0.2, 0.9]
2025-08-03 00:44:56,393 - INFO - 配置文件加载成功: /cephfs/shared/sunyifan/Min-p-CoT/grid_search_results/config_experiment_0.4_0.2_0.2_0.9.json
2025-08-03 00:44:56,393 - INFO - 配置文件验证通过
2025-08-03 00:44:56,394 - INFO - 随机种子已设置为: 42
2025-08-03 00:44:56,394 - ERROR - 实验 50 失败: [Errno 2] No such file or directory: '/cephfs/shared/sunyifan/Min-p-CoT/cephfs/shared/sunyifan/Min-p-CoT/grid_search_results'
2025-08-03 00:44:56,394 - INFO - 开始实验 51: min-p值 = [0.4, 0.2, 0.2, 1.0]
2025-08-03 00:44:56,398 - INFO - 配置文件加载成功: /cephfs/shared/sunyifan/Min-p-CoT/grid_search_results/config_experiment_0.4_0.2_0.2_1.0.json
2025-08-03 00:44:56,398 - INFO - 配置文件验证通过
2025-08-03 00:44:56,399 - INFO - 随机种子已设置为: 42
2025-08-03 00:44:56,399 - ERROR - 实验 51 失败: [Errno 2] No such file or directory: '/cephfs/shared/sunyifan/Min-p-CoT/cephfs/shared/sunyifan/Min-p-CoT/grid_search_results'
2025-08-03 00:44:56,399 - INFO - 开始实验 52: min-p值 = [0.4, 0.2, 0.4, 0.8]
2025-08-03 00:44:56,402 - INFO - 配置文件加载成功: /cephfs/shared/sunyifan/Min-p-CoT/grid_search_results/config_experiment_0.4_0.2_0.4_0.8.json
2025-08-03 00:44:56,402 - INFO - 配置文件验证通过
2025-08-03 00:44:56,402 - INFO - 随机种子已设置为: 42
2025-08-03 00:44:56,403 - ERROR - 实验 52 失败: [Errno 2] No such file or directory: '/cephfs/shared/sunyifan/Min-p-CoT/cephfs/shared/sunyifan/Min-p-CoT/grid_search_results'
2025-08-03 00:44:56,403 - INFO - 开始实验 53: min-p值 = [0.4, 0.2, 0.4, 0.9]
2025-08-03 00:44:56,407 - INFO - 配置文件加载成功: /cephfs/shared/sunyifan/Min-p-CoT/grid_search_results/config_experiment_0.4_0.2_0.4_0.9.json
2025-08-03 00:44:56,407 - INFO - 配置文件验证通过
2025-08-03 00:44:56,408 - INFO - 随机种子已设置为: 42
2025-08-03 00:44:56,408 - ERROR - 实验 53 失败: [Errno 2] No such file or directory: '/cephfs/shared/sunyifan/Min-p-CoT/cephfs/shared/sunyifan/Min-p-CoT/grid_search_results'
2025-08-03 00:44:56,408 - INFO - 开始实验 54: min-p值 = [0.4, 0.2, 0.4, 1.0]
2025-08-03 00:44:56,411 - INFO - 配置文件加载成功: /cephfs/shared/sunyifan/Min-p-CoT/grid_search_results/config_experiment_0.4_0.2_0.4_1.0.json
2025-08-03 00:44:56,411 - INFO - 配置文件验证通过
2025-08-03 00:44:56,412 - INFO - 随机种子已设置为: 42
2025-08-03 00:44:56,412 - ERROR - 实验 54 失败: [Errno 2] No such file or directory: '/cephfs/shared/sunyifan/Min-p-CoT/cephfs/shared/sunyifan/Min-p-CoT/grid_search_results'
2025-08-03 00:44:56,412 - INFO - 开始实验 55: min-p值 = [0.4, 0.2, 0.6, 0.8]
2025-08-03 00:44:56,416 - INFO - 配置文件加载成功: /cephfs/shared/sunyifan/Min-p-CoT/grid_search_results/config_experiment_0.4_0.2_0.6_0.8.json
2025-08-03 00:44:56,416 - INFO - 配置文件验证通过
2025-08-03 00:44:56,416 - INFO - 随机种子已设置为: 42
2025-08-03 00:44:56,417 - ERROR - 实验 55 失败: [Errno 2] No such file or directory: '/cephfs/shared/sunyifan/Min-p-CoT/cephfs/shared/sunyifan/Min-p-CoT/grid_search_results'
2025-08-03 00:44:56,417 - INFO - 开始实验 56: min-p值 = [0.4, 0.2, 0.6, 0.9]
2025-08-03 00:44:56,420 - INFO - 配置文件加载成功: /cephfs/shared/sunyifan/Min-p-CoT/grid_search_results/config_experiment_0.4_0.2_0.6_0.9.json
2025-08-03 00:44:56,420 - INFO - 配置文件验证通过
2025-08-03 00:44:56,420 - INFO - 随机种子已设置为: 42
2025-08-03 00:44:56,420 - ERROR - 实验 56 失败: [Errno 2] No such file or directory: '/cephfs/shared/sunyifan/Min-p-CoT/cephfs/shared/sunyifan/Min-p-CoT/grid_search_results'
2025-08-03 00:44:56,421 - INFO - 开始实验 57: min-p值 = [0.4, 0.2, 0.6, 1.0]
2025-08-03 00:44:56,424 - INFO - 配置文件加载成功: /cephfs/shared/sunyifan/Min-p-CoT/grid_search_results/config_experiment_0.4_0.2_0.6_1.0.json
2025-08-03 00:44:56,424 - INFO - 配置文件验证通过
2025-08-03 00:44:56,424 - INFO - 随机种子已设置为: 42
2025-08-03 00:44:56,425 - ERROR - 实验 57 失败: [Errno 2] No such file or directory: '/cephfs/shared/sunyifan/Min-p-CoT/cephfs/shared/sunyifan/Min-p-CoT/grid_search_results'
2025-08-03 00:44:56,425 - INFO - 开始实验 58: min-p值 = [0.4, 0.2, 0.8, 0.8]
2025-08-03 00:44:56,428 - INFO - 配置文件加载成功: /cephfs/shared/sunyifan/Min-p-CoT/grid_search_results/config_experiment_0.4_0.2_0.8_0.8.json
2025-08-03 00:44:56,428 - INFO - 配置文件验证通过
2025-08-03 00:44:56,428 - INFO - 随机种子已设置为: 42
2025-08-03 00:44:56,428 - ERROR - 实验 58 失败: [Errno 2] No such file or directory: '/cephfs/shared/sunyifan/Min-p-CoT/cephfs/shared/sunyifan/Min-p-CoT/grid_search_results'
2025-08-03 00:44:56,428 - INFO - 开始实验 59: min-p值 = [0.4, 0.2, 0.8, 0.9]
2025-08-03 00:44:56,433 - INFO - 配置文件加载成功: /cephfs/shared/sunyifan/Min-p-CoT/grid_search_results/config_experiment_0.4_0.2_0.8_0.9.json
2025-08-03 00:44:56,433 - INFO - 配置文件验证通过
2025-08-03 00:44:56,433 - INFO - 随机种子已设置为: 42
2025-08-03 00:44:56,434 - ERROR - 实验 59 失败: [Errno 2] No such file or directory: '/cephfs/shared/sunyifan/Min-p-CoT/cephfs/shared/sunyifan/Min-p-CoT/grid_search_results'
2025-08-03 00:44:56,434 - INFO - 开始实验 60: min-p值 = [0.4, 0.2, 0.8, 1.0]
2025-08-03 00:44:56,437 - INFO - 配置文件加载成功: /cephfs/shared/sunyifan/Min-p-CoT/grid_search_results/config_experiment_0.4_0.2_0.8_1.0.json
2025-08-03 00:44:56,437 - INFO - 配置文件验证通过
2025-08-03 00:44:56,437 - INFO - 随机种子已设置为: 42
2025-08-03 00:44:56,438 - ERROR - 实验 60 失败: [Errno 2] No such file or directory: '/cephfs/shared/sunyifan/Min-p-CoT/cephfs/shared/sunyifan/Min-p-CoT/grid_search_results'
2025-08-03 00:44:56,438 - INFO - 开始实验 61: min-p值 = [0.4, 0.4, 0.2, 0.8]
2025-08-03 00:44:56,441 - INFO - 配置文件加载成功: /cephfs/shared/sunyifan/Min-p-CoT/grid_search_results/config_experiment_0.4_0.4_0.2_0.8.json
2025-08-03 00:44:56,441 - INFO - 配置文件验证通过
2025-08-03 00:44:56,441 - INFO - 随机种子已设置为: 42
2025-08-03 00:44:56,442 - ERROR - 实验 61 失败: [Errno 2] No such file or directory: '/cephfs/shared/sunyifan/Min-p-CoT/cephfs/shared/sunyifan/Min-p-CoT/grid_search_results'
2025-08-03 00:44:56,442 - INFO - 开始实验 62: min-p值 = [0.4, 0.4, 0.2, 0.9]
2025-08-03 00:44:56,445 - INFO - 配置文件加载成功: /cephfs/shared/sunyifan/Min-p-CoT/grid_search_results/config_experiment_0.4_0.4_0.2_0.9.json
2025-08-03 00:44:56,445 - INFO - 配置文件验证通过
2025-08-03 00:44:56,445 - INFO - 随机种子已设置为: 42
2025-08-03 00:44:56,446 - ERROR - 实验 62 失败: [Errno 2] No such file or directory: '/cephfs/shared/sunyifan/Min-p-CoT/cephfs/shared/sunyifan/Min-p-CoT/grid_search_results'
2025-08-03 00:44:56,446 - INFO - 开始实验 63: min-p值 = [0.4, 0.4, 0.2, 1.0]
2025-08-03 00:44:56,448 - INFO - 配置文件加载成功: /cephfs/shared/sunyifan/Min-p-CoT/grid_search_results/config_experiment_0.4_0.4_0.2_1.0.json
2025-08-03 00:44:56,448 - INFO - 配置文件验证通过
2025-08-03 00:44:56,449 - INFO - 随机种子已设置为: 42
2025-08-03 00:44:56,449 - ERROR - 实验 63 失败: [Errno 2] No such file or directory: '/cephfs/shared/sunyifan/Min-p-CoT/cephfs/shared/sunyifan/Min-p-CoT/grid_search_results'
2025-08-03 00:44:56,449 - INFO - 开始实验 64: min-p值 = [0.4, 0.4, 0.4, 0.8]
2025-08-03 00:44:56,453 - INFO - 配置文件加载成功: /cephfs/shared/sunyifan/Min-p-CoT/grid_search_results/config_experiment_0.4_0.4_0.4_0.8.json
2025-08-03 00:44:56,453 - INFO - 配置文件验证通过
2025-08-03 00:44:56,454 - INFO - 随机种子已设置为: 42
2025-08-03 00:44:56,454 - ERROR - 实验 64 失败: [Errno 2] No such file or directory: '/cephfs/shared/sunyifan/Min-p-CoT/cephfs/shared/sunyifan/Min-p-CoT/grid_search_results'
2025-08-03 00:44:56,454 - INFO - 开始实验 65: min-p值 = [0.4, 0.4, 0.4, 0.9]
2025-08-03 00:44:56,457 - INFO - 配置文件加载成功: /cephfs/shared/sunyifan/Min-p-CoT/grid_search_results/config_experiment_0.4_0.4_0.4_0.9.json
2025-08-03 00:44:56,457 - INFO - 配置文件验证通过
2025-08-03 00:44:56,458 - INFO - 随机种子已设置为: 42
2025-08-03 00:44:56,458 - ERROR - 实验 65 失败: [Errno 2] No such file or directory: '/cephfs/shared/sunyifan/Min-p-CoT/cephfs/shared/sunyifan/Min-p-CoT/grid_search_results'
2025-08-03 00:44:56,458 - INFO - 开始实验 66: min-p值 = [0.4, 0.4, 0.4, 1.0]
2025-08-03 00:44:56,461 - INFO - 配置文件加载成功: /cephfs/shared/sunyifan/Min-p-CoT/grid_search_results/config_experiment_0.4_0.4_0.4_1.0.json
2025-08-03 00:44:56,461 - INFO - 配置文件验证通过
2025-08-03 00:44:56,462 - INFO - 随机种子已设置为: 42
2025-08-03 00:44:56,462 - ERROR - 实验 66 失败: [Errno 2] No such file or directory: '/cephfs/shared/sunyifan/Min-p-CoT/cephfs/shared/sunyifan/Min-p-CoT/grid_search_results'
2025-08-03 00:44:56,462 - INFO - 开始实验 67: min-p值 = [0.4, 0.4, 0.6, 0.8]
2025-08-03 00:44:56,465 - INFO - 配置文件加载成功: /cephfs/shared/sunyifan/Min-p-CoT/grid_search_results/config_experiment_0.4_0.4_0.6_0.8.json
2025-08-03 00:44:56,465 - INFO - 配置文件验证通过
2025-08-03 00:44:56,466 - INFO - 随机种子已设置为: 42
2025-08-03 00:44:56,466 - ERROR - 实验 67 失败: [Errno 2] No such file or directory: '/cephfs/shared/sunyifan/Min-p-CoT/cephfs/shared/sunyifan/Min-p-CoT/grid_search_results'
2025-08-03 00:44:56,466 - INFO - 开始实验 68: min-p值 = [0.4, 0.4, 0.6, 0.9]
2025-08-03 00:44:56,469 - INFO - 配置文件加载成功: /cephfs/shared/sunyifan/Min-p-CoT/grid_search_results/config_experiment_0.4_0.4_0.6_0.9.json
2025-08-03 00:44:56,469 - INFO - 配置文件验证通过
2025-08-03 00:44:56,470 - INFO - 随机种子已设置为: 42
2025-08-03 00:44:56,470 - ERROR - 实验 68 失败: [Errno 2] No such file or directory: '/cephfs/shared/sunyifan/Min-p-CoT/cephfs/shared/sunyifan/Min-p-CoT/grid_search_results'
2025-08-03 00:44:56,470 - INFO - 开始实验 69: min-p值 = [0.4, 0.4, 0.6, 1.0]
2025-08-03 00:44:56,473 - INFO - 配置文件加载成功: /cephfs/shared/sunyifan/Min-p-CoT/grid_search_results/config_experiment_0.4_0.4_0.6_1.0.json
2025-08-03 00:44:56,473 - INFO - 配置文件验证通过
2025-08-03 00:44:56,473 - INFO - 随机种子已设置为: 42
2025-08-03 00:44:56,474 - ERROR - 实验 69 失败: [Errno 2] No such file or directory: '/cephfs/shared/sunyifan/Min-p-CoT/cephfs/shared/sunyifan/Min-p-CoT/grid_search_results'
2025-08-03 00:44:56,474 - INFO - 开始实验 70: min-p值 = [0.4, 0.4, 0.8, 0.8]
2025-08-03 00:44:56,477 - INFO - 配置文件加载成功: /cephfs/shared/sunyifan/Min-p-CoT/grid_search_results/config_experiment_0.4_0.4_0.8_0.8.json
2025-08-03 00:44:56,477 - INFO - 配置文件验证通过
2025-08-03 00:44:56,477 - INFO - 随机种子已设置为: 42
2025-08-03 00:44:56,477 - ERROR - 实验 70 失败: [Errno 2] No such file or directory: '/cephfs/shared/sunyifan/Min-p-CoT/cephfs/shared/sunyifan/Min-p-CoT/grid_search_results'
2025-08-03 00:44:56,478 - INFO - 开始实验 71: min-p值 = [0.4, 0.4, 0.8, 0.9]
2025-08-03 00:44:56,480 - INFO - 配置文件加载成功: /cephfs/shared/sunyifan/Min-p-CoT/grid_search_results/config_experiment_0.4_0.4_0.8_0.9.json
2025-08-03 00:44:56,481 - INFO - 配置文件验证通过
2025-08-03 00:44:56,481 - INFO - 随机种子已设置为: 42
2025-08-03 00:44:56,481 - ERROR - 实验 71 失败: [Errno 2] No such file or directory: '/cephfs/shared/sunyifan/Min-p-CoT/cephfs/shared/sunyifan/Min-p-CoT/grid_search_results'
2025-08-03 00:44:56,481 - INFO - 开始实验 72: min-p值 = [0.4, 0.4, 0.8, 1.0]
2025-08-03 00:44:56,484 - INFO - 配置文件加载成功: /cephfs/shared/sunyifan/Min-p-CoT/grid_search_results/config_experiment_0.4_0.4_0.8_1.0.json
2025-08-03 00:44:56,484 - INFO - 配置文件验证通过
2025-08-03 00:44:56,485 - INFO - 随机种子已设置为: 42
2025-08-03 00:44:56,485 - ERROR - 实验 72 失败: [Errno 2] No such file or directory: '/cephfs/shared/sunyifan/Min-p-CoT/cephfs/shared/sunyifan/Min-p-CoT/grid_search_results'
2025-08-03 00:44:56,485 - INFO - 开始实验 73: min-p值 = [0.4, 0.6, 0.2, 0.8]
2025-08-03 00:44:56,488 - INFO - 配置文件加载成功: /cephfs/shared/sunyifan/Min-p-CoT/grid_search_results/config_experiment_0.4_0.6_0.2_0.8.json
2025-08-03 00:44:56,489 - INFO - 配置文件验证通过
2025-08-03 00:44:56,489 - INFO - 随机种子已设置为: 42
2025-08-03 00:44:56,489 - ERROR - 实验 73 失败: [Errno 2] No such file or directory: '/cephfs/shared/sunyifan/Min-p-CoT/cephfs/shared/sunyifan/Min-p-CoT/grid_search_results'
2025-08-03 00:44:56,489 - INFO - 开始实验 74: min-p值 = [0.4, 0.6, 0.2, 0.9]
2025-08-03 00:44:56,492 - INFO - 配置文件加载成功: /cephfs/shared/sunyifan/Min-p-CoT/grid_search_results/config_experiment_0.4_0.6_0.2_0.9.json
2025-08-03 00:44:56,492 - INFO - 配置文件验证通过
2025-08-03 00:44:56,493 - INFO - 随机种子已设置为: 42
2025-08-03 00:44:56,493 - ERROR - 实验 74 失败: [Errno 2] No such file or directory: '/cephfs/shared/sunyifan/Min-p-CoT/cephfs/shared/sunyifan/Min-p-CoT/grid_search_results'
2025-08-03 00:44:56,493 - INFO - 开始实验 75: min-p值 = [0.4, 0.6, 0.2, 1.0]
2025-08-03 00:44:56,496 - INFO - 配置文件加载成功: /cephfs/shared/sunyifan/Min-p-CoT/grid_search_results/config_experiment_0.4_0.6_0.2_1.0.json
2025-08-03 00:44:56,496 - INFO - 配置文件验证通过
2025-08-03 00:44:56,496 - INFO - 随机种子已设置为: 42
2025-08-03 00:44:56,497 - ERROR - 实验 75 失败: [Errno 2] No such file or directory: '/cephfs/shared/sunyifan/Min-p-CoT/cephfs/shared/sunyifan/Min-p-CoT/grid_search_results'
2025-08-03 00:44:56,497 - INFO - 开始实验 76: min-p值 = [0.4, 0.6, 0.4, 0.8]
2025-08-03 00:44:56,500 - INFO - 配置文件加载成功: /cephfs/shared/sunyifan/Min-p-CoT/grid_search_results/config_experiment_0.4_0.6_0.4_0.8.json
2025-08-03 00:44:56,500 - INFO - 配置文件验证通过
2025-08-03 00:44:56,500 - INFO - 随机种子已设置为: 42
2025-08-03 00:44:56,500 - ERROR - 实验 76 失败: [Errno 2] No such file or directory: '/cephfs/shared/sunyifan/Min-p-CoT/cephfs/shared/sunyifan/Min-p-CoT/grid_search_results'
2025-08-03 00:44:56,500 - INFO - 开始实验 77: min-p值 = [0.4, 0.6, 0.4, 0.9]
2025-08-03 00:44:56,503 - INFO - 配置文件加载成功: /cephfs/shared/sunyifan/Min-p-CoT/grid_search_results/config_experiment_0.4_0.6_0.4_0.9.json
2025-08-03 00:44:56,503 - INFO - 配置文件验证通过
2025-08-03 00:44:56,504 - INFO - 随机种子已设置为: 42
2025-08-03 00:44:56,504 - ERROR - 实验 77 失败: [Errno 2] No such file or directory: '/cephfs/shared/sunyifan/Min-p-CoT/cephfs/shared/sunyifan/Min-p-CoT/grid_search_results'
2025-08-03 00:44:56,504 - INFO - 开始实验 78: min-p值 = [0.4, 0.6, 0.4, 1.0]
2025-08-03 00:44:56,508 - INFO - 配置文件加载成功: /cephfs/shared/sunyifan/Min-p-CoT/grid_search_results/config_experiment_0.4_0.6_0.4_1.0.json
2025-08-03 00:44:56,508 - INFO - 配置文件验证通过
2025-08-03 00:44:56,509 - INFO - 随机种子已设置为: 42
2025-08-03 00:44:56,509 - ERROR - 实验 78 失败: [Errno 2] No such file or directory: '/cephfs/shared/sunyifan/Min-p-CoT/cephfs/shared/sunyifan/Min-p-CoT/grid_search_results'
2025-08-03 00:44:56,509 - INFO - 开始实验 79: min-p值 = [0.4, 0.6, 0.6, 0.8]
2025-08-03 00:44:56,512 - INFO - 配置文件加载成功: /cephfs/shared/sunyifan/Min-p-CoT/grid_search_results/config_experiment_0.4_0.6_0.6_0.8.json
2025-08-03 00:44:56,512 - INFO - 配置文件验证通过
2025-08-03 00:44:56,513 - INFO - 随机种子已设置为: 42
2025-08-03 00:44:56,513 - ERROR - 实验 79 失败: [Errno 2] No such file or directory: '/cephfs/shared/sunyifan/Min-p-CoT/cephfs/shared/sunyifan/Min-p-CoT/grid_search_results'
2025-08-03 00:44:56,513 - INFO - 开始实验 80: min-p值 = [0.4, 0.6, 0.6, 0.9]
2025-08-03 00:44:56,517 - INFO - 配置文件加载成功: /cephfs/shared/sunyifan/Min-p-CoT/grid_search_results/config_experiment_0.4_0.6_0.6_0.9.json
2025-08-03 00:44:56,517 - INFO - 配置文件验证通过
2025-08-03 00:44:56,518 - INFO - 随机种子已设置为: 42
2025-08-03 00:44:56,518 - ERROR - 实验 80 失败: [Errno 2] No such file or directory: '/cephfs/shared/sunyifan/Min-p-CoT/cephfs/shared/sunyifan/Min-p-CoT/grid_search_results'
2025-08-03 00:44:56,518 - INFO - 开始实验 81: min-p值 = [0.4, 0.6, 0.6, 1.0]
2025-08-03 00:44:56,521 - INFO - 配置文件加载成功: /cephfs/shared/sunyifan/Min-p-CoT/grid_search_results/config_experiment_0.4_0.6_0.6_1.0.json
2025-08-03 00:44:56,521 - INFO - 配置文件验证通过
2025-08-03 00:44:56,522 - INFO - 随机种子已设置为: 42
2025-08-03 00:44:56,522 - ERROR - 实验 81 失败: [Errno 2] No such file or directory: '/cephfs/shared/sunyifan/Min-p-CoT/cephfs/shared/sunyifan/Min-p-CoT/grid_search_results'
2025-08-03 00:44:56,522 - INFO - 开始实验 82: min-p值 = [0.4, 0.6, 0.8, 0.8]
2025-08-03 00:44:56,525 - INFO - 配置文件加载成功: /cephfs/shared/sunyifan/Min-p-CoT/grid_search_results/config_experiment_0.4_0.6_0.8_0.8.json
2025-08-03 00:44:56,525 - INFO - 配置文件验证通过
2025-08-03 00:44:56,525 - INFO - 随机种子已设置为: 42
2025-08-03 00:44:56,526 - ERROR - 实验 82 失败: [Errno 2] No such file or directory: '/cephfs/shared/sunyifan/Min-p-CoT/cephfs/shared/sunyifan/Min-p-CoT/grid_search_results'
2025-08-03 00:44:56,526 - INFO - 开始实验 83: min-p值 = [0.4, 0.6, 0.8, 0.9]
2025-08-03 00:44:56,529 - INFO - 配置文件加载成功: /cephfs/shared/sunyifan/Min-p-CoT/grid_search_results/config_experiment_0.4_0.6_0.8_0.9.json
2025-08-03 00:44:56,529 - INFO - 配置文件验证通过
2025-08-03 00:44:56,529 - INFO - 随机种子已设置为: 42
2025-08-03 00:44:56,529 - ERROR - 实验 83 失败: [Errno 2] No such file or directory: '/cephfs/shared/sunyifan/Min-p-CoT/cephfs/shared/sunyifan/Min-p-CoT/grid_search_results'
2025-08-03 00:44:56,529 - INFO - 开始实验 84: min-p值 = [0.4, 0.6, 0.8, 1.0]
2025-08-03 00:44:56,532 - INFO - 配置文件加载成功: /cephfs/shared/sunyifan/Min-p-CoT/grid_search_results/config_experiment_0.4_0.6_0.8_1.0.json
2025-08-03 00:44:56,533 - INFO - 配置文件验证通过
2025-08-03 00:44:56,533 - INFO - 随机种子已设置为: 42
2025-08-03 00:44:56,533 - ERROR - 实验 84 失败: [Errno 2] No such file or directory: '/cephfs/shared/sunyifan/Min-p-CoT/cephfs/shared/sunyifan/Min-p-CoT/grid_search_results'
2025-08-03 00:44:56,533 - INFO - 开始实验 85: min-p值 = [0.4, 0.8, 0.2, 0.8]
2025-08-03 00:44:56,536 - INFO - 配置文件加载成功: /cephfs/shared/sunyifan/Min-p-CoT/grid_search_results/config_experiment_0.4_0.8_0.2_0.8.json
2025-08-03 00:44:56,537 - INFO - 配置文件验证通过
2025-08-03 00:44:56,537 - INFO - 随机种子已设置为: 42
2025-08-03 00:44:56,537 - ERROR - 实验 85 失败: [Errno 2] No such file or directory: '/cephfs/shared/sunyifan/Min-p-CoT/cephfs/shared/sunyifan/Min-p-CoT/grid_search_results'
2025-08-03 00:44:56,537 - INFO - 开始实验 86: min-p值 = [0.4, 0.8, 0.2, 0.9]
2025-08-03 00:44:56,542 - INFO - 配置文件加载成功: /cephfs/shared/sunyifan/Min-p-CoT/grid_search_results/config_experiment_0.4_0.8_0.2_0.9.json
2025-08-03 00:44:56,542 - INFO - 配置文件验证通过
2025-08-03 00:44:56,542 - INFO - 随机种子已设置为: 42
2025-08-03 00:44:56,542 - ERROR - 实验 86 失败: [Errno 2] No such file or directory: '/cephfs/shared/sunyifan/Min-p-CoT/cephfs/shared/sunyifan/Min-p-CoT/grid_search_results'
2025-08-03 00:44:56,543 - INFO - 开始实验 87: min-p值 = [0.4, 0.8, 0.2, 1.0]
2025-08-03 00:44:56,546 - INFO - 配置文件加载成功: /cephfs/shared/sunyifan/Min-p-CoT/grid_search_results/config_experiment_0.4_0.8_0.2_1.0.json
2025-08-03 00:44:56,546 - INFO - 配置文件验证通过
2025-08-03 00:44:56,547 - INFO - 随机种子已设置为: 42
2025-08-03 00:44:56,547 - ERROR - 实验 87 失败: [Errno 2] No such file or directory: '/cephfs/shared/sunyifan/Min-p-CoT/cephfs/shared/sunyifan/Min-p-CoT/grid_search_results'
2025-08-03 00:44:56,547 - INFO - 开始实验 88: min-p值 = [0.4, 0.8, 0.4, 0.8]
2025-08-03 00:44:56,550 - INFO - 配置文件加载成功: /cephfs/shared/sunyifan/Min-p-CoT/grid_search_results/config_experiment_0.4_0.8_0.4_0.8.json
2025-08-03 00:44:56,550 - INFO - 配置文件验证通过
2025-08-03 00:44:56,551 - INFO - 随机种子已设置为: 42
2025-08-03 00:44:56,551 - ERROR - 实验 88 失败: [Errno 2] No such file or directory: '/cephfs/shared/sunyifan/Min-p-CoT/cephfs/shared/sunyifan/Min-p-CoT/grid_search_results'
2025-08-03 00:44:56,551 - INFO - 开始实验 89: min-p值 = [0.4, 0.8, 0.4, 0.9]
2025-08-03 00:44:56,555 - INFO - 配置文件加载成功: /cephfs/shared/sunyifan/Min-p-CoT/grid_search_results/config_experiment_0.4_0.8_0.4_0.9.json
2025-08-03 00:44:56,555 - INFO - 配置文件验证通过
2025-08-03 00:44:56,556 - INFO - 随机种子已设置为: 42
2025-08-03 00:44:56,556 - ERROR - 实验 89 失败: [Errno 2] No such file or directory: '/cephfs/shared/sunyifan/Min-p-CoT/cephfs/shared/sunyifan/Min-p-CoT/grid_search_results'
2025-08-03 00:44:56,556 - INFO - 开始实验 90: min-p值 = [0.4, 0.8, 0.4, 1.0]
2025-08-03 00:44:56,559 - INFO - 配置文件加载成功: /cephfs/shared/sunyifan/Min-p-CoT/grid_search_results/config_experiment_0.4_0.8_0.4_1.0.json
2025-08-03 00:44:56,559 - INFO - 配置文件验证通过
2025-08-03 00:44:56,560 - INFO - 随机种子已设置为: 42
2025-08-03 00:44:56,560 - ERROR - 实验 90 失败: [Errno 2] No such file or directory: '/cephfs/shared/sunyifan/Min-p-CoT/cephfs/shared/sunyifan/Min-p-CoT/grid_search_results'
2025-08-03 00:44:56,560 - INFO - 开始实验 91: min-p值 = [0.4, 0.8, 0.6, 0.8]
2025-08-03 00:44:56,564 - INFO - 配置文件加载成功: /cephfs/shared/sunyifan/Min-p-CoT/grid_search_results/config_experiment_0.4_0.8_0.6_0.8.json
2025-08-03 00:44:56,564 - INFO - 配置文件验证通过
2025-08-03 00:44:56,565 - INFO - 随机种子已设置为: 42
2025-08-03 00:44:56,565 - ERROR - 实验 91 失败: [Errno 2] No such file or directory: '/cephfs/shared/sunyifan/Min-p-CoT/cephfs/shared/sunyifan/Min-p-CoT/grid_search_results'
2025-08-03 00:44:56,565 - INFO - 开始实验 92: min-p值 = [0.4, 0.8, 0.6, 0.9]
2025-08-03 00:44:56,568 - INFO - 配置文件加载成功: /cephfs/shared/sunyifan/Min-p-CoT/grid_search_results/config_experiment_0.4_0.8_0.6_0.9.json
2025-08-03 00:44:56,568 - INFO - 配置文件验证通过
2025-08-03 00:44:56,569 - INFO - 随机种子已设置为: 42
2025-08-03 00:44:56,569 - ERROR - 实验 92 失败: [Errno 2] No such file or directory: '/cephfs/shared/sunyifan/Min-p-CoT/cephfs/shared/sunyifan/Min-p-CoT/grid_search_results'
2025-08-03 00:44:56,569 - INFO - 开始实验 93: min-p值 = [0.4, 0.8, 0.6, 1.0]
2025-08-03 00:44:56,572 - INFO - 配置文件加载成功: /cephfs/shared/sunyifan/Min-p-CoT/grid_search_results/config_experiment_0.4_0.8_0.6_1.0.json
2025-08-03 00:44:56,572 - INFO - 配置文件验证通过
2025-08-03 00:44:56,573 - INFO - 随机种子已设置为: 42
2025-08-03 00:44:56,573 - ERROR - 实验 93 失败: [Errno 2] No such file or directory: '/cephfs/shared/sunyifan/Min-p-CoT/cephfs/shared/sunyifan/Min-p-CoT/grid_search_results'
2025-08-03 00:44:56,573 - INFO - 开始实验 94: min-p值 = [0.4, 0.8, 0.8, 0.8]
2025-08-03 00:44:56,576 - INFO - 配置文件加载成功: /cephfs/shared/sunyifan/Min-p-CoT/grid_search_results/config_experiment_0.4_0.8_0.8_0.8.json
2025-08-03 00:44:56,576 - INFO - 配置文件验证通过
2025-08-03 00:44:56,577 - INFO - 随机种子已设置为: 42
2025-08-03 00:44:56,577 - ERROR - 实验 94 失败: [Errno 2] No such file or directory: '/cephfs/shared/sunyifan/Min-p-CoT/cephfs/shared/sunyifan/Min-p-CoT/grid_search_results'
2025-08-03 00:44:56,577 - INFO - 开始实验 95: min-p值 = [0.4, 0.8, 0.8, 0.9]
2025-08-03 00:44:56,582 - INFO - 配置文件加载成功: /cephfs/shared/sunyifan/Min-p-CoT/grid_search_results/config_experiment_0.4_0.8_0.8_0.9.json
2025-08-03 00:44:56,582 - INFO - 配置文件验证通过
2025-08-03 00:44:56,583 - INFO - 随机种子已设置为: 42
2025-08-03 00:44:56,583 - ERROR - 实验 95 失败: [Errno 2] No such file or directory: '/cephfs/shared/sunyifan/Min-p-CoT/cephfs/shared/sunyifan/Min-p-CoT/grid_search_results'
2025-08-03 00:44:56,583 - INFO - 开始实验 96: min-p值 = [0.4, 0.8, 0.8, 1.0]
2025-08-03 00:44:56,587 - INFO - 配置文件加载成功: /cephfs/shared/sunyifan/Min-p-CoT/grid_search_results/config_experiment_0.4_0.8_0.8_1.0.json
2025-08-03 00:44:56,587 - INFO - 配置文件验证通过
2025-08-03 00:44:56,587 - INFO - 随机种子已设置为: 42
2025-08-03 00:44:56,587 - ERROR - 实验 96 失败: [Errno 2] No such file or directory: '/cephfs/shared/sunyifan/Min-p-CoT/cephfs/shared/sunyifan/Min-p-CoT/grid_search_results'
2025-08-03 00:44:56,588 - INFO - 开始实验 97: min-p值 = [0.6, 0.2, 0.2, 0.8]
2025-08-03 00:44:56,590 - INFO - 配置文件加载成功: /cephfs/shared/sunyifan/Min-p-CoT/grid_search_results/config_experiment_0.6_0.2_0.2_0.8.json
2025-08-03 00:44:56,590 - INFO - 配置文件验证通过
2025-08-03 00:44:56,591 - INFO - 随机种子已设置为: 42
2025-08-03 00:44:56,591 - ERROR - 实验 97 失败: [Errno 2] No such file or directory: '/cephfs/shared/sunyifan/Min-p-CoT/cephfs/shared/sunyifan/Min-p-CoT/grid_search_results'
2025-08-03 00:44:56,591 - INFO - 开始实验 98: min-p值 = [0.6, 0.2, 0.2, 0.9]
2025-08-03 00:44:56,594 - INFO - 配置文件加载成功: /cephfs/shared/sunyifan/Min-p-CoT/grid_search_results/config_experiment_0.6_0.2_0.2_0.9.json
2025-08-03 00:44:56,595 - INFO - 配置文件验证通过
2025-08-03 00:44:56,595 - INFO - 随机种子已设置为: 42
2025-08-03 00:44:56,595 - ERROR - 实验 98 失败: [Errno 2] No such file or directory: '/cephfs/shared/sunyifan/Min-p-CoT/cephfs/shared/sunyifan/Min-p-CoT/grid_search_results'
2025-08-03 00:44:56,595 - INFO - 开始实验 99: min-p值 = [0.6, 0.2, 0.2, 1.0]
2025-08-03 00:44:56,599 - INFO - 配置文件加载成功: /cephfs/shared/sunyifan/Min-p-CoT/grid_search_results/config_experiment_0.6_0.2_0.2_1.0.json
2025-08-03 00:44:56,599 - INFO - 配置文件验证通过
2025-08-03 00:44:56,600 - INFO - 随机种子已设置为: 42
2025-08-03 00:44:56,600 - ERROR - 实验 99 失败: [Errno 2] No such file or directory: '/cephfs/shared/sunyifan/Min-p-CoT/cephfs/shared/sunyifan/Min-p-CoT/grid_search_results'
2025-08-03 00:44:56,600 - INFO - 开始实验 100: min-p值 = [0.6, 0.2, 0.4, 0.8]
2025-08-03 00:44:56,603 - INFO - 配置文件加载成功: /cephfs/shared/sunyifan/Min-p-CoT/grid_search_results/config_experiment_0.6_0.2_0.4_0.8.json
2025-08-03 00:44:56,603 - INFO - 配置文件验证通过
2025-08-03 00:44:56,604 - INFO - 随机种子已设置为: 42
2025-08-03 00:44:56,604 - ERROR - 实验 100 失败: [Errno 2] No such file or directory: '/cephfs/shared/sunyifan/Min-p-CoT/cephfs/shared/sunyifan/Min-p-CoT/grid_search_results'
2025-08-03 00:44:56,604 - INFO - 开始实验 101: min-p值 = [0.6, 0.2, 0.4, 0.9]
2025-08-03 00:44:56,607 - INFO - 配置文件加载成功: /cephfs/shared/sunyifan/Min-p-CoT/grid_search_results/config_experiment_0.6_0.2_0.4_0.9.json
2025-08-03 00:44:56,607 - INFO - 配置文件验证通过
2025-08-03 00:44:56,607 - INFO - 随机种子已设置为: 42
2025-08-03 00:44:56,608 - ERROR - 实验 101 失败: [Errno 2] No such file or directory: '/cephfs/shared/sunyifan/Min-p-CoT/cephfs/shared/sunyifan/Min-p-CoT/grid_search_results'
2025-08-03 00:44:56,608 - INFO - 开始实验 102: min-p值 = [0.6, 0.2, 0.4, 1.0]
2025-08-03 00:44:56,611 - INFO - 配置文件加载成功: /cephfs/shared/sunyifan/Min-p-CoT/grid_search_results/config_experiment_0.6_0.2_0.4_1.0.json
2025-08-03 00:44:56,611 - INFO - 配置文件验证通过
2025-08-03 00:44:56,611 - INFO - 随机种子已设置为: 42
2025-08-03 00:44:56,611 - ERROR - 实验 102 失败: [Errno 2] No such file or directory: '/cephfs/shared/sunyifan/Min-p-CoT/cephfs/shared/sunyifan/Min-p-CoT/grid_search_results'
2025-08-03 00:44:56,611 - INFO - 开始实验 103: min-p值 = [0.6, 0.2, 0.6, 0.8]
2025-08-03 00:44:56,615 - INFO - 配置文件加载成功: /cephfs/shared/sunyifan/Min-p-CoT/grid_search_results/config_experiment_0.6_0.2_0.6_0.8.json
2025-08-03 00:44:56,615 - INFO - 配置文件验证通过
2025-08-03 00:44:56,615 - INFO - 随机种子已设置为: 42
2025-08-03 00:44:56,615 - ERROR - 实验 103 失败: [Errno 2] No such file or directory: '/cephfs/shared/sunyifan/Min-p-CoT/cephfs/shared/sunyifan/Min-p-CoT/grid_search_results'
2025-08-03 00:44:56,615 - INFO - 开始实验 104: min-p值 = [0.6, 0.2, 0.6, 0.9]
2025-08-03 00:44:56,618 - INFO - 配置文件加载成功: /cephfs/shared/sunyifan/Min-p-CoT/grid_search_results/config_experiment_0.6_0.2_0.6_0.9.json
2025-08-03 00:44:56,618 - INFO - 配置文件验证通过
2025-08-03 00:44:56,619 - INFO - 随机种子已设置为: 42
2025-08-03 00:44:56,619 - ERROR - 实验 104 失败: [Errno 2] No such file or directory: '/cephfs/shared/sunyifan/Min-p-CoT/cephfs/shared/sunyifan/Min-p-CoT/grid_search_results'
2025-08-03 00:44:56,619 - INFO - 开始实验 105: min-p值 = [0.6, 0.2, 0.6, 1.0]
2025-08-03 00:44:56,622 - INFO - 配置文件加载成功: /cephfs/shared/sunyifan/Min-p-CoT/grid_search_results/config_experiment_0.6_0.2_0.6_1.0.json
2025-08-03 00:44:56,622 - INFO - 配置文件验证通过
2025-08-03 00:44:56,623 - INFO - 随机种子已设置为: 42
2025-08-03 00:44:56,623 - ERROR - 实验 105 失败: [Errno 2] No such file or directory: '/cephfs/shared/sunyifan/Min-p-CoT/cephfs/shared/sunyifan/Min-p-CoT/grid_search_results'
2025-08-03 00:44:56,623 - INFO - 开始实验 106: min-p值 = [0.6, 0.2, 0.8, 0.8]
2025-08-03 00:44:56,626 - INFO - 配置文件加载成功: /cephfs/shared/sunyifan/Min-p-CoT/grid_search_results/config_experiment_0.6_0.2_0.8_0.8.json
2025-08-03 00:44:56,626 - INFO - 配置文件验证通过
2025-08-03 00:44:56,627 - INFO - 随机种子已设置为: 42
2025-08-03 00:44:56,627 - ERROR - 实验 106 失败: [Errno 2] No such file or directory: '/cephfs/shared/sunyifan/Min-p-CoT/cephfs/shared/sunyifan/Min-p-CoT/grid_search_results'
2025-08-03 00:44:56,627 - INFO - 开始实验 107: min-p值 = [0.6, 0.2, 0.8, 0.9]
2025-08-03 00:44:56,630 - INFO - 配置文件加载成功: /cephfs/shared/sunyifan/Min-p-CoT/grid_search_results/config_experiment_0.6_0.2_0.8_0.9.json
2025-08-03 00:44:56,630 - INFO - 配置文件验证通过
2025-08-03 00:44:56,631 - INFO - 随机种子已设置为: 42
2025-08-03 00:44:56,631 - ERROR - 实验 107 失败: [Errno 2] No such file or directory: '/cephfs/shared/sunyifan/Min-p-CoT/cephfs/shared/sunyifan/Min-p-CoT/grid_search_results'
2025-08-03 00:44:56,631 - INFO - 开始实验 108: min-p值 = [0.6, 0.2, 0.8, 1.0]
2025-08-03 00:44:56,634 - INFO - 配置文件加载成功: /cephfs/shared/sunyifan/Min-p-CoT/grid_search_results/config_experiment_0.6_0.2_0.8_1.0.json
2025-08-03 00:44:56,634 - INFO - 配置文件验证通过
2025-08-03 00:44:56,634 - INFO - 随机种子已设置为: 42
2025-08-03 00:44:56,635 - ERROR - 实验 108 失败: [Errno 2] No such file or directory: '/cephfs/shared/sunyifan/Min-p-CoT/cephfs/shared/sunyifan/Min-p-CoT/grid_search_results'
2025-08-03 00:44:56,635 - INFO - 开始实验 109: min-p值 = [0.6, 0.4, 0.2, 0.8]
2025-08-03 00:44:56,638 - INFO - 配置文件加载成功: /cephfs/shared/sunyifan/Min-p-CoT/grid_search_results/config_experiment_0.6_0.4_0.2_0.8.json
2025-08-03 00:44:56,638 - INFO - 配置文件验证通过
2025-08-03 00:44:56,638 - INFO - 随机种子已设置为: 42
2025-08-03 00:44:56,638 - ERROR - 实验 109 失败: [Errno 2] No such file or directory: '/cephfs/shared/sunyifan/Min-p-CoT/cephfs/shared/sunyifan/Min-p-CoT/grid_search_results'
2025-08-03 00:44:56,639 - INFO - 开始实验 110: min-p值 = [0.6, 0.4, 0.2, 0.9]
2025-08-03 00:44:56,642 - INFO - 配置文件加载成功: /cephfs/shared/sunyifan/Min-p-CoT/grid_search_results/config_experiment_0.6_0.4_0.2_0.9.json
2025-08-03 00:44:56,643 - INFO - 配置文件验证通过
2025-08-03 00:44:56,643 - INFO - 随机种子已设置为: 42
2025-08-03 00:44:56,643 - ERROR - 实验 110 失败: [Errno 2] No such file or directory: '/cephfs/shared/sunyifan/Min-p-CoT/cephfs/shared/sunyifan/Min-p-CoT/grid_search_results'
2025-08-03 00:44:56,643 - INFO - 开始实验 111: min-p值 = [0.6, 0.4, 0.2, 1.0]
2025-08-03 00:44:56,646 - INFO - 配置文件加载成功: /cephfs/shared/sunyifan/Min-p-CoT/grid_search_results/config_experiment_0.6_0.4_0.2_1.0.json
2025-08-03 00:44:56,647 - INFO - 配置文件验证通过
2025-08-03 00:44:56,647 - INFO - 随机种子已设置为: 42
2025-08-03 00:44:56,647 - ERROR - 实验 111 失败: [Errno 2] No such file or directory: '/cephfs/shared/sunyifan/Min-p-CoT/cephfs/shared/sunyifan/Min-p-CoT/grid_search_results'
2025-08-03 00:44:56,647 - INFO - 开始实验 112: min-p值 = [0.6, 0.4, 0.4, 0.8]
2025-08-03 00:44:56,650 - INFO - 配置文件加载成功: /cephfs/shared/sunyifan/Min-p-CoT/grid_search_results/config_experiment_0.6_0.4_0.4_0.8.json
2025-08-03 00:44:56,650 - INFO - 配置文件验证通过
2025-08-03 00:44:56,651 - INFO - 随机种子已设置为: 42
2025-08-03 00:44:56,651 - ERROR - 实验 112 失败: [Errno 2] No such file or directory: '/cephfs/shared/sunyifan/Min-p-CoT/cephfs/shared/sunyifan/Min-p-CoT/grid_search_results'
2025-08-03 00:44:56,651 - INFO - 开始实验 113: min-p值 = [0.6, 0.4, 0.4, 0.9]
2025-08-03 00:44:56,654 - INFO - 配置文件加载成功: /cephfs/shared/sunyifan/Min-p-CoT/grid_search_results/config_experiment_0.6_0.4_0.4_0.9.json
2025-08-03 00:44:56,655 - INFO - 配置文件验证通过
2025-08-03 00:44:56,655 - INFO - 随机种子已设置为: 42
2025-08-03 00:44:56,655 - ERROR - 实验 113 失败: [Errno 2] No such file or directory: '/cephfs/shared/sunyifan/Min-p-CoT/cephfs/shared/sunyifan/Min-p-CoT/grid_search_results'
2025-08-03 00:44:56,655 - INFO - 开始实验 114: min-p值 = [0.6, 0.4, 0.4, 1.0]
2025-08-03 00:44:56,658 - INFO - 配置文件加载成功: /cephfs/shared/sunyifan/Min-p-CoT/grid_search_results/config_experiment_0.6_0.4_0.4_1.0.json
2025-08-03 00:44:56,658 - INFO - 配置文件验证通过
2025-08-03 00:44:56,659 - INFO - 随机种子已设置为: 42
2025-08-03 00:44:56,659 - ERROR - 实验 114 失败: [Errno 2] No such file or directory: '/cephfs/shared/sunyifan/Min-p-CoT/cephfs/shared/sunyifan/Min-p-CoT/grid_search_results'
2025-08-03 00:44:56,659 - INFO - 开始实验 115: min-p值 = [0.6, 0.4, 0.6, 0.8]
2025-08-03 00:44:56,662 - INFO - 配置文件加载成功: /cephfs/shared/sunyifan/Min-p-CoT/grid_search_results/config_experiment_0.6_0.4_0.6_0.8.json
2025-08-03 00:44:56,662 - INFO - 配置文件验证通过
2025-08-03 00:44:56,663 - INFO - 随机种子已设置为: 42
2025-08-03 00:44:56,663 - ERROR - 实验 115 失败: [Errno 2] No such file or directory: '/cephfs/shared/sunyifan/Min-p-CoT/cephfs/shared/sunyifan/Min-p-CoT/grid_search_results'
2025-08-03 00:44:56,663 - INFO - 开始实验 116: min-p值 = [0.6, 0.4, 0.6, 0.9]
2025-08-03 00:44:56,666 - INFO - 配置文件加载成功: /cephfs/shared/sunyifan/Min-p-CoT/grid_search_results/config_experiment_0.6_0.4_0.6_0.9.json
2025-08-03 00:44:56,666 - INFO - 配置文件验证通过
2025-08-03 00:44:56,666 - INFO - 随机种子已设置为: 42
2025-08-03 00:44:56,667 - ERROR - 实验 116 失败: [Errno 2] No such file or directory: '/cephfs/shared/sunyifan/Min-p-CoT/cephfs/shared/sunyifan/Min-p-CoT/grid_search_results'
2025-08-03 00:44:56,667 - INFO - 开始实验 117: min-p值 = [0.6, 0.4, 0.6, 1.0]
2025-08-03 00:44:56,670 - INFO - 配置文件加载成功: /cephfs/shared/sunyifan/Min-p-CoT/grid_search_results/config_experiment_0.6_0.4_0.6_1.0.json
2025-08-03 00:44:56,670 - INFO - 配置文件验证通过
2025-08-03 00:44:56,670 - INFO - 随机种子已设置为: 42
2025-08-03 00:44:56,670 - ERROR - 实验 117 失败: [Errno 2] No such file or directory: '/cephfs/shared/sunyifan/Min-p-CoT/cephfs/shared/sunyifan/Min-p-CoT/grid_search_results'
2025-08-03 00:44:56,671 - INFO - 开始实验 118: min-p值 = [0.6, 0.4, 0.8, 0.8]
2025-08-03 00:44:56,674 - INFO - 配置文件加载成功: /cephfs/shared/sunyifan/Min-p-CoT/grid_search_results/config_experiment_0.6_0.4_0.8_0.8.json
2025-08-03 00:44:56,674 - INFO - 配置文件验证通过
2025-08-03 00:44:56,675 - INFO - 随机种子已设置为: 42
2025-08-03 00:44:56,675 - ERROR - 实验 118 失败: [Errno 2] No such file or directory: '/cephfs/shared/sunyifan/Min-p-CoT/cephfs/shared/sunyifan/Min-p-CoT/grid_search_results'
2025-08-03 00:44:56,675 - INFO - 开始实验 119: min-p值 = [0.6, 0.4, 0.8, 0.9]
2025-08-03 00:44:56,679 - INFO - 配置文件加载成功: /cephfs/shared/sunyifan/Min-p-CoT/grid_search_results/config_experiment_0.6_0.4_0.8_0.9.json
2025-08-03 00:44:56,679 - INFO - 配置文件验证通过
2025-08-03 00:44:56,680 - INFO - 随机种子已设置为: 42
2025-08-03 00:44:56,680 - ERROR - 实验 119 失败: [Errno 2] No such file or directory: '/cephfs/shared/sunyifan/Min-p-CoT/cephfs/shared/sunyifan/Min-p-CoT/grid_search_results'
2025-08-03 00:44:56,680 - INFO - 开始实验 120: min-p值 = [0.6, 0.4, 0.8, 1.0]
2025-08-03 00:44:56,683 - INFO - 配置文件加载成功: /cephfs/shared/sunyifan/Min-p-CoT/grid_search_results/config_experiment_0.6_0.4_0.8_1.0.json
2025-08-03 00:44:56,683 - INFO - 配置文件验证通过
2025-08-03 00:44:56,684 - INFO - 随机种子已设置为: 42
2025-08-03 00:44:56,684 - ERROR - 实验 120 失败: [Errno 2] No such file or directory: '/cephfs/shared/sunyifan/Min-p-CoT/cephfs/shared/sunyifan/Min-p-CoT/grid_search_results'
2025-08-03 00:44:56,684 - INFO - 开始实验 121: min-p值 = [0.6, 0.6, 0.2, 0.8]
2025-08-03 00:44:56,687 - INFO - 配置文件加载成功: /cephfs/shared/sunyifan/Min-p-CoT/grid_search_results/config_experiment_0.6_0.6_0.2_0.8.json
2025-08-03 00:44:56,687 - INFO - 配置文件验证通过
2025-08-03 00:44:56,687 - INFO - 随机种子已设置为: 42
2025-08-03 00:44:56,687 - ERROR - 实验 121 失败: [Errno 2] No such file or directory: '/cephfs/shared/sunyifan/Min-p-CoT/cephfs/shared/sunyifan/Min-p-CoT/grid_search_results'
2025-08-03 00:44:56,688 - INFO - 开始实验 122: min-p值 = [0.6, 0.6, 0.2, 0.9]
2025-08-03 00:44:56,691 - INFO - 配置文件加载成功: /cephfs/shared/sunyifan/Min-p-CoT/grid_search_results/config_experiment_0.6_0.6_0.2_0.9.json
2025-08-03 00:44:56,691 - INFO - 配置文件验证通过
2025-08-03 00:44:56,691 - INFO - 随机种子已设置为: 42
2025-08-03 00:44:56,691 - ERROR - 实验 122 失败: [Errno 2] No such file or directory: '/cephfs/shared/sunyifan/Min-p-CoT/cephfs/shared/sunyifan/Min-p-CoT/grid_search_results'
2025-08-03 00:44:56,691 - INFO - 开始实验 123: min-p值 = [0.6, 0.6, 0.2, 1.0]
2025-08-03 00:44:56,694 - INFO - 配置文件加载成功: /cephfs/shared/sunyifan/Min-p-CoT/grid_search_results/config_experiment_0.6_0.6_0.2_1.0.json
2025-08-03 00:44:56,695 - INFO - 配置文件验证通过
2025-08-03 00:44:56,695 - INFO - 随机种子已设置为: 42
2025-08-03 00:44:56,695 - ERROR - 实验 123 失败: [Errno 2] No such file or directory: '/cephfs/shared/sunyifan/Min-p-CoT/cephfs/shared/sunyifan/Min-p-CoT/grid_search_results'
2025-08-03 00:44:56,695 - INFO - 开始实验 124: min-p值 = [0.6, 0.6, 0.4, 0.8]
2025-08-03 00:44:56,698 - INFO - 配置文件加载成功: /cephfs/shared/sunyifan/Min-p-CoT/grid_search_results/config_experiment_0.6_0.6_0.4_0.8.json
2025-08-03 00:44:56,698 - INFO - 配置文件验证通过
2025-08-03 00:44:56,699 - INFO - 随机种子已设置为: 42
2025-08-03 00:44:56,699 - ERROR - 实验 124 失败: [Errno 2] No such file or directory: '/cephfs/shared/sunyifan/Min-p-CoT/cephfs/shared/sunyifan/Min-p-CoT/grid_search_results'
2025-08-03 00:44:56,699 - INFO - 开始实验 125: min-p值 = [0.6, 0.6, 0.4, 0.9]
2025-08-03 00:44:56,702 - INFO - 配置文件加载成功: /cephfs/shared/sunyifan/Min-p-CoT/grid_search_results/config_experiment_0.6_0.6_0.4_0.9.json
2025-08-03 00:44:56,702 - INFO - 配置文件验证通过
2025-08-03 00:44:56,703 - INFO - 随机种子已设置为: 42
2025-08-03 00:44:56,703 - ERROR - 实验 125 失败: [Errno 2] No such file or directory: '/cephfs/shared/sunyifan/Min-p-CoT/cephfs/shared/sunyifan/Min-p-CoT/grid_search_results'
2025-08-03 00:44:56,703 - INFO - 开始实验 126: min-p值 = [0.6, 0.6, 0.4, 1.0]
2025-08-03 00:44:56,706 - INFO - 配置文件加载成功: /cephfs/shared/sunyifan/Min-p-CoT/grid_search_results/config_experiment_0.6_0.6_0.4_1.0.json
2025-08-03 00:44:56,706 - INFO - 配置文件验证通过
2025-08-03 00:44:56,706 - INFO - 随机种子已设置为: 42
2025-08-03 00:44:56,706 - ERROR - 实验 126 失败: [Errno 2] No such file or directory: '/cephfs/shared/sunyifan/Min-p-CoT/cephfs/shared/sunyifan/Min-p-CoT/grid_search_results'
2025-08-03 00:44:56,707 - INFO - 开始实验 127: min-p值 = [0.6, 0.6, 0.6, 0.8]
2025-08-03 00:44:56,709 - INFO - 配置文件加载成功: /cephfs/shared/sunyifan/Min-p-CoT/grid_search_results/config_experiment_0.6_0.6_0.6_0.8.json
2025-08-03 00:44:56,709 - INFO - 配置文件验证通过
2025-08-03 00:44:56,710 - INFO - 随机种子已设置为: 42
2025-08-03 00:44:56,710 - ERROR - 实验 127 失败: [Errno 2] No such file or directory: '/cephfs/shared/sunyifan/Min-p-CoT/cephfs/shared/sunyifan/Min-p-CoT/grid_search_results'
2025-08-03 00:44:56,710 - INFO - 开始实验 128: min-p值 = [0.6, 0.6, 0.6, 0.9]
2025-08-03 00:44:56,713 - INFO - 配置文件加载成功: /cephfs/shared/sunyifan/Min-p-CoT/grid_search_results/config_experiment_0.6_0.6_0.6_0.9.json
2025-08-03 00:44:56,714 - INFO - 配置文件验证通过
2025-08-03 00:44:56,714 - INFO - 随机种子已设置为: 42
2025-08-03 00:44:56,714 - ERROR - 实验 128 失败: [Errno 2] No such file or directory: '/cephfs/shared/sunyifan/Min-p-CoT/cephfs/shared/sunyifan/Min-p-CoT/grid_search_results'
2025-08-03 00:44:56,714 - INFO - 开始实验 129: min-p值 = [0.6, 0.6, 0.6, 1.0]
2025-08-03 00:44:56,717 - INFO - 配置文件加载成功: /cephfs/shared/sunyifan/Min-p-CoT/grid_search_results/config_experiment_0.6_0.6_0.6_1.0.json
2025-08-03 00:44:56,717 - INFO - 配置文件验证通过
2025-08-03 00:44:56,718 - INFO - 随机种子已设置为: 42
2025-08-03 00:44:56,718 - ERROR - 实验 129 失败: [Errno 2] No such file or directory: '/cephfs/shared/sunyifan/Min-p-CoT/cephfs/shared/sunyifan/Min-p-CoT/grid_search_results'
2025-08-03 00:44:56,718 - INFO - 开始实验 130: min-p值 = [0.6, 0.6, 0.8, 0.8]
2025-08-03 00:44:56,721 - INFO - 配置文件加载成功: /cephfs/shared/sunyifan/Min-p-CoT/grid_search_results/config_experiment_0.6_0.6_0.8_0.8.json
2025-08-03 00:44:56,721 - INFO - 配置文件验证通过
2025-08-03 00:44:56,721 - INFO - 随机种子已设置为: 42
2025-08-03 00:44:56,722 - ERROR - 实验 130 失败: [Errno 2] No such file or directory: '/cephfs/shared/sunyifan/Min-p-CoT/cephfs/shared/sunyifan/Min-p-CoT/grid_search_results'
2025-08-03 00:44:56,722 - INFO - 开始实验 131: min-p值 = [0.6, 0.6, 0.8, 0.9]
2025-08-03 00:44:56,725 - INFO - 配置文件加载成功: /cephfs/shared/sunyifan/Min-p-CoT/grid_search_results/config_experiment_0.6_0.6_0.8_0.9.json
2025-08-03 00:44:56,725 - INFO - 配置文件验证通过
2025-08-03 00:44:56,726 - INFO - 随机种子已设置为: 42
2025-08-03 00:44:56,726 - ERROR - 实验 131 失败: [Errno 2] No such file or directory: '/cephfs/shared/sunyifan/Min-p-CoT/cephfs/shared/sunyifan/Min-p-CoT/grid_search_results'
2025-08-03 00:44:56,726 - INFO - 开始实验 132: min-p值 = [0.6, 0.6, 0.8, 1.0]
2025-08-03 00:44:56,729 - INFO - 配置文件加载成功: /cephfs/shared/sunyifan/Min-p-CoT/grid_search_results/config_experiment_0.6_0.6_0.8_1.0.json
2025-08-03 00:44:56,729 - INFO - 配置文件验证通过
2025-08-03 00:44:56,729 - INFO - 随机种子已设置为: 42
2025-08-03 00:44:56,729 - ERROR - 实验 132 失败: [Errno 2] No such file or directory: '/cephfs/shared/sunyifan/Min-p-CoT/cephfs/shared/sunyifan/Min-p-CoT/grid_search_results'
2025-08-03 00:44:56,730 - INFO - 开始实验 133: min-p值 = [0.6, 0.8, 0.2, 0.8]
2025-08-03 00:44:56,734 - INFO - 配置文件加载成功: /cephfs/shared/sunyifan/Min-p-CoT/grid_search_results/config_experiment_0.6_0.8_0.2_0.8.json
2025-08-03 00:44:56,735 - INFO - 配置文件验证通过
2025-08-03 00:44:56,735 - INFO - 随机种子已设置为: 42
2025-08-03 00:44:56,735 - ERROR - 实验 133 失败: [Errno 2] No such file or directory: '/cephfs/shared/sunyifan/Min-p-CoT/cephfs/shared/sunyifan/Min-p-CoT/grid_search_results'
2025-08-03 00:44:56,735 - INFO - 开始实验 134: min-p值 = [0.6, 0.8, 0.2, 0.9]
2025-08-03 00:44:56,738 - INFO - 配置文件加载成功: /cephfs/shared/sunyifan/Min-p-CoT/grid_search_results/config_experiment_0.6_0.8_0.2_0.9.json
2025-08-03 00:44:56,739 - INFO - 配置文件验证通过
2025-08-03 00:44:56,739 - INFO - 随机种子已设置为: 42
2025-08-03 00:44:56,739 - ERROR - 实验 134 失败: [Errno 2] No such file or directory: '/cephfs/shared/sunyifan/Min-p-CoT/cephfs/shared/sunyifan/Min-p-CoT/grid_search_results'
2025-08-03 00:44:56,739 - INFO - 开始实验 135: min-p值 = [0.6, 0.8, 0.2, 1.0]
2025-08-03 00:44:56,743 - INFO - 配置文件加载成功: /cephfs/shared/sunyifan/Min-p-CoT/grid_search_results/config_experiment_0.6_0.8_0.2_1.0.json
2025-08-03 00:44:56,743 - INFO - 配置文件验证通过
2025-08-03 00:44:56,743 - INFO - 随机种子已设置为: 42
2025-08-03 00:44:56,743 - ERROR - 实验 135 失败: [Errno 2] No such file or directory: '/cephfs/shared/sunyifan/Min-p-CoT/cephfs/shared/sunyifan/Min-p-CoT/grid_search_results'
2025-08-03 00:44:56,743 - INFO - 开始实验 136: min-p值 = [0.6, 0.8, 0.4, 0.8]
2025-08-03 00:44:56,747 - INFO - 配置文件加载成功: /cephfs/shared/sunyifan/Min-p-CoT/grid_search_results/config_experiment_0.6_0.8_0.4_0.8.json
2025-08-03 00:44:56,747 - INFO - 配置文件验证通过
2025-08-03 00:44:56,748 - INFO - 随机种子已设置为: 42
2025-08-03 00:44:56,748 - ERROR - 实验 136 失败: [Errno 2] No such file or directory: '/cephfs/shared/sunyifan/Min-p-CoT/cephfs/shared/sunyifan/Min-p-CoT/grid_search_results'
2025-08-03 00:44:56,748 - INFO - 开始实验 137: min-p值 = [0.6, 0.8, 0.4, 0.9]
2025-08-03 00:44:56,751 - INFO - 配置文件加载成功: /cephfs/shared/sunyifan/Min-p-CoT/grid_search_results/config_experiment_0.6_0.8_0.4_0.9.json
2025-08-03 00:44:56,751 - INFO - 配置文件验证通过
2025-08-03 00:44:56,752 - INFO - 随机种子已设置为: 42
2025-08-03 00:44:56,752 - ERROR - 实验 137 失败: [Errno 2] No such file or directory: '/cephfs/shared/sunyifan/Min-p-CoT/cephfs/shared/sunyifan/Min-p-CoT/grid_search_results'
2025-08-03 00:44:56,752 - INFO - 开始实验 138: min-p值 = [0.6, 0.8, 0.4, 1.0]
2025-08-03 00:44:56,755 - INFO - 配置文件加载成功: /cephfs/shared/sunyifan/Min-p-CoT/grid_search_results/config_experiment_0.6_0.8_0.4_1.0.json
2025-08-03 00:44:56,755 - INFO - 配置文件验证通过
2025-08-03 00:44:56,756 - INFO - 随机种子已设置为: 42
2025-08-03 00:44:56,756 - ERROR - 实验 138 失败: [Errno 2] No such file or directory: '/cephfs/shared/sunyifan/Min-p-CoT/cephfs/shared/sunyifan/Min-p-CoT/grid_search_results'
2025-08-03 00:44:56,756 - INFO - 开始实验 139: min-p值 = [0.6, 0.8, 0.6, 0.8]
2025-08-03 00:44:56,760 - INFO - 配置文件加载成功: /cephfs/shared/sunyifan/Min-p-CoT/grid_search_results/config_experiment_0.6_0.8_0.6_0.8.json
2025-08-03 00:44:56,760 - INFO - 配置文件验证通过
2025-08-03 00:44:56,760 - INFO - 随机种子已设置为: 42
2025-08-03 00:44:56,761 - ERROR - 实验 139 失败: [Errno 2] No such file or directory: '/cephfs/shared/sunyifan/Min-p-CoT/cephfs/shared/sunyifan/Min-p-CoT/grid_search_results'
2025-08-03 00:44:56,761 - INFO - 开始实验 140: min-p值 = [0.6, 0.8, 0.6, 0.9]
2025-08-03 00:44:56,764 - INFO - 配置文件加载成功: /cephfs/shared/sunyifan/Min-p-CoT/grid_search_results/config_experiment_0.6_0.8_0.6_0.9.json
2025-08-03 00:44:56,764 - INFO - 配置文件验证通过
2025-08-03 00:44:56,764 - INFO - 随机种子已设置为: 42
2025-08-03 00:44:56,764 - ERROR - 实验 140 失败: [Errno 2] No such file or directory: '/cephfs/shared/sunyifan/Min-p-CoT/cephfs/shared/sunyifan/Min-p-CoT/grid_search_results'
2025-08-03 00:44:56,764 - INFO - 开始实验 141: min-p值 = [0.6, 0.8, 0.6, 1.0]
2025-08-03 00:44:56,767 - INFO - 配置文件加载成功: /cephfs/shared/sunyifan/Min-p-CoT/grid_search_results/config_experiment_0.6_0.8_0.6_1.0.json
2025-08-03 00:44:56,767 - INFO - 配置文件验证通过
2025-08-03 00:44:56,768 - INFO - 随机种子已设置为: 42
2025-08-03 00:44:56,768 - ERROR - 实验 141 失败: [Errno 2] No such file or directory: '/cephfs/shared/sunyifan/Min-p-CoT/cephfs/shared/sunyifan/Min-p-CoT/grid_search_results'
2025-08-03 00:44:56,768 - INFO - 开始实验 142: min-p值 = [0.6, 0.8, 0.8, 0.8]
2025-08-03 00:44:56,771 - INFO - 配置文件加载成功: /cephfs/shared/sunyifan/Min-p-CoT/grid_search_results/config_experiment_0.6_0.8_0.8_0.8.json
2025-08-03 00:44:56,771 - INFO - 配置文件验证通过
2025-08-03 00:44:56,772 - INFO - 随机种子已设置为: 42
2025-08-03 00:44:56,772 - ERROR - 实验 142 失败: [Errno 2] No such file or directory: '/cephfs/shared/sunyifan/Min-p-CoT/cephfs/shared/sunyifan/Min-p-CoT/grid_search_results'
2025-08-03 00:44:56,772 - INFO - 开始实验 143: min-p值 = [0.6, 0.8, 0.8, 0.9]
2025-08-03 00:44:56,775 - INFO - 配置文件加载成功: /cephfs/shared/sunyifan/Min-p-CoT/grid_search_results/config_experiment_0.6_0.8_0.8_0.9.json
2025-08-03 00:44:56,775 - INFO - 配置文件验证通过
2025-08-03 00:44:56,776 - INFO - 随机种子已设置为: 42
2025-08-03 00:44:56,776 - ERROR - 实验 143 失败: [Errno 2] No such file or directory: '/cephfs/shared/sunyifan/Min-p-CoT/cephfs/shared/sunyifan/Min-p-CoT/grid_search_results'
2025-08-03 00:44:56,776 - INFO - 开始实验 144: min-p值 = [0.6, 0.8, 0.8, 1.0]
2025-08-03 00:44:56,779 - INFO - 配置文件加载成功: /cephfs/shared/sunyifan/Min-p-CoT/grid_search_results/config_experiment_0.6_0.8_0.8_1.0.json
2025-08-03 00:44:56,779 - INFO - 配置文件验证通过
2025-08-03 00:44:56,780 - INFO - 随机种子已设置为: 42
2025-08-03 00:44:56,780 - ERROR - 实验 144 失败: [Errno 2] No such file or directory: '/cephfs/shared/sunyifan/Min-p-CoT/cephfs/shared/sunyifan/Min-p-CoT/grid_search_results'
2025-08-03 00:44:56,780 - INFO - 开始实验 145: min-p值 = [0.8, 0.2, 0.2, 0.8]
2025-08-03 00:44:56,783 - INFO - 配置文件加载成功: /cephfs/shared/sunyifan/Min-p-CoT/grid_search_results/config_experiment_0.8_0.2_0.2_0.8.json
2025-08-03 00:44:56,783 - INFO - 配置文件验证通过
2025-08-03 00:44:56,783 - INFO - 随机种子已设置为: 42
2025-08-03 00:44:56,783 - ERROR - 实验 145 失败: [Errno 2] No such file or directory: '/cephfs/shared/sunyifan/Min-p-CoT/cephfs/shared/sunyifan/Min-p-CoT/grid_search_results'
2025-08-03 00:44:56,784 - INFO - 开始实验 146: min-p值 = [0.8, 0.2, 0.2, 0.9]
2025-08-03 00:44:56,786 - INFO - 配置文件加载成功: /cephfs/shared/sunyifan/Min-p-CoT/grid_search_results/config_experiment_0.8_0.2_0.2_0.9.json
2025-08-03 00:44:56,787 - INFO - 配置文件验证通过
2025-08-03 00:44:56,787 - INFO - 随机种子已设置为: 42
2025-08-03 00:44:56,787 - ERROR - 实验 146 失败: [Errno 2] No such file or directory: '/cephfs/shared/sunyifan/Min-p-CoT/cephfs/shared/sunyifan/Min-p-CoT/grid_search_results'
2025-08-03 00:44:56,787 - INFO - 开始实验 147: min-p值 = [0.8, 0.2, 0.2, 1.0]
2025-08-03 00:44:56,790 - INFO - 配置文件加载成功: /cephfs/shared/sunyifan/Min-p-CoT/grid_search_results/config_experiment_0.8_0.2_0.2_1.0.json
2025-08-03 00:44:56,790 - INFO - 配置文件验证通过
2025-08-03 00:44:56,791 - INFO - 随机种子已设置为: 42
2025-08-03 00:44:56,791 - ERROR - 实验 147 失败: [Errno 2] No such file or directory: '/cephfs/shared/sunyifan/Min-p-CoT/cephfs/shared/sunyifan/Min-p-CoT/grid_search_results'
2025-08-03 00:44:56,791 - INFO - 开始实验 148: min-p值 = [0.8, 0.2, 0.4, 0.8]
2025-08-03 00:44:56,794 - INFO - 配置文件加载成功: /cephfs/shared/sunyifan/Min-p-CoT/grid_search_results/config_experiment_0.8_0.2_0.4_0.8.json
2025-08-03 00:44:56,794 - INFO - 配置文件验证通过
2025-08-03 00:44:56,795 - INFO - 随机种子已设置为: 42
2025-08-03 00:44:56,795 - ERROR - 实验 148 失败: [Errno 2] No such file or directory: '/cephfs/shared/sunyifan/Min-p-CoT/cephfs/shared/sunyifan/Min-p-CoT/grid_search_results'
2025-08-03 00:44:56,795 - INFO - 开始实验 149: min-p值 = [0.8, 0.2, 0.4, 0.9]
2025-08-03 00:44:56,798 - INFO - 配置文件加载成功: /cephfs/shared/sunyifan/Min-p-CoT/grid_search_results/config_experiment_0.8_0.2_0.4_0.9.json
2025-08-03 00:44:56,798 - INFO - 配置文件验证通过
2025-08-03 00:44:56,798 - INFO - 随机种子已设置为: 42
2025-08-03 00:44:56,798 - ERROR - 实验 149 失败: [Errno 2] No such file or directory: '/cephfs/shared/sunyifan/Min-p-CoT/cephfs/shared/sunyifan/Min-p-CoT/grid_search_results'
2025-08-03 00:44:56,798 - INFO - 开始实验 150: min-p值 = [0.8, 0.2, 0.4, 1.0]
2025-08-03 00:44:56,801 - INFO - 配置文件加载成功: /cephfs/shared/sunyifan/Min-p-CoT/grid_search_results/config_experiment_0.8_0.2_0.4_1.0.json
2025-08-03 00:44:56,801 - INFO - 配置文件验证通过
2025-08-03 00:44:56,802 - INFO - 随机种子已设置为: 42
2025-08-03 00:44:56,802 - ERROR - 实验 150 失败: [Errno 2] No such file or directory: '/cephfs/shared/sunyifan/Min-p-CoT/cephfs/shared/sunyifan/Min-p-CoT/grid_search_results'
2025-08-03 00:44:56,802 - INFO - 开始实验 151: min-p值 = [0.8, 0.2, 0.6, 0.8]
2025-08-03 00:44:56,805 - INFO - 配置文件加载成功: /cephfs/shared/sunyifan/Min-p-CoT/grid_search_results/config_experiment_0.8_0.2_0.6_0.8.json
2025-08-03 00:44:56,805 - INFO - 配置文件验证通过
2025-08-03 00:44:56,805 - INFO - 随机种子已设置为: 42
2025-08-03 00:44:56,806 - ERROR - 实验 151 失败: [Errno 2] No such file or directory: '/cephfs/shared/sunyifan/Min-p-CoT/cephfs/shared/sunyifan/Min-p-CoT/grid_search_results'
2025-08-03 00:44:56,806 - INFO - 开始实验 152: min-p值 = [0.8, 0.2, 0.6, 0.9]
2025-08-03 00:44:56,810 - INFO - 配置文件加载成功: /cephfs/shared/sunyifan/Min-p-CoT/grid_search_results/config_experiment_0.8_0.2_0.6_0.9.json
2025-08-03 00:44:56,810 - INFO - 配置文件验证通过
2025-08-03 00:44:56,810 - INFO - 随机种子已设置为: 42
2025-08-03 00:44:56,810 - ERROR - 实验 152 失败: [Errno 2] No such file or directory: '/cephfs/shared/sunyifan/Min-p-CoT/cephfs/shared/sunyifan/Min-p-CoT/grid_search_results'
2025-08-03 00:44:56,810 - INFO - 开始实验 153: min-p值 = [0.8, 0.2, 0.6, 1.0]
2025-08-03 00:44:56,813 - INFO - 配置文件加载成功: /cephfs/shared/sunyifan/Min-p-CoT/grid_search_results/config_experiment_0.8_0.2_0.6_1.0.json
2025-08-03 00:44:56,813 - INFO - 配置文件验证通过
2025-08-03 00:44:56,814 - INFO - 随机种子已设置为: 42
2025-08-03 00:44:56,814 - ERROR - 实验 153 失败: [Errno 2] No such file or directory: '/cephfs/shared/sunyifan/Min-p-CoT/cephfs/shared/sunyifan/Min-p-CoT/grid_search_results'
2025-08-03 00:44:56,814 - INFO - 开始实验 154: min-p值 = [0.8, 0.2, 0.8, 0.8]
2025-08-03 00:44:56,817 - INFO - 配置文件加载成功: /cephfs/shared/sunyifan/Min-p-CoT/grid_search_results/config_experiment_0.8_0.2_0.8_0.8.json
2025-08-03 00:44:56,817 - INFO - 配置文件验证通过
2025-08-03 00:44:56,817 - INFO - 随机种子已设置为: 42
2025-08-03 00:44:56,817 - ERROR - 实验 154 失败: [Errno 2] No such file or directory: '/cephfs/shared/sunyifan/Min-p-CoT/cephfs/shared/sunyifan/Min-p-CoT/grid_search_results'
2025-08-03 00:44:56,817 - INFO - 开始实验 155: min-p值 = [0.8, 0.2, 0.8, 0.9]
2025-08-03 00:44:56,820 - INFO - 配置文件加载成功: /cephfs/shared/sunyifan/Min-p-CoT/grid_search_results/config_experiment_0.8_0.2_0.8_0.9.json
2025-08-03 00:44:56,821 - INFO - 配置文件验证通过
2025-08-03 00:44:56,821 - INFO - 随机种子已设置为: 42
2025-08-03 00:44:56,821 - ERROR - 实验 155 失败: [Errno 2] No such file or directory: '/cephfs/shared/sunyifan/Min-p-CoT/cephfs/shared/sunyifan/Min-p-CoT/grid_search_results'
2025-08-03 00:44:56,821 - INFO - 开始实验 156: min-p值 = [0.8, 0.2, 0.8, 1.0]
2025-08-03 00:44:56,824 - INFO - 配置文件加载成功: /cephfs/shared/sunyifan/Min-p-CoT/grid_search_results/config_experiment_0.8_0.2_0.8_1.0.json
2025-08-03 00:44:56,824 - INFO - 配置文件验证通过
2025-08-03 00:44:56,825 - INFO - 随机种子已设置为: 42
2025-08-03 00:44:56,825 - ERROR - 实验 156 失败: [Errno 2] No such file or directory: '/cephfs/shared/sunyifan/Min-p-CoT/cephfs/shared/sunyifan/Min-p-CoT/grid_search_results'
2025-08-03 00:44:56,825 - INFO - 开始实验 157: min-p值 = [0.8, 0.4, 0.2, 0.8]
2025-08-03 00:44:56,828 - INFO - 配置文件加载成功: /cephfs/shared/sunyifan/Min-p-CoT/grid_search_results/config_experiment_0.8_0.4_0.2_0.8.json
2025-08-03 00:44:56,828 - INFO - 配置文件验证通过
2025-08-03 00:44:56,829 - INFO - 随机种子已设置为: 42
2025-08-03 00:44:56,829 - ERROR - 实验 157 失败: [Errno 2] No such file or directory: '/cephfs/shared/sunyifan/Min-p-CoT/cephfs/shared/sunyifan/Min-p-CoT/grid_search_results'
2025-08-03 00:44:56,829 - INFO - 开始实验 158: min-p值 = [0.8, 0.4, 0.2, 0.9]
2025-08-03 00:44:56,832 - INFO - 配置文件加载成功: /cephfs/shared/sunyifan/Min-p-CoT/grid_search_results/config_experiment_0.8_0.4_0.2_0.9.json
2025-08-03 00:44:56,832 - INFO - 配置文件验证通过
2025-08-03 00:44:56,832 - INFO - 随机种子已设置为: 42
2025-08-03 00:44:56,832 - ERROR - 实验 158 失败: [Errno 2] No such file or directory: '/cephfs/shared/sunyifan/Min-p-CoT/cephfs/shared/sunyifan/Min-p-CoT/grid_search_results'
2025-08-03 00:44:56,833 - INFO - 开始实验 159: min-p值 = [0.8, 0.4, 0.2, 1.0]
2025-08-03 00:44:56,836 - INFO - 配置文件加载成功: /cephfs/shared/sunyifan/Min-p-CoT/grid_search_results/config_experiment_0.8_0.4_0.2_1.0.json
2025-08-03 00:44:56,836 - INFO - 配置文件验证通过
2025-08-03 00:44:56,836 - INFO - 随机种子已设置为: 42
2025-08-03 00:44:56,837 - ERROR - 实验 159 失败: [Errno 2] No such file or directory: '/cephfs/shared/sunyifan/Min-p-CoT/cephfs/shared/sunyifan/Min-p-CoT/grid_search_results'
2025-08-03 00:44:56,837 - INFO - 开始实验 160: min-p值 = [0.8, 0.4, 0.4, 0.8]
2025-08-03 00:44:56,839 - INFO - 配置文件加载成功: /cephfs/shared/sunyifan/Min-p-CoT/grid_search_results/config_experiment_0.8_0.4_0.4_0.8.json
2025-08-03 00:44:56,839 - INFO - 配置文件验证通过
2025-08-03 00:44:56,840 - INFO - 随机种子已设置为: 42
2025-08-03 00:44:56,840 - ERROR - 实验 160 失败: [Errno 2] No such file or directory: '/cephfs/shared/sunyifan/Min-p-CoT/cephfs/shared/sunyifan/Min-p-CoT/grid_search_results'
2025-08-03 00:44:56,840 - INFO - 开始实验 161: min-p值 = [0.8, 0.4, 0.4, 0.9]
2025-08-03 00:44:56,847 - INFO - 配置文件加载成功: /cephfs/shared/sunyifan/Min-p-CoT/grid_search_results/config_experiment_0.8_0.4_0.4_0.9.json
2025-08-03 00:44:56,848 - INFO - 配置文件验证通过
2025-08-03 00:44:56,848 - INFO - 随机种子已设置为: 42
2025-08-03 00:44:56,849 - ERROR - 实验 161 失败: [Errno 2] No such file or directory: '/cephfs/shared/sunyifan/Min-p-CoT/cephfs/shared/sunyifan/Min-p-CoT/grid_search_results'
2025-08-03 00:44:56,849 - INFO - 开始实验 162: min-p值 = [0.8, 0.4, 0.4, 1.0]
2025-08-03 00:44:56,852 - INFO - 配置文件加载成功: /cephfs/shared/sunyifan/Min-p-CoT/grid_search_results/config_experiment_0.8_0.4_0.4_1.0.json
2025-08-03 00:44:56,852 - INFO - 配置文件验证通过
2025-08-03 00:44:56,853 - INFO - 随机种子已设置为: 42
2025-08-03 00:44:56,853 - ERROR - 实验 162 失败: [Errno 2] No such file or directory: '/cephfs/shared/sunyifan/Min-p-CoT/cephfs/shared/sunyifan/Min-p-CoT/grid_search_results'
2025-08-03 00:44:56,853 - INFO - 开始实验 163: min-p值 = [0.8, 0.4, 0.6, 0.8]
2025-08-03 00:44:56,857 - INFO - 配置文件加载成功: /cephfs/shared/sunyifan/Min-p-CoT/grid_search_results/config_experiment_0.8_0.4_0.6_0.8.json
2025-08-03 00:44:56,857 - INFO - 配置文件验证通过
2025-08-03 00:44:56,857 - INFO - 随机种子已设置为: 42
2025-08-03 00:44:56,858 - ERROR - 实验 163 失败: [Errno 2] No such file or directory: '/cephfs/shared/sunyifan/Min-p-CoT/cephfs/shared/sunyifan/Min-p-CoT/grid_search_results'
2025-08-03 00:44:56,858 - INFO - 开始实验 164: min-p值 = [0.8, 0.4, 0.6, 0.9]
2025-08-03 00:44:56,861 - INFO - 配置文件加载成功: /cephfs/shared/sunyifan/Min-p-CoT/grid_search_results/config_experiment_0.8_0.4_0.6_0.9.json
2025-08-03 00:44:56,861 - INFO - 配置文件验证通过
2025-08-03 00:44:56,861 - INFO - 随机种子已设置为: 42
2025-08-03 00:44:56,862 - ERROR - 实验 164 失败: [Errno 2] No such file or directory: '/cephfs/shared/sunyifan/Min-p-CoT/cephfs/shared/sunyifan/Min-p-CoT/grid_search_results'
2025-08-03 00:44:56,862 - INFO - 开始实验 165: min-p值 = [0.8, 0.4, 0.6, 1.0]
2025-08-03 00:44:56,865 - INFO - 配置文件加载成功: /cephfs/shared/sunyifan/Min-p-CoT/grid_search_results/config_experiment_0.8_0.4_0.6_1.0.json
2025-08-03 00:44:56,865 - INFO - 配置文件验证通过
2025-08-03 00:44:56,865 - INFO - 随机种子已设置为: 42
2025-08-03 00:44:56,865 - ERROR - 实验 165 失败: [Errno 2] No such file or directory: '/cephfs/shared/sunyifan/Min-p-CoT/cephfs/shared/sunyifan/Min-p-CoT/grid_search_results'
2025-08-03 00:44:56,865 - INFO - 开始实验 166: min-p值 = [0.8, 0.4, 0.8, 0.8]
2025-08-03 00:44:56,871 - INFO - 配置文件加载成功: /cephfs/shared/sunyifan/Min-p-CoT/grid_search_results/config_experiment_0.8_0.4_0.8_0.8.json
2025-08-03 00:44:56,871 - INFO - 配置文件验证通过
2025-08-03 00:44:56,872 - INFO - 随机种子已设置为: 42
2025-08-03 00:44:56,872 - ERROR - 实验 166 失败: [Errno 2] No such file or directory: '/cephfs/shared/sunyifan/Min-p-CoT/cephfs/shared/sunyifan/Min-p-CoT/grid_search_results'
2025-08-03 00:44:56,872 - INFO - 开始实验 167: min-p值 = [0.8, 0.4, 0.8, 0.9]
2025-08-03 00:44:56,875 - INFO - 配置文件加载成功: /cephfs/shared/sunyifan/Min-p-CoT/grid_search_results/config_experiment_0.8_0.4_0.8_0.9.json
2025-08-03 00:44:56,875 - INFO - 配置文件验证通过
2025-08-03 00:44:56,876 - INFO - 随机种子已设置为: 42
2025-08-03 00:44:56,876 - ERROR - 实验 167 失败: [Errno 2] No such file or directory: '/cephfs/shared/sunyifan/Min-p-CoT/cephfs/shared/sunyifan/Min-p-CoT/grid_search_results'
2025-08-03 00:44:56,876 - INFO - 开始实验 168: min-p值 = [0.8, 0.4, 0.8, 1.0]
2025-08-03 00:44:56,879 - INFO - 配置文件加载成功: /cephfs/shared/sunyifan/Min-p-CoT/grid_search_results/config_experiment_0.8_0.4_0.8_1.0.json
2025-08-03 00:44:56,879 - INFO - 配置文件验证通过
2025-08-03 00:44:56,880 - INFO - 随机种子已设置为: 42
2025-08-03 00:44:56,880 - ERROR - 实验 168 失败: [Errno 2] No such file or directory: '/cephfs/shared/sunyifan/Min-p-CoT/cephfs/shared/sunyifan/Min-p-CoT/grid_search_results'
2025-08-03 00:44:56,880 - INFO - 开始实验 169: min-p值 = [0.8, 0.6, 0.2, 0.8]
2025-08-03 00:44:56,883 - INFO - 配置文件加载成功: /cephfs/shared/sunyifan/Min-p-CoT/grid_search_results/config_experiment_0.8_0.6_0.2_0.8.json
2025-08-03 00:44:56,883 - INFO - 配置文件验证通过
2025-08-03 00:44:56,883 - INFO - 随机种子已设置为: 42
2025-08-03 00:44:56,883 - ERROR - 实验 169 失败: [Errno 2] No such file or directory: '/cephfs/shared/sunyifan/Min-p-CoT/cephfs/shared/sunyifan/Min-p-CoT/grid_search_results'
2025-08-03 00:44:56,884 - INFO - 开始实验 170: min-p值 = [0.8, 0.6, 0.2, 0.9]
2025-08-03 00:44:56,887 - INFO - 配置文件加载成功: /cephfs/shared/sunyifan/Min-p-CoT/grid_search_results/config_experiment_0.8_0.6_0.2_0.9.json
2025-08-03 00:44:56,887 - INFO - 配置文件验证通过
2025-08-03 00:44:56,887 - INFO - 随机种子已设置为: 42
2025-08-03 00:44:56,887 - ERROR - 实验 170 失败: [Errno 2] No such file or directory: '/cephfs/shared/sunyifan/Min-p-CoT/cephfs/shared/sunyifan/Min-p-CoT/grid_search_results'
2025-08-03 00:44:56,887 - INFO - 开始实验 171: min-p值 = [0.8, 0.6, 0.2, 1.0]
2025-08-03 00:44:56,891 - INFO - 配置文件加载成功: /cephfs/shared/sunyifan/Min-p-CoT/grid_search_results/config_experiment_0.8_0.6_0.2_1.0.json
2025-08-03 00:44:56,891 - INFO - 配置文件验证通过
2025-08-03 00:44:56,892 - INFO - 随机种子已设置为: 42
2025-08-03 00:44:56,892 - ERROR - 实验 171 失败: [Errno 2] No such file or directory: '/cephfs/shared/sunyifan/Min-p-CoT/cephfs/shared/sunyifan/Min-p-CoT/grid_search_results'
2025-08-03 00:44:56,892 - INFO - 开始实验 172: min-p值 = [0.8, 0.6, 0.4, 0.8]
2025-08-03 00:44:56,895 - INFO - 配置文件加载成功: /cephfs/shared/sunyifan/Min-p-CoT/grid_search_results/config_experiment_0.8_0.6_0.4_0.8.json
2025-08-03 00:44:56,895 - INFO - 配置文件验证通过
2025-08-03 00:44:56,895 - INFO - 随机种子已设置为: 42
2025-08-03 00:44:56,895 - ERROR - 实验 172 失败: [Errno 2] No such file or directory: '/cephfs/shared/sunyifan/Min-p-CoT/cephfs/shared/sunyifan/Min-p-CoT/grid_search_results'
2025-08-03 00:44:56,895 - INFO - 开始实验 173: min-p值 = [0.8, 0.6, 0.4, 0.9]
2025-08-03 00:44:56,898 - INFO - 配置文件加载成功: /cephfs/shared/sunyifan/Min-p-CoT/grid_search_results/config_experiment_0.8_0.6_0.4_0.9.json
2025-08-03 00:44:56,899 - INFO - 配置文件验证通过
2025-08-03 00:44:56,899 - INFO - 随机种子已设置为: 42
2025-08-03 00:44:56,899 - ERROR - 实验 173 失败: [Errno 2] No such file or directory: '/cephfs/shared/sunyifan/Min-p-CoT/cephfs/shared/sunyifan/Min-p-CoT/grid_search_results'
2025-08-03 00:44:56,899 - INFO - 开始实验 174: min-p值 = [0.8, 0.6, 0.4, 1.0]
2025-08-03 00:44:56,903 - INFO - 配置文件加载成功: /cephfs/shared/sunyifan/Min-p-CoT/grid_search_results/config_experiment_0.8_0.6_0.4_1.0.json
2025-08-03 00:44:56,903 - INFO - 配置文件验证通过
2025-08-03 00:44:56,904 - INFO - 随机种子已设置为: 42
2025-08-03 00:44:56,904 - ERROR - 实验 174 失败: [Errno 2] No such file or directory: '/cephfs/shared/sunyifan/Min-p-CoT/cephfs/shared/sunyifan/Min-p-CoT/grid_search_results'
2025-08-03 00:44:56,904 - INFO - 开始实验 175: min-p值 = [0.8, 0.6, 0.6, 0.8]
2025-08-03 00:44:56,907 - INFO - 配置文件加载成功: /cephfs/shared/sunyifan/Min-p-CoT/grid_search_results/config_experiment_0.8_0.6_0.6_0.8.json
2025-08-03 00:44:56,907 - INFO - 配置文件验证通过
2025-08-03 00:44:56,908 - INFO - 随机种子已设置为: 42
2025-08-03 00:44:56,908 - ERROR - 实验 175 失败: [Errno 2] No such file or directory: '/cephfs/shared/sunyifan/Min-p-CoT/cephfs/shared/sunyifan/Min-p-CoT/grid_search_results'
2025-08-03 00:44:56,908 - INFO - 开始实验 176: min-p值 = [0.8, 0.6, 0.6, 0.9]
2025-08-03 00:44:56,911 - INFO - 配置文件加载成功: /cephfs/shared/sunyifan/Min-p-CoT/grid_search_results/config_experiment_0.8_0.6_0.6_0.9.json
2025-08-03 00:44:56,911 - INFO - 配置文件验证通过
2025-08-03 00:44:56,912 - INFO - 随机种子已设置为: 42
2025-08-03 00:44:56,912 - ERROR - 实验 176 失败: [Errno 2] No such file or directory: '/cephfs/shared/sunyifan/Min-p-CoT/cephfs/shared/sunyifan/Min-p-CoT/grid_search_results'
2025-08-03 00:44:56,912 - INFO - 开始实验 177: min-p值 = [0.8, 0.6, 0.6, 1.0]
2025-08-03 00:44:56,915 - INFO - 配置文件加载成功: /cephfs/shared/sunyifan/Min-p-CoT/grid_search_results/config_experiment_0.8_0.6_0.6_1.0.json
2025-08-03 00:44:56,915 - INFO - 配置文件验证通过
2025-08-03 00:44:56,916 - INFO - 随机种子已设置为: 42
2025-08-03 00:44:56,916 - ERROR - 实验 177 失败: [Errno 2] No such file or directory: '/cephfs/shared/sunyifan/Min-p-CoT/cephfs/shared/sunyifan/Min-p-CoT/grid_search_results'
2025-08-03 00:44:56,916 - INFO - 开始实验 178: min-p值 = [0.8, 0.6, 0.8, 0.8]
2025-08-03 00:44:56,920 - INFO - 配置文件加载成功: /cephfs/shared/sunyifan/Min-p-CoT/grid_search_results/config_experiment_0.8_0.6_0.8_0.8.json
2025-08-03 00:44:56,920 - INFO - 配置文件验证通过
2025-08-03 00:44:56,920 - INFO - 随机种子已设置为: 42
2025-08-03 00:44:56,921 - ERROR - 实验 178 失败: [Errno 2] No such file or directory: '/cephfs/shared/sunyifan/Min-p-CoT/cephfs/shared/sunyifan/Min-p-CoT/grid_search_results'
2025-08-03 00:44:56,921 - INFO - 开始实验 179: min-p值 = [0.8, 0.6, 0.8, 0.9]
2025-08-03 00:44:56,923 - INFO - 配置文件加载成功: /cephfs/shared/sunyifan/Min-p-CoT/grid_search_results/config_experiment_0.8_0.6_0.8_0.9.json
2025-08-03 00:44:56,924 - INFO - 配置文件验证通过
2025-08-03 00:44:56,924 - INFO - 随机种子已设置为: 42
2025-08-03 00:44:56,924 - ERROR - 实验 179 失败: [Errno 2] No such file or directory: '/cephfs/shared/sunyifan/Min-p-CoT/cephfs/shared/sunyifan/Min-p-CoT/grid_search_results'
2025-08-03 00:44:56,924 - INFO - 开始实验 180: min-p值 = [0.8, 0.6, 0.8, 1.0]
2025-08-03 00:44:56,928 - INFO - 配置文件加载成功: /cephfs/shared/sunyifan/Min-p-CoT/grid_search_results/config_experiment_0.8_0.6_0.8_1.0.json
2025-08-03 00:44:56,928 - INFO - 配置文件验证通过
2025-08-03 00:44:56,928 - INFO - 随机种子已设置为: 42
2025-08-03 00:44:56,928 - ERROR - 实验 180 失败: [Errno 2] No such file or directory: '/cephfs/shared/sunyifan/Min-p-CoT/cephfs/shared/sunyifan/Min-p-CoT/grid_search_results'
2025-08-03 00:44:56,928 - INFO - 开始实验 181: min-p值 = [0.8, 0.8, 0.2, 0.8]
2025-08-03 00:44:56,931 - INFO - 配置文件加载成功: /cephfs/shared/sunyifan/Min-p-CoT/grid_search_results/config_experiment_0.8_0.8_0.2_0.8.json
2025-08-03 00:44:56,931 - INFO - 配置文件验证通过
2025-08-03 00:44:56,932 - INFO - 随机种子已设置为: 42
2025-08-03 00:44:56,932 - ERROR - 实验 181 失败: [Errno 2] No such file or directory: '/cephfs/shared/sunyifan/Min-p-CoT/cephfs/shared/sunyifan/Min-p-CoT/grid_search_results'
2025-08-03 00:44:56,932 - INFO - 开始实验 182: min-p值 = [0.8, 0.8, 0.2, 0.9]
2025-08-03 00:44:56,935 - INFO - 配置文件加载成功: /cephfs/shared/sunyifan/Min-p-CoT/grid_search_results/config_experiment_0.8_0.8_0.2_0.9.json
2025-08-03 00:44:56,935 - INFO - 配置文件验证通过
2025-08-03 00:44:56,936 - INFO - 随机种子已设置为: 42
2025-08-03 00:44:56,936 - ERROR - 实验 182 失败: [Errno 2] No such file or directory: '/cephfs/shared/sunyifan/Min-p-CoT/cephfs/shared/sunyifan/Min-p-CoT/grid_search_results'
2025-08-03 00:44:56,936 - INFO - 开始实验 183: min-p值 = [0.8, 0.8, 0.2, 1.0]
2025-08-03 00:44:56,939 - INFO - 配置文件加载成功: /cephfs/shared/sunyifan/Min-p-CoT/grid_search_results/config_experiment_0.8_0.8_0.2_1.0.json
2025-08-03 00:44:56,939 - INFO - 配置文件验证通过
2025-08-03 00:44:56,940 - INFO - 随机种子已设置为: 42
2025-08-03 00:44:56,940 - ERROR - 实验 183 失败: [Errno 2] No such file or directory: '/cephfs/shared/sunyifan/Min-p-CoT/cephfs/shared/sunyifan/Min-p-CoT/grid_search_results'
2025-08-03 00:44:56,940 - INFO - 开始实验 184: min-p值 = [0.8, 0.8, 0.4, 0.8]
2025-08-03 00:44:56,943 - INFO - 配置文件加载成功: /cephfs/shared/sunyifan/Min-p-CoT/grid_search_results/config_experiment_0.8_0.8_0.4_0.8.json
2025-08-03 00:44:56,943 - INFO - 配置文件验证通过
2025-08-03 00:44:56,944 - INFO - 随机种子已设置为: 42
2025-08-03 00:44:56,944 - ERROR - 实验 184 失败: [Errno 2] No such file or directory: '/cephfs/shared/sunyifan/Min-p-CoT/cephfs/shared/sunyifan/Min-p-CoT/grid_search_results'
2025-08-03 00:44:56,944 - INFO - 开始实验 185: min-p值 = [0.8, 0.8, 0.4, 0.9]
2025-08-03 00:44:56,949 - INFO - 配置文件加载成功: /cephfs/shared/sunyifan/Min-p-CoT/grid_search_results/config_experiment_0.8_0.8_0.4_0.9.json
2025-08-03 00:44:56,949 - INFO - 配置文件验证通过
2025-08-03 00:44:56,949 - INFO - 随机种子已设置为: 42
2025-08-03 00:44:56,950 - ERROR - 实验 185 失败: [Errno 2] No such file or directory: '/cephfs/shared/sunyifan/Min-p-CoT/cephfs/shared/sunyifan/Min-p-CoT/grid_search_results'
2025-08-03 00:44:56,950 - INFO - 开始实验 186: min-p值 = [0.8, 0.8, 0.4, 1.0]
2025-08-03 00:44:56,953 - INFO - 配置文件加载成功: /cephfs/shared/sunyifan/Min-p-CoT/grid_search_results/config_experiment_0.8_0.8_0.4_1.0.json
2025-08-03 00:44:56,953 - INFO - 配置文件验证通过
2025-08-03 00:44:56,953 - INFO - 随机种子已设置为: 42
2025-08-03 00:44:56,953 - ERROR - 实验 186 失败: [Errno 2] No such file or directory: '/cephfs/shared/sunyifan/Min-p-CoT/cephfs/shared/sunyifan/Min-p-CoT/grid_search_results'
2025-08-03 00:44:56,954 - INFO - 开始实验 187: min-p值 = [0.8, 0.8, 0.6, 0.8]
2025-08-03 00:44:56,956 - INFO - 配置文件加载成功: /cephfs/shared/sunyifan/Min-p-CoT/grid_search_results/config_experiment_0.8_0.8_0.6_0.8.json
2025-08-03 00:44:56,956 - INFO - 配置文件验证通过
2025-08-03 00:44:56,957 - INFO - 随机种子已设置为: 42
2025-08-03 00:44:56,957 - ERROR - 实验 187 失败: [Errno 2] No such file or directory: '/cephfs/shared/sunyifan/Min-p-CoT/cephfs/shared/sunyifan/Min-p-CoT/grid_search_results'
2025-08-03 00:44:56,957 - INFO - 开始实验 188: min-p值 = [0.8, 0.8, 0.6, 0.9]
2025-08-03 00:44:56,960 - INFO - 配置文件加载成功: /cephfs/shared/sunyifan/Min-p-CoT/grid_search_results/config_experiment_0.8_0.8_0.6_0.9.json
2025-08-03 00:44:56,961 - INFO - 配置文件验证通过
2025-08-03 00:44:56,961 - INFO - 随机种子已设置为: 42
2025-08-03 00:44:56,961 - ERROR - 实验 188 失败: [Errno 2] No such file or directory: '/cephfs/shared/sunyifan/Min-p-CoT/cephfs/shared/sunyifan/Min-p-CoT/grid_search_results'
2025-08-03 00:44:56,961 - INFO - 开始实验 189: min-p值 = [0.8, 0.8, 0.6, 1.0]
2025-08-03 00:44:56,965 - INFO - 配置文件加载成功: /cephfs/shared/sunyifan/Min-p-CoT/grid_search_results/config_experiment_0.8_0.8_0.6_1.0.json
2025-08-03 00:44:56,965 - INFO - 配置文件验证通过
2025-08-03 00:44:56,965 - INFO - 随机种子已设置为: 42
2025-08-03 00:44:56,966 - ERROR - 实验 189 失败: [Errno 2] No such file or directory: '/cephfs/shared/sunyifan/Min-p-CoT/cephfs/shared/sunyifan/Min-p-CoT/grid_search_results'
2025-08-03 00:44:56,966 - INFO - 开始实验 190: min-p值 = [0.8, 0.8, 0.8, 0.8]
2025-08-03 00:44:56,969 - INFO - 配置文件加载成功: /cephfs/shared/sunyifan/Min-p-CoT/grid_search_results/config_experiment_0.8_0.8_0.8_0.8.json
2025-08-03 00:44:56,969 - INFO - 配置文件验证通过
2025-08-03 00:44:56,970 - INFO - 随机种子已设置为: 42
2025-08-03 00:44:56,970 - ERROR - 实验 190 失败: [Errno 2] No such file or directory: '/cephfs/shared/sunyifan/Min-p-CoT/cephfs/shared/sunyifan/Min-p-CoT/grid_search_results'
2025-08-03 00:44:56,970 - INFO - 开始实验 191: min-p值 = [0.8, 0.8, 0.8, 0.9]
2025-08-03 00:44:56,973 - INFO - 配置文件加载成功: /cephfs/shared/sunyifan/Min-p-CoT/grid_search_results/config_experiment_0.8_0.8_0.8_0.9.json
2025-08-03 00:44:56,973 - INFO - 配置文件验证通过
2025-08-03 00:44:56,974 - INFO - 随机种子已设置为: 42
2025-08-03 00:44:56,974 - ERROR - 实验 191 失败: [Errno 2] No such file or directory: '/cephfs/shared/sunyifan/Min-p-CoT/cephfs/shared/sunyifan/Min-p-CoT/grid_search_results'
2025-08-03 00:44:56,974 - INFO - 开始实验 192: min-p值 = [0.8, 0.8, 0.8, 1.0]
2025-08-03 00:44:56,977 - INFO - 配置文件加载成功: /cephfs/shared/sunyifan/Min-p-CoT/grid_search_results/config_experiment_0.8_0.8_0.8_1.0.json
2025-08-03 00:44:56,977 - INFO - 配置文件验证通过
2025-08-03 00:44:56,977 - INFO - 随机种子已设置为: 42
2025-08-03 00:44:56,977 - ERROR - 实验 192 失败: [Errno 2] No such file or directory: '/cephfs/shared/sunyifan/Min-p-CoT/cephfs/shared/sunyifan/Min-p-CoT/grid_search_results'
2025-08-03 00:44:56,978 - ERROR - 没有成功的实验
