2025-08-03 00:46:55,001 - INFO - 配置文件加载成功: /cephfs/shared/sunyifan/Min-p-CoT/grid_search_results/config_experiment_0.8_0.2_0.2_0.8.json
2025-08-03 00:46:55,001 - INFO - 配置文件验证通过
2025-08-03 00:46:55,002 - INFO - 随机种子已设置为: 42
2025-08-03 00:46:55,002 - ERROR - 实验 145 失败: [Errno 2] No such file or directory: '/cephfs/shared/sunyifan/Min-p-CoT/cephfs/shared/sunyifan/Min-p-CoT/grid_search_results'
2025-08-03 00:46:55,002 - INFO - 开始实验 146: min-p值 = [0.8, 0.2, 0.2, 0.9]
2025-08-03 00:46:55,005 - INFO - 配置文件加载成功: /cephfs/shared/sunyifan/Min-p-CoT/grid_search_results/config_experiment_0.8_0.2_0.2_0.9.json
2025-08-03 00:46:55,005 - INFO - 配置文件验证通过
2025-08-03 00:46:55,005 - INFO - 随机种子已设置为: 42
2025-08-03 00:46:55,005 - ERROR - 实验 146 失败: [Errno 2] No such file or directory: '/cephfs/shared/sunyifan/Min-p-CoT/cephfs/shared/sunyifan/Min-p-CoT/grid_search_results'
2025-08-03 00:46:55,006 - INFO - 开始实验 147: min-p值 = [0.8, 0.2, 0.2, 1.0]
2025-08-03 00:46:55,008 - INFO - 配置文件加载成功: /cephfs/shared/sunyifan/Min-p-CoT/grid_search_results/config_experiment_0.8_0.2_0.2_1.0.json
2025-08-03 00:46:55,008 - INFO - 配置文件验证通过
2025-08-03 00:46:55,009 - INFO - 随机种子已设置为: 42
2025-08-03 00:46:55,009 - ERROR - 实验 147 失败: [Errno 2] No such file or directory: '/cephfs/shared/sunyifan/Min-p-CoT/cephfs/shared/sunyifan/Min-p-CoT/grid_search_results'
2025-08-03 00:46:55,009 - INFO - 开始实验 148: min-p值 = [0.8, 0.2, 0.4, 0.8]
2025-08-03 00:46:55,012 - INFO - 配置文件加载成功: /cephfs/shared/sunyifan/Min-p-CoT/grid_search_results/config_experiment_0.8_0.2_0.4_0.8.json
2025-08-03 00:46:55,012 - INFO - 配置文件验证通过
2025-08-03 00:46:55,012 - INFO - 随机种子已设置为: 42
2025-08-03 00:46:55,012 - ERROR - 实验 148 失败: [Errno 2] No such file or directory: '/cephfs/shared/sunyifan/Min-p-CoT/cephfs/shared/sunyifan/Min-p-CoT/grid_search_results'
2025-08-03 00:46:55,012 - INFO - 开始实验 149: min-p值 = [0.8, 0.2, 0.4, 0.9]
2025-08-03 00:46:55,015 - INFO - 配置文件加载成功: /cephfs/shared/sunyifan/Min-p-CoT/grid_search_results/config_experiment_0.8_0.2_0.4_0.9.json
2025-08-03 00:46:55,015 - INFO - 配置文件验证通过
2025-08-03 00:46:55,015 - INFO - 随机种子已设置为: 42
2025-08-03 00:46:55,016 - ERROR - 实验 149 失败: [Errno 2] No such file or directory: '/cephfs/shared/sunyifan/Min-p-CoT/cephfs/shared/sunyifan/Min-p-CoT/grid_search_results'
2025-08-03 00:46:55,016 - INFO - 开始实验 150: min-p值 = [0.8, 0.2, 0.4, 1.0]
2025-08-03 00:46:55,019 - INFO - 配置文件加载成功: /cephfs/shared/sunyifan/Min-p-CoT/grid_search_results/config_experiment_0.8_0.2_0.4_1.0.json
2025-08-03 00:46:55,019 - INFO - 配置文件验证通过
2025-08-03 00:46:55,019 - INFO - 随机种子已设置为: 42
2025-08-03 00:46:55,019 - ERROR - 实验 150 失败: [Errno 2] No such file or directory: '/cephfs/shared/sunyifan/Min-p-CoT/cephfs/shared/sunyifan/Min-p-CoT/grid_search_results'
2025-08-03 00:46:55,019 - INFO - 开始实验 151: min-p值 = [0.8, 0.2, 0.6, 0.8]
2025-08-03 00:46:55,022 - INFO - 配置文件加载成功: /cephfs/shared/sunyifan/Min-p-CoT/grid_search_results/config_experiment_0.8_0.2_0.6_0.8.json
2025-08-03 00:46:55,023 - INFO - 配置文件验证通过
2025-08-03 00:46:55,023 - INFO - 随机种子已设置为: 42
2025-08-03 00:46:55,023 - ERROR - 实验 151 失败: [Errno 2] No such file or directory: '/cephfs/shared/sunyifan/Min-p-CoT/cephfs/shared/sunyifan/Min-p-CoT/grid_search_results'
2025-08-03 00:46:55,023 - INFO - 开始实验 152: min-p值 = [0.8, 0.2, 0.6, 0.9]
2025-08-03 00:46:55,026 - INFO - 配置文件加载成功: /cephfs/shared/sunyifan/Min-p-CoT/grid_search_results/config_experiment_0.8_0.2_0.6_0.9.json
2025-08-03 00:46:55,026 - INFO - 配置文件验证通过
2025-08-03 00:46:55,027 - INFO - 随机种子已设置为: 42
2025-08-03 00:46:55,027 - ERROR - 实验 152 失败: [Errno 2] No such file or directory: '/cephfs/shared/sunyifan/Min-p-CoT/cephfs/shared/sunyifan/Min-p-CoT/grid_search_results'
2025-08-03 00:46:55,027 - INFO - 开始实验 153: min-p值 = [0.8, 0.2, 0.6, 1.0]
2025-08-03 00:46:55,030 - INFO - 配置文件加载成功: /cephfs/shared/sunyifan/Min-p-CoT/grid_search_results/config_experiment_0.8_0.2_0.6_1.0.json
2025-08-03 00:46:55,030 - INFO - 配置文件验证通过
2025-08-03 00:46:55,030 - INFO - 随机种子已设置为: 42
2025-08-03 00:46:55,031 - ERROR - 实验 153 失败: [Errno 2] No such file or directory: '/cephfs/shared/sunyifan/Min-p-CoT/cephfs/shared/sunyifan/Min-p-CoT/grid_search_results'
2025-08-03 00:46:55,031 - INFO - 开始实验 154: min-p值 = [0.8, 0.2, 0.8, 0.8]
2025-08-03 00:46:55,033 - INFO - 配置文件加载成功: /cephfs/shared/sunyifan/Min-p-CoT/grid_search_results/config_experiment_0.8_0.2_0.8_0.8.json
2025-08-03 00:46:55,033 - INFO - 配置文件验证通过
2025-08-03 00:46:55,034 - INFO - 随机种子已设置为: 42
2025-08-03 00:46:55,034 - ERROR - 实验 154 失败: [Errno 2] No such file or directory: '/cephfs/shared/sunyifan/Min-p-CoT/cephfs/shared/sunyifan/Min-p-CoT/grid_search_results'
2025-08-03 00:46:55,034 - INFO - 开始实验 155: min-p值 = [0.8, 0.2, 0.8, 0.9]
2025-08-03 00:46:55,037 - INFO - 配置文件加载成功: /cephfs/shared/sunyifan/Min-p-CoT/grid_search_results/config_experiment_0.8_0.2_0.8_0.9.json
2025-08-03 00:46:55,037 - INFO - 配置文件验证通过
2025-08-03 00:46:55,037 - INFO - 随机种子已设置为: 42
2025-08-03 00:46:55,037 - ERROR - 实验 155 失败: [Errno 2] No such file or directory: '/cephfs/shared/sunyifan/Min-p-CoT/cephfs/shared/sunyifan/Min-p-CoT/grid_search_results'
2025-08-03 00:46:55,038 - INFO - 开始实验 156: min-p值 = [0.8, 0.2, 0.8, 1.0]
2025-08-03 00:46:55,040 - INFO - 配置文件加载成功: /cephfs/shared/sunyifan/Min-p-CoT/grid_search_results/config_experiment_0.8_0.2_0.8_1.0.json
2025-08-03 00:46:55,040 - INFO - 配置文件验证通过
2025-08-03 00:46:55,041 - INFO - 随机种子已设置为: 42
2025-08-03 00:46:55,041 - ERROR - 实验 156 失败: [Errno 2] No such file or directory: '/cephfs/shared/sunyifan/Min-p-CoT/cephfs/shared/sunyifan/Min-p-CoT/grid_search_results'
2025-08-03 00:46:55,041 - INFO - 开始实验 157: min-p值 = [0.8, 0.4, 0.2, 0.8]
2025-08-03 00:46:55,043 - INFO - 配置文件加载成功: /cephfs/shared/sunyifan/Min-p-CoT/grid_search_results/config_experiment_0.8_0.4_0.2_0.8.json
2025-08-03 00:46:55,044 - INFO - 配置文件验证通过
2025-08-03 00:46:55,044 - INFO - 随机种子已设置为: 42
2025-08-03 00:46:55,044 - ERROR - 实验 157 失败: [Errno 2] No such file or directory: '/cephfs/shared/sunyifan/Min-p-CoT/cephfs/shared/sunyifan/Min-p-CoT/grid_search_results'
2025-08-03 00:46:55,044 - INFO - 开始实验 158: min-p值 = [0.8, 0.4, 0.2, 0.9]
2025-08-03 00:46:55,047 - INFO - 配置文件加载成功: /cephfs/shared/sunyifan/Min-p-CoT/grid_search_results/config_experiment_0.8_0.4_0.2_0.9.json
2025-08-03 00:46:55,047 - INFO - 配置文件验证通过
2025-08-03 00:46:55,047 - INFO - 随机种子已设置为: 42
2025-08-03 00:46:55,047 - ERROR - 实验 158 失败: [Errno 2] No such file or directory: '/cephfs/shared/sunyifan/Min-p-CoT/cephfs/shared/sunyifan/Min-p-CoT/grid_search_results'
2025-08-03 00:46:55,047 - INFO - 开始实验 159: min-p值 = [0.8, 0.4, 0.2, 1.0]
2025-08-03 00:46:55,050 - INFO - 配置文件加载成功: /cephfs/shared/sunyifan/Min-p-CoT/grid_search_results/config_experiment_0.8_0.4_0.2_1.0.json
2025-08-03 00:46:55,050 - INFO - 配置文件验证通过
2025-08-03 00:46:55,051 - INFO - 随机种子已设置为: 42
2025-08-03 00:46:55,051 - ERROR - 实验 159 失败: [Errno 2] No such file or directory: '/cephfs/shared/sunyifan/Min-p-CoT/cephfs/shared/sunyifan/Min-p-CoT/grid_search_results'
2025-08-03 00:46:55,051 - INFO - 开始实验 160: min-p值 = [0.8, 0.4, 0.4, 0.8]
2025-08-03 00:46:55,053 - INFO - 配置文件加载成功: /cephfs/shared/sunyifan/Min-p-CoT/grid_search_results/config_experiment_0.8_0.4_0.4_0.8.json
2025-08-03 00:46:55,054 - INFO - 配置文件验证通过
2025-08-03 00:46:55,054 - INFO - 随机种子已设置为: 42
2025-08-03 00:46:55,054 - ERROR - 实验 160 失败: [Errno 2] No such file or directory: '/cephfs/shared/sunyifan/Min-p-CoT/cephfs/shared/sunyifan/Min-p-CoT/grid_search_results'
2025-08-03 00:46:55,054 - INFO - 开始实验 161: min-p值 = [0.8, 0.4, 0.4, 0.9]
2025-08-03 00:46:55,057 - INFO - 配置文件加载成功: /cephfs/shared/sunyifan/Min-p-CoT/grid_search_results/config_experiment_0.8_0.4_0.4_0.9.json
2025-08-03 00:46:55,057 - INFO - 配置文件验证通过
2025-08-03 00:46:55,058 - INFO - 随机种子已设置为: 42
2025-08-03 00:46:55,058 - ERROR - 实验 161 失败: [Errno 2] No such file or directory: '/cephfs/shared/sunyifan/Min-p-CoT/cephfs/shared/sunyifan/Min-p-CoT/grid_search_results'
2025-08-03 00:46:55,058 - INFO - 开始实验 162: min-p值 = [0.8, 0.4, 0.4, 1.0]
2025-08-03 00:46:55,061 - INFO - 配置文件加载成功: /cephfs/shared/sunyifan/Min-p-CoT/grid_search_results/config_experiment_0.8_0.4_0.4_1.0.json
2025-08-03 00:46:55,061 - INFO - 配置文件验证通过
2025-08-03 00:46:55,062 - INFO - 随机种子已设置为: 42
2025-08-03 00:46:55,062 - ERROR - 实验 162 失败: [Errno 2] No such file or directory: '/cephfs/shared/sunyifan/Min-p-CoT/cephfs/shared/sunyifan/Min-p-CoT/grid_search_results'
2025-08-03 00:46:55,062 - INFO - 开始实验 163: min-p值 = [0.8, 0.4, 0.6, 0.8]
2025-08-03 00:46:55,065 - INFO - 配置文件加载成功: /cephfs/shared/sunyifan/Min-p-CoT/grid_search_results/config_experiment_0.8_0.4_0.6_0.8.json
2025-08-03 00:46:55,065 - INFO - 配置文件验证通过
2025-08-03 00:46:55,066 - INFO - 随机种子已设置为: 42
2025-08-03 00:46:55,066 - ERROR - 实验 163 失败: [Errno 2] No such file or directory: '/cephfs/shared/sunyifan/Min-p-CoT/cephfs/shared/sunyifan/Min-p-CoT/grid_search_results'
2025-08-03 00:46:55,066 - INFO - 开始实验 164: min-p值 = [0.8, 0.4, 0.6, 0.9]
2025-08-03 00:46:55,068 - INFO - 配置文件加载成功: /cephfs/shared/sunyifan/Min-p-CoT/grid_search_results/config_experiment_0.8_0.4_0.6_0.9.json
2025-08-03 00:46:55,068 - INFO - 配置文件验证通过
2025-08-03 00:46:55,069 - INFO - 随机种子已设置为: 42
2025-08-03 00:46:55,069 - ERROR - 实验 164 失败: [Errno 2] No such file or directory: '/cephfs/shared/sunyifan/Min-p-CoT/cephfs/shared/sunyifan/Min-p-CoT/grid_search_results'
2025-08-03 00:46:55,069 - INFO - 开始实验 165: min-p值 = [0.8, 0.4, 0.6, 1.0]
2025-08-03 00:46:55,072 - INFO - 配置文件加载成功: /cephfs/shared/sunyifan/Min-p-CoT/grid_search_results/config_experiment_0.8_0.4_0.6_1.0.json
2025-08-03 00:46:55,072 - INFO - 配置文件验证通过
2025-08-03 00:46:55,072 - INFO - 随机种子已设置为: 42
2025-08-03 00:46:55,072 - ERROR - 实验 165 失败: [Errno 2] No such file or directory: '/cephfs/shared/sunyifan/Min-p-CoT/cephfs/shared/sunyifan/Min-p-CoT/grid_search_results'
2025-08-03 00:46:55,073 - INFO - 开始实验 166: min-p值 = [0.8, 0.4, 0.8, 0.8]
2025-08-03 00:46:55,075 - INFO - 配置文件加载成功: /cephfs/shared/sunyifan/Min-p-CoT/grid_search_results/config_experiment_0.8_0.4_0.8_0.8.json
2025-08-03 00:46:55,075 - INFO - 配置文件验证通过
2025-08-03 00:46:55,076 - INFO - 随机种子已设置为: 42
2025-08-03 00:46:55,076 - ERROR - 实验 166 失败: [Errno 2] No such file or directory: '/cephfs/shared/sunyifan/Min-p-CoT/cephfs/shared/sunyifan/Min-p-CoT/grid_search_results'
2025-08-03 00:46:55,076 - INFO - 开始实验 167: min-p值 = [0.8, 0.4, 0.8, 0.9]
2025-08-03 00:46:55,078 - INFO - 配置文件加载成功: /cephfs/shared/sunyifan/Min-p-CoT/grid_search_results/config_experiment_0.8_0.4_0.8_0.9.json
2025-08-03 00:46:55,078 - INFO - 配置文件验证通过
2025-08-03 00:46:55,079 - INFO - 随机种子已设置为: 42
2025-08-03 00:46:55,079 - ERROR - 实验 167 失败: [Errno 2] No such file or directory: '/cephfs/shared/sunyifan/Min-p-CoT/cephfs/shared/sunyifan/Min-p-CoT/grid_search_results'
2025-08-03 00:46:55,079 - INFO - 开始实验 168: min-p值 = [0.8, 0.4, 0.8, 1.0]
2025-08-03 00:46:55,082 - INFO - 配置文件加载成功: /cephfs/shared/sunyifan/Min-p-CoT/grid_search_results/config_experiment_0.8_0.4_0.8_1.0.json
2025-08-03 00:46:55,082 - INFO - 配置文件验证通过
2025-08-03 00:46:55,082 - INFO - 随机种子已设置为: 42
2025-08-03 00:46:55,083 - ERROR - 实验 168 失败: [Errno 2] No such file or directory: '/cephfs/shared/sunyifan/Min-p-CoT/cephfs/shared/sunyifan/Min-p-CoT/grid_search_results'
2025-08-03 00:46:55,083 - INFO - 开始实验 169: min-p值 = [0.8, 0.6, 0.2, 0.8]
2025-08-03 00:46:55,085 - INFO - 配置文件加载成功: /cephfs/shared/sunyifan/Min-p-CoT/grid_search_results/config_experiment_0.8_0.6_0.2_0.8.json
2025-08-03 00:46:55,085 - INFO - 配置文件验证通过
2025-08-03 00:46:55,086 - INFO - 随机种子已设置为: 42
2025-08-03 00:46:55,086 - ERROR - 实验 169 失败: [Errno 2] No such file or directory: '/cephfs/shared/sunyifan/Min-p-CoT/cephfs/shared/sunyifan/Min-p-CoT/grid_search_results'
2025-08-03 00:46:55,086 - INFO - 开始实验 170: min-p值 = [0.8, 0.6, 0.2, 0.9]
2025-08-03 00:46:55,088 - INFO - 配置文件加载成功: /cephfs/shared/sunyifan/Min-p-CoT/grid_search_results/config_experiment_0.8_0.6_0.2_0.9.json
2025-08-03 00:46:55,089 - INFO - 配置文件验证通过
2025-08-03 00:46:55,089 - INFO - 随机种子已设置为: 42
2025-08-03 00:46:55,089 - ERROR - 实验 170 失败: [Errno 2] No such file or directory: '/cephfs/shared/sunyifan/Min-p-CoT/cephfs/shared/sunyifan/Min-p-CoT/grid_search_results'
2025-08-03 00:46:55,089 - INFO - 开始实验 171: min-p值 = [0.8, 0.6, 0.2, 1.0]
2025-08-03 00:46:55,092 - INFO - 配置文件加载成功: /cephfs/shared/sunyifan/Min-p-CoT/grid_search_results/config_experiment_0.8_0.6_0.2_1.0.json
2025-08-03 00:46:55,092 - INFO - 配置文件验证通过
2025-08-03 00:46:55,092 - INFO - 随机种子已设置为: 42
2025-08-03 00:46:55,092 - ERROR - 实验 171 失败: [Errno 2] No such file or directory: '/cephfs/shared/sunyifan/Min-p-CoT/cephfs/shared/sunyifan/Min-p-CoT/grid_search_results'
2025-08-03 00:46:55,093 - INFO - 开始实验 172: min-p值 = [0.8, 0.6, 0.4, 0.8]
2025-08-03 00:46:55,095 - INFO - 配置文件加载成功: /cephfs/shared/sunyifan/Min-p-CoT/grid_search_results/config_experiment_0.8_0.6_0.4_0.8.json
2025-08-03 00:46:55,095 - INFO - 配置文件验证通过
2025-08-03 00:46:55,096 - INFO - 随机种子已设置为: 42
2025-08-03 00:46:55,096 - ERROR - 实验 172 失败: [Errno 2] No such file or directory: '/cephfs/shared/sunyifan/Min-p-CoT/cephfs/shared/sunyifan/Min-p-CoT/grid_search_results'
2025-08-03 00:46:55,096 - INFO - 开始实验 173: min-p值 = [0.8, 0.6, 0.4, 0.9]
2025-08-03 00:46:55,099 - INFO - 配置文件加载成功: /cephfs/shared/sunyifan/Min-p-CoT/grid_search_results/config_experiment_0.8_0.6_0.4_0.9.json
2025-08-03 00:46:55,099 - INFO - 配置文件验证通过
2025-08-03 00:46:55,099 - INFO - 随机种子已设置为: 42
2025-08-03 00:46:55,100 - ERROR - 实验 173 失败: [Errno 2] No such file or directory: '/cephfs/shared/sunyifan/Min-p-CoT/cephfs/shared/sunyifan/Min-p-CoT/grid_search_results'
2025-08-03 00:46:55,100 - INFO - 开始实验 174: min-p值 = [0.8, 0.6, 0.4, 1.0]
2025-08-03 00:46:55,102 - INFO - 配置文件加载成功: /cephfs/shared/sunyifan/Min-p-CoT/grid_search_results/config_experiment_0.8_0.6_0.4_1.0.json
2025-08-03 00:46:55,102 - INFO - 配置文件验证通过
2025-08-03 00:46:55,103 - INFO - 随机种子已设置为: 42
2025-08-03 00:46:55,103 - ERROR - 实验 174 失败: [Errno 2] No such file or directory: '/cephfs/shared/sunyifan/Min-p-CoT/cephfs/shared/sunyifan/Min-p-CoT/grid_search_results'
2025-08-03 00:46:55,103 - INFO - 开始实验 175: min-p值 = [0.8, 0.6, 0.6, 0.8]
2025-08-03 00:46:55,106 - INFO - 配置文件加载成功: /cephfs/shared/sunyifan/Min-p-CoT/grid_search_results/config_experiment_0.8_0.6_0.6_0.8.json
2025-08-03 00:46:55,106 - INFO - 配置文件验证通过
2025-08-03 00:46:55,107 - INFO - 随机种子已设置为: 42
2025-08-03 00:46:55,107 - ERROR - 实验 175 失败: [Errno 2] No such file or directory: '/cephfs/shared/sunyifan/Min-p-CoT/cephfs/shared/sunyifan/Min-p-CoT/grid_search_results'
2025-08-03 00:46:55,107 - INFO - 开始实验 176: min-p值 = [0.8, 0.6, 0.6, 0.9]
2025-08-03 00:46:55,109 - INFO - 配置文件加载成功: /cephfs/shared/sunyifan/Min-p-CoT/grid_search_results/config_experiment_0.8_0.6_0.6_0.9.json
2025-08-03 00:46:55,109 - INFO - 配置文件验证通过
2025-08-03 00:46:55,110 - INFO - 随机种子已设置为: 42
2025-08-03 00:46:55,110 - ERROR - 实验 176 失败: [Errno 2] No such file or directory: '/cephfs/shared/sunyifan/Min-p-CoT/cephfs/shared/sunyifan/Min-p-CoT/grid_search_results'
2025-08-03 00:46:55,110 - INFO - 开始实验 177: min-p值 = [0.8, 0.6, 0.6, 1.0]
2025-08-03 00:46:55,112 - INFO - 配置文件加载成功: /cephfs/shared/sunyifan/Min-p-CoT/grid_search_results/config_experiment_0.8_0.6_0.6_1.0.json
2025-08-03 00:46:55,113 - INFO - 配置文件验证通过
2025-08-03 00:46:55,113 - INFO - 随机种子已设置为: 42
2025-08-03 00:46:55,113 - ERROR - 实验 177 失败: [Errno 2] No such file or directory: '/cephfs/shared/sunyifan/Min-p-CoT/cephfs/shared/sunyifan/Min-p-CoT/grid_search_results'
2025-08-03 00:46:55,113 - INFO - 开始实验 178: min-p值 = [0.8, 0.6, 0.8, 0.8]
2025-08-03 00:46:55,116 - INFO - 配置文件加载成功: /cephfs/shared/sunyifan/Min-p-CoT/grid_search_results/config_experiment_0.8_0.6_0.8_0.8.json
2025-08-03 00:46:55,116 - INFO - 配置文件验证通过
2025-08-03 00:46:55,116 - INFO - 随机种子已设置为: 42
2025-08-03 00:46:55,117 - ERROR - 实验 178 失败: [Errno 2] No such file or directory: '/cephfs/shared/sunyifan/Min-p-CoT/cephfs/shared/sunyifan/Min-p-CoT/grid_search_results'
2025-08-03 00:46:55,117 - INFO - 开始实验 179: min-p值 = [0.8, 0.6, 0.8, 0.9]
2025-08-03 00:46:55,120 - INFO - 配置文件加载成功: /cephfs/shared/sunyifan/Min-p-CoT/grid_search_results/config_experiment_0.8_0.6_0.8_0.9.json
2025-08-03 00:46:55,120 - INFO - 配置文件验证通过
2025-08-03 00:46:55,121 - INFO - 随机种子已设置为: 42
2025-08-03 00:46:55,121 - ERROR - 实验 179 失败: [Errno 2] No such file or directory: '/cephfs/shared/sunyifan/Min-p-CoT/cephfs/shared/sunyifan/Min-p-CoT/grid_search_results'
2025-08-03 00:46:55,121 - INFO - 开始实验 180: min-p值 = [0.8, 0.6, 0.8, 1.0]
2025-08-03 00:46:55,123 - INFO - 配置文件加载成功: /cephfs/shared/sunyifan/Min-p-CoT/grid_search_results/config_experiment_0.8_0.6_0.8_1.0.json
2025-08-03 00:46:55,123 - INFO - 配置文件验证通过
2025-08-03 00:46:55,124 - INFO - 随机种子已设置为: 42
2025-08-03 00:46:55,124 - ERROR - 实验 180 失败: [Errno 2] No such file or directory: '/cephfs/shared/sunyifan/Min-p-CoT/cephfs/shared/sunyifan/Min-p-CoT/grid_search_results'
2025-08-03 00:46:55,124 - INFO - 开始实验 181: min-p值 = [0.8, 0.8, 0.2, 0.8]
2025-08-03 00:46:55,127 - INFO - 配置文件加载成功: /cephfs/shared/sunyifan/Min-p-CoT/grid_search_results/config_experiment_0.8_0.8_0.2_0.8.json
2025-08-03 00:46:55,127 - INFO - 配置文件验证通过
2025-08-03 00:46:55,127 - INFO - 随机种子已设置为: 42
2025-08-03 00:46:55,127 - ERROR - 实验 181 失败: [Errno 2] No such file or directory: '/cephfs/shared/sunyifan/Min-p-CoT/cephfs/shared/sunyifan/Min-p-CoT/grid_search_results'
2025-08-03 00:46:55,128 - INFO - 开始实验 182: min-p值 = [0.8, 0.8, 0.2, 0.9]
2025-08-03 00:46:55,130 - INFO - 配置文件加载成功: /cephfs/shared/sunyifan/Min-p-CoT/grid_search_results/config_experiment_0.8_0.8_0.2_0.9.json
2025-08-03 00:46:55,130 - INFO - 配置文件验证通过
2025-08-03 00:46:55,131 - INFO - 随机种子已设置为: 42
2025-08-03 00:46:55,131 - ERROR - 实验 182 失败: [Errno 2] No such file or directory: '/cephfs/shared/sunyifan/Min-p-CoT/cephfs/shared/sunyifan/Min-p-CoT/grid_search_results'
2025-08-03 00:46:55,131 - INFO - 开始实验 183: min-p值 = [0.8, 0.8, 0.2, 1.0]
2025-08-03 00:46:55,133 - INFO - 配置文件加载成功: /cephfs/shared/sunyifan/Min-p-CoT/grid_search_results/config_experiment_0.8_0.8_0.2_1.0.json
2025-08-03 00:46:55,133 - INFO - 配置文件验证通过
2025-08-03 00:46:55,134 - INFO - 随机种子已设置为: 42
2025-08-03 00:46:55,134 - ERROR - 实验 183 失败: [Errno 2] No such file or directory: '/cephfs/shared/sunyifan/Min-p-CoT/cephfs/shared/sunyifan/Min-p-CoT/grid_search_results'
2025-08-03 00:46:55,134 - INFO - 开始实验 184: min-p值 = [0.8, 0.8, 0.4, 0.8]
2025-08-03 00:46:55,137 - INFO - 配置文件加载成功: /cephfs/shared/sunyifan/Min-p-CoT/grid_search_results/config_experiment_0.8_0.8_0.4_0.8.json
2025-08-03 00:46:55,137 - INFO - 配置文件验证通过
2025-08-03 00:46:55,138 - INFO - 随机种子已设置为: 42
2025-08-03 00:46:55,138 - ERROR - 实验 184 失败: [Errno 2] No such file or directory: '/cephfs/shared/sunyifan/Min-p-CoT/cephfs/shared/sunyifan/Min-p-CoT/grid_search_results'
2025-08-03 00:46:55,138 - INFO - 开始实验 185: min-p值 = [0.8, 0.8, 0.4, 0.9]
2025-08-03 00:46:55,141 - INFO - 配置文件加载成功: /cephfs/shared/sunyifan/Min-p-CoT/grid_search_results/config_experiment_0.8_0.8_0.4_0.9.json
2025-08-03 00:46:55,141 - INFO - 配置文件验证通过
2025-08-03 00:46:55,141 - INFO - 随机种子已设置为: 42
2025-08-03 00:46:55,141 - ERROR - 实验 185 失败: [Errno 2] No such file or directory: '/cephfs/shared/sunyifan/Min-p-CoT/cephfs/shared/sunyifan/Min-p-CoT/grid_search_results'
2025-08-03 00:46:55,141 - INFO - 开始实验 186: min-p值 = [0.8, 0.8, 0.4, 1.0]
2025-08-03 00:46:55,144 - INFO - 配置文件加载成功: /cephfs/shared/sunyifan/Min-p-CoT/grid_search_results/config_experiment_0.8_0.8_0.4_1.0.json
2025-08-03 00:46:55,144 - INFO - 配置文件验证通过
2025-08-03 00:46:55,144 - INFO - 随机种子已设置为: 42
2025-08-03 00:46:55,145 - ERROR - 实验 186 失败: [Errno 2] No such file or directory: '/cephfs/shared/sunyifan/Min-p-CoT/cephfs/shared/sunyifan/Min-p-CoT/grid_search_results'
2025-08-03 00:46:55,145 - INFO - 开始实验 187: min-p值 = [0.8, 0.8, 0.6, 0.8]
2025-08-03 00:46:55,147 - INFO - 配置文件加载成功: /cephfs/shared/sunyifan/Min-p-CoT/grid_search_results/config_experiment_0.8_0.8_0.6_0.8.json
2025-08-03 00:46:55,147 - INFO - 配置文件验证通过
2025-08-03 00:46:55,148 - INFO - 随机种子已设置为: 42
2025-08-03 00:46:55,148 - ERROR - 实验 187 失败: [Errno 2] No such file or directory: '/cephfs/shared/sunyifan/Min-p-CoT/cephfs/shared/sunyifan/Min-p-CoT/grid_search_results'
2025-08-03 00:46:55,148 - INFO - 开始实验 188: min-p值 = [0.8, 0.8, 0.6, 0.9]
2025-08-03 00:46:55,150 - INFO - 配置文件加载成功: /cephfs/shared/sunyifan/Min-p-CoT/grid_search_results/config_experiment_0.8_0.8_0.6_0.9.json
2025-08-03 00:46:55,151 - INFO - 配置文件验证通过
2025-08-03 00:46:55,151 - INFO - 随机种子已设置为: 42
2025-08-03 00:46:55,151 - ERROR - 实验 188 失败: [Errno 2] No such file or directory: '/cephfs/shared/sunyifan/Min-p-CoT/cephfs/shared/sunyifan/Min-p-CoT/grid_search_results'
2025-08-03 00:46:55,151 - INFO - 开始实验 189: min-p值 = [0.8, 0.8, 0.6, 1.0]
2025-08-03 00:46:55,154 - INFO - 配置文件加载成功: /cephfs/shared/sunyifan/Min-p-CoT/grid_search_results/config_experiment_0.8_0.8_0.6_1.0.json
2025-08-03 00:46:55,154 - INFO - 配置文件验证通过
2025-08-03 00:46:55,155 - INFO - 随机种子已设置为: 42
2025-08-03 00:46:55,155 - ERROR - 实验 189 失败: [Errno 2] No such file or directory: '/cephfs/shared/sunyifan/Min-p-CoT/cephfs/shared/sunyifan/Min-p-CoT/grid_search_results'
2025-08-03 00:46:55,155 - INFO - 开始实验 190: min-p值 = [0.8, 0.8, 0.8, 0.8]
2025-08-03 00:46:55,158 - INFO - 配置文件加载成功: /cephfs/shared/sunyifan/Min-p-CoT/grid_search_results/config_experiment_0.8_0.8_0.8_0.8.json
2025-08-03 00:46:55,158 - INFO - 配置文件验证通过
2025-08-03 00:46:55,158 - INFO - 随机种子已设置为: 42
2025-08-03 00:46:55,158 - ERROR - 实验 190 失败: [Errno 2] No such file or directory: '/cephfs/shared/sunyifan/Min-p-CoT/cephfs/shared/sunyifan/Min-p-CoT/grid_search_results'
2025-08-03 00:46:55,158 - INFO - 开始实验 191: min-p值 = [0.8, 0.8, 0.8, 0.9]
2025-08-03 00:46:55,161 - INFO - 配置文件加载成功: /cephfs/shared/sunyifan/Min-p-CoT/grid_search_results/config_experiment_0.8_0.8_0.8_0.9.json
2025-08-03 00:46:55,161 - INFO - 配置文件验证通过
2025-08-03 00:46:55,162 - INFO - 随机种子已设置为: 42
2025-08-03 00:46:55,162 - ERROR - 实验 191 失败: [Errno 2] No such file or directory: '/cephfs/shared/sunyifan/Min-p-CoT/cephfs/shared/sunyifan/Min-p-CoT/grid_search_results'
2025-08-03 00:46:55,162 - INFO - 开始实验 192: min-p值 = [0.8, 0.8, 0.8, 1.0]
2025-08-03 00:46:55,164 - INFO - 配置文件加载成功: /cephfs/shared/sunyifan/Min-p-CoT/grid_search_results/config_experiment_0.8_0.8_0.8_1.0.json
2025-08-03 00:46:55,164 - INFO - 配置文件验证通过
2025-08-03 00:46:55,165 - INFO - 随机种子已设置为: 42
2025-08-03 00:46:55,165 - ERROR - 实验 192 失败: [Errno 2] No such file or directory: '/cephfs/shared/sunyifan/Min-p-CoT/cephfs/shared/sunyifan/Min-p-CoT/grid_search_results'
2025-08-03 00:46:55,165 - ERROR - 没有成功的实验
