2025-08-03 00:46:54,293 - INFO - 配置文件加载成功: /cephfs/shared/sunyifan/Min-p-CoT/grid_search_results/config_experiment_0.2_0.2_0.2_0.8.json
2025-08-03 00:46:54,293 - INFO - 配置文件验证通过
2025-08-03 00:46:54,328 - INFO - 随机种子已设置为: 42
2025-08-03 00:46:54,328 - ERROR - 实验 1 失败: [Errno 2] No such file or directory: '/cephfs/shared/sunyifan/Min-p-CoT/cephfs/shared/sunyifan/Min-p-CoT/grid_search_results'
2025-08-03 00:46:54,328 - INFO - 开始实验 2: min-p值 = [0.2, 0.2, 0.2, 0.9]
2025-08-03 00:46:54,332 - INFO - 配置文件加载成功: /cephfs/shared/sunyifan/Min-p-CoT/grid_search_results/config_experiment_0.2_0.2_0.2_0.9.json
2025-08-03 00:46:54,332 - INFO - 配置文件验证通过
2025-08-03 00:46:54,332 - INFO - 随机种子已设置为: 42
2025-08-03 00:46:54,332 - ERROR - 实验 2 失败: [Errno 2] No such file or directory: '/cephfs/shared/sunyifan/Min-p-CoT/cephfs/shared/sunyifan/Min-p-CoT/grid_search_results'
2025-08-03 00:46:54,332 - INFO - 开始实验 3: min-p值 = [0.2, 0.2, 0.2, 1.0]
2025-08-03 00:46:54,336 - INFO - 配置文件加载成功: /cephfs/shared/sunyifan/Min-p-CoT/grid_search_results/config_experiment_0.2_0.2_0.2_1.0.json
2025-08-03 00:46:54,336 - INFO - 配置文件验证通过
2025-08-03 00:46:54,336 - INFO - 随机种子已设置为: 42
2025-08-03 00:46:54,336 - ERROR - 实验 3 失败: [Errno 2] No such file or directory: '/cephfs/shared/sunyifan/Min-p-CoT/cephfs/shared/sunyifan/Min-p-CoT/grid_search_results'
2025-08-03 00:46:54,336 - INFO - 开始实验 4: min-p值 = [0.2, 0.2, 0.4, 0.8]
2025-08-03 00:46:54,339 - INFO - 配置文件加载成功: /cephfs/shared/sunyifan/Min-p-CoT/grid_search_results/config_experiment_0.2_0.2_0.4_0.8.json
2025-08-03 00:46:54,339 - INFO - 配置文件验证通过
2025-08-03 00:46:54,340 - INFO - 随机种子已设置为: 42
2025-08-03 00:46:54,340 - ERROR - 实验 4 失败: [Errno 2] No such file or directory: '/cephfs/shared/sunyifan/Min-p-CoT/cephfs/shared/sunyifan/Min-p-CoT/grid_search_results'
2025-08-03 00:46:54,340 - INFO - 开始实验 5: min-p值 = [0.2, 0.2, 0.4, 0.9]
2025-08-03 00:46:54,343 - INFO - 配置文件加载成功: /cephfs/shared/sunyifan/Min-p-CoT/grid_search_results/config_experiment_0.2_0.2_0.4_0.9.json
2025-08-03 00:46:54,343 - INFO - 配置文件验证通过
2025-08-03 00:46:54,344 - INFO - 随机种子已设置为: 42
2025-08-03 00:46:54,344 - ERROR - 实验 5 失败: [Errno 2] No such file or directory: '/cephfs/shared/sunyifan/Min-p-CoT/cephfs/shared/sunyifan/Min-p-CoT/grid_search_results'
2025-08-03 00:46:54,344 - INFO - 开始实验 6: min-p值 = [0.2, 0.2, 0.4, 1.0]
2025-08-03 00:46:54,347 - INFO - 配置文件加载成功: /cephfs/shared/sunyifan/Min-p-CoT/grid_search_results/config_experiment_0.2_0.2_0.4_1.0.json
2025-08-03 00:46:54,347 - INFO - 配置文件验证通过
2025-08-03 00:46:54,348 - INFO - 随机种子已设置为: 42
2025-08-03 00:46:54,348 - ERROR - 实验 6 失败: [Errno 2] No such file or directory: '/cephfs/shared/sunyifan/Min-p-CoT/cephfs/shared/sunyifan/Min-p-CoT/grid_search_results'
2025-08-03 00:46:54,348 - INFO - 开始实验 7: min-p值 = [0.2, 0.2, 0.6, 0.8]
2025-08-03 00:46:54,351 - INFO - 配置文件加载成功: /cephfs/shared/sunyifan/Min-p-CoT/grid_search_results/config_experiment_0.2_0.2_0.6_0.8.json
2025-08-03 00:46:54,351 - INFO - 配置文件验证通过
2025-08-03 00:46:54,352 - INFO - 随机种子已设置为: 42
2025-08-03 00:46:54,352 - ERROR - 实验 7 失败: [Errno 2] No such file or directory: '/cephfs/shared/sunyifan/Min-p-CoT/cephfs/shared/sunyifan/Min-p-CoT/grid_search_results'
2025-08-03 00:46:54,352 - INFO - 开始实验 8: min-p值 = [0.2, 0.2, 0.6, 0.9]
2025-08-03 00:46:54,355 - INFO - 配置文件加载成功: /cephfs/shared/sunyifan/Min-p-CoT/grid_search_results/config_experiment_0.2_0.2_0.6_0.9.json
2025-08-03 00:46:54,355 - INFO - 配置文件验证通过
2025-08-03 00:46:54,355 - INFO - 随机种子已设置为: 42
2025-08-03 00:46:54,355 - ERROR - 实验 8 失败: [Errno 2] No such file or directory: '/cephfs/shared/sunyifan/Min-p-CoT/cephfs/shared/sunyifan/Min-p-CoT/grid_search_results'
2025-08-03 00:46:54,355 - INFO - 开始实验 9: min-p值 = [0.2, 0.2, 0.6, 1.0]
2025-08-03 00:46:54,358 - INFO - 配置文件加载成功: /cephfs/shared/sunyifan/Min-p-CoT/grid_search_results/config_experiment_0.2_0.2_0.6_1.0.json
2025-08-03 00:46:54,358 - INFO - 配置文件验证通过
2025-08-03 00:46:54,359 - INFO - 随机种子已设置为: 42
2025-08-03 00:46:54,359 - ERROR - 实验 9 失败: [Errno 2] No such file or directory: '/cephfs/shared/sunyifan/Min-p-CoT/cephfs/shared/sunyifan/Min-p-CoT/grid_search_results'
2025-08-03 00:46:54,359 - INFO - 开始实验 10: min-p值 = [0.2, 0.2, 0.8, 0.8]
2025-08-03 00:46:54,362 - INFO - 配置文件加载成功: /cephfs/shared/sunyifan/Min-p-CoT/grid_search_results/config_experiment_0.2_0.2_0.8_0.8.json
2025-08-03 00:46:54,362 - INFO - 配置文件验证通过
2025-08-03 00:46:54,363 - INFO - 随机种子已设置为: 42
2025-08-03 00:46:54,363 - ERROR - 实验 10 失败: [Errno 2] No such file or directory: '/cephfs/shared/sunyifan/Min-p-CoT/cephfs/shared/sunyifan/Min-p-CoT/grid_search_results'
2025-08-03 00:46:54,363 - INFO - 开始实验 11: min-p值 = [0.2, 0.2, 0.8, 0.9]
2025-08-03 00:46:54,366 - INFO - 配置文件加载成功: /cephfs/shared/sunyifan/Min-p-CoT/grid_search_results/config_experiment_0.2_0.2_0.8_0.9.json
2025-08-03 00:46:54,366 - INFO - 配置文件验证通过
2025-08-03 00:46:54,366 - INFO - 随机种子已设置为: 42
2025-08-03 00:46:54,366 - ERROR - 实验 11 失败: [Errno 2] No such file or directory: '/cephfs/shared/sunyifan/Min-p-CoT/cephfs/shared/sunyifan/Min-p-CoT/grid_search_results'
2025-08-03 00:46:54,367 - INFO - 开始实验 12: min-p值 = [0.2, 0.2, 0.8, 1.0]
2025-08-03 00:46:54,371 - INFO - 配置文件加载成功: /cephfs/shared/sunyifan/Min-p-CoT/grid_search_results/config_experiment_0.2_0.2_0.8_1.0.json
2025-08-03 00:46:54,371 - INFO - 配置文件验证通过
2025-08-03 00:46:54,372 - INFO - 随机种子已设置为: 42
2025-08-03 00:46:54,372 - ERROR - 实验 12 失败: [Errno 2] No such file or directory: '/cephfs/shared/sunyifan/Min-p-CoT/cephfs/shared/sunyifan/Min-p-CoT/grid_search_results'
2025-08-03 00:46:54,372 - INFO - 开始实验 13: min-p值 = [0.2, 0.4, 0.2, 0.8]
2025-08-03 00:46:54,375 - INFO - 配置文件加载成功: /cephfs/shared/sunyifan/Min-p-CoT/grid_search_results/config_experiment_0.2_0.4_0.2_0.8.json
2025-08-03 00:46:54,375 - INFO - 配置文件验证通过
2025-08-03 00:46:54,376 - INFO - 随机种子已设置为: 42
2025-08-03 00:46:54,376 - ERROR - 实验 13 失败: [Errno 2] No such file or directory: '/cephfs/shared/sunyifan/Min-p-CoT/cephfs/shared/sunyifan/Min-p-CoT/grid_search_results'
2025-08-03 00:46:54,376 - INFO - 开始实验 14: min-p值 = [0.2, 0.4, 0.2, 0.9]
2025-08-03 00:46:54,379 - INFO - 配置文件加载成功: /cephfs/shared/sunyifan/Min-p-CoT/grid_search_results/config_experiment_0.2_0.4_0.2_0.9.json
2025-08-03 00:46:54,379 - INFO - 配置文件验证通过
2025-08-03 00:46:54,379 - INFO - 随机种子已设置为: 42
2025-08-03 00:46:54,379 - ERROR - 实验 14 失败: [Errno 2] No such file or directory: '/cephfs/shared/sunyifan/Min-p-CoT/cephfs/shared/sunyifan/Min-p-CoT/grid_search_results'
2025-08-03 00:46:54,379 - INFO - 开始实验 15: min-p值 = [0.2, 0.4, 0.2, 1.0]
2025-08-03 00:46:54,384 - INFO - 配置文件加载成功: /cephfs/shared/sunyifan/Min-p-CoT/grid_search_results/config_experiment_0.2_0.4_0.2_1.0.json
2025-08-03 00:46:54,384 - INFO - 配置文件验证通过
2025-08-03 00:46:54,384 - INFO - 随机种子已设置为: 42
2025-08-03 00:46:54,385 - ERROR - 实验 15 失败: [Errno 2] No such file or directory: '/cephfs/shared/sunyifan/Min-p-CoT/cephfs/shared/sunyifan/Min-p-CoT/grid_search_results'
2025-08-03 00:46:54,385 - INFO - 开始实验 16: min-p值 = [0.2, 0.4, 0.4, 0.8]
2025-08-03 00:46:54,388 - INFO - 配置文件加载成功: /cephfs/shared/sunyifan/Min-p-CoT/grid_search_results/config_experiment_0.2_0.4_0.4_0.8.json
2025-08-03 00:46:54,388 - INFO - 配置文件验证通过
2025-08-03 00:46:54,389 - INFO - 随机种子已设置为: 42
2025-08-03 00:46:54,389 - ERROR - 实验 16 失败: [Errno 2] No such file or directory: '/cephfs/shared/sunyifan/Min-p-CoT/cephfs/shared/sunyifan/Min-p-CoT/grid_search_results'
2025-08-03 00:46:54,389 - INFO - 开始实验 17: min-p值 = [0.2, 0.4, 0.4, 0.9]
2025-08-03 00:46:54,392 - INFO - 配置文件加载成功: /cephfs/shared/sunyifan/Min-p-CoT/grid_search_results/config_experiment_0.2_0.4_0.4_0.9.json
2025-08-03 00:46:54,392 - INFO - 配置文件验证通过
2025-08-03 00:46:54,393 - INFO - 随机种子已设置为: 42
2025-08-03 00:46:54,393 - ERROR - 实验 17 失败: [Errno 2] No such file or directory: '/cephfs/shared/sunyifan/Min-p-CoT/cephfs/shared/sunyifan/Min-p-CoT/grid_search_results'
2025-08-03 00:46:54,393 - INFO - 开始实验 18: min-p值 = [0.2, 0.4, 0.4, 1.0]
2025-08-03 00:46:54,396 - INFO - 配置文件加载成功: /cephfs/shared/sunyifan/Min-p-CoT/grid_search_results/config_experiment_0.2_0.4_0.4_1.0.json
2025-08-03 00:46:54,396 - INFO - 配置文件验证通过
2025-08-03 00:46:54,396 - INFO - 随机种子已设置为: 42
2025-08-03 00:46:54,396 - ERROR - 实验 18 失败: [Errno 2] No such file or directory: '/cephfs/shared/sunyifan/Min-p-CoT/cephfs/shared/sunyifan/Min-p-CoT/grid_search_results'
2025-08-03 00:46:54,396 - INFO - 开始实验 19: min-p值 = [0.2, 0.4, 0.6, 0.8]
2025-08-03 00:46:54,399 - INFO - 配置文件加载成功: /cephfs/shared/sunyifan/Min-p-CoT/grid_search_results/config_experiment_0.2_0.4_0.6_0.8.json
2025-08-03 00:46:54,399 - INFO - 配置文件验证通过
2025-08-03 00:46:54,400 - INFO - 随机种子已设置为: 42
2025-08-03 00:46:54,400 - ERROR - 实验 19 失败: [Errno 2] No such file or directory: '/cephfs/shared/sunyifan/Min-p-CoT/cephfs/shared/sunyifan/Min-p-CoT/grid_search_results'
2025-08-03 00:46:54,400 - INFO - 开始实验 20: min-p值 = [0.2, 0.4, 0.6, 0.9]
2025-08-03 00:46:54,402 - INFO - 配置文件加载成功: /cephfs/shared/sunyifan/Min-p-CoT/grid_search_results/config_experiment_0.2_0.4_0.6_0.9.json
2025-08-03 00:46:54,402 - INFO - 配置文件验证通过
2025-08-03 00:46:54,403 - INFO - 随机种子已设置为: 42
2025-08-03 00:46:54,403 - ERROR - 实验 20 失败: [Errno 2] No such file or directory: '/cephfs/shared/sunyifan/Min-p-CoT/cephfs/shared/sunyifan/Min-p-CoT/grid_search_results'
2025-08-03 00:46:54,403 - INFO - 开始实验 21: min-p值 = [0.2, 0.4, 0.6, 1.0]
2025-08-03 00:46:54,549 - INFO - 配置文件加载成功: /cephfs/shared/sunyifan/Min-p-CoT/grid_search_results/config_experiment_0.2_0.4_0.6_1.0.json
2025-08-03 00:46:54,550 - INFO - 配置文件验证通过
2025-08-03 00:46:54,550 - INFO - 随机种子已设置为: 42
2025-08-03 00:46:54,550 - ERROR - 实验 21 失败: [Errno 2] No such file or directory: '/cephfs/shared/sunyifan/Min-p-CoT/cephfs/shared/sunyifan/Min-p-CoT/grid_search_results'
2025-08-03 00:46:54,550 - INFO - 开始实验 22: min-p值 = [0.2, 0.4, 0.8, 0.8]
2025-08-03 00:46:54,554 - INFO - 配置文件加载成功: /cephfs/shared/sunyifan/Min-p-CoT/grid_search_results/config_experiment_0.2_0.4_0.8_0.8.json
2025-08-03 00:46:54,555 - INFO - 配置文件验证通过
2025-08-03 00:46:54,555 - INFO - 随机种子已设置为: 42
2025-08-03 00:46:54,556 - ERROR - 实验 22 失败: [Errno 2] No such file or directory: '/cephfs/shared/sunyifan/Min-p-CoT/cephfs/shared/sunyifan/Min-p-CoT/grid_search_results'
2025-08-03 00:46:54,556 - INFO - 开始实验 23: min-p值 = [0.2, 0.4, 0.8, 0.9]
2025-08-03 00:46:54,559 - INFO - 配置文件加载成功: /cephfs/shared/sunyifan/Min-p-CoT/grid_search_results/config_experiment_0.2_0.4_0.8_0.9.json
2025-08-03 00:46:54,559 - INFO - 配置文件验证通过
2025-08-03 00:46:54,560 - INFO - 随机种子已设置为: 42
2025-08-03 00:46:54,560 - ERROR - 实验 23 失败: [Errno 2] No such file or directory: '/cephfs/shared/sunyifan/Min-p-CoT/cephfs/shared/sunyifan/Min-p-CoT/grid_search_results'
2025-08-03 00:46:54,560 - INFO - 开始实验 24: min-p值 = [0.2, 0.4, 0.8, 1.0]
2025-08-03 00:46:54,563 - INFO - 配置文件加载成功: /cephfs/shared/sunyifan/Min-p-CoT/grid_search_results/config_experiment_0.2_0.4_0.8_1.0.json
2025-08-03 00:46:54,563 - INFO - 配置文件验证通过
2025-08-03 00:46:54,563 - INFO - 随机种子已设置为: 42
2025-08-03 00:46:54,563 - ERROR - 实验 24 失败: [Errno 2] No such file or directory: '/cephfs/shared/sunyifan/Min-p-CoT/cephfs/shared/sunyifan/Min-p-CoT/grid_search_results'
2025-08-03 00:46:54,564 - INFO - 开始实验 25: min-p值 = [0.2, 0.6, 0.2, 0.8]
2025-08-03 00:46:54,566 - INFO - 配置文件加载成功: /cephfs/shared/sunyifan/Min-p-CoT/grid_search_results/config_experiment_0.2_0.6_0.2_0.8.json
2025-08-03 00:46:54,566 - INFO - 配置文件验证通过
2025-08-03 00:46:54,567 - INFO - 随机种子已设置为: 42
2025-08-03 00:46:54,567 - ERROR - 实验 25 失败: [Errno 2] No such file or directory: '/cephfs/shared/sunyifan/Min-p-CoT/cephfs/shared/sunyifan/Min-p-CoT/grid_search_results'
2025-08-03 00:46:54,567 - INFO - 开始实验 26: min-p值 = [0.2, 0.6, 0.2, 0.9]
2025-08-03 00:46:54,570 - INFO - 配置文件加载成功: /cephfs/shared/sunyifan/Min-p-CoT/grid_search_results/config_experiment_0.2_0.6_0.2_0.9.json
2025-08-03 00:46:54,570 - INFO - 配置文件验证通过
2025-08-03 00:46:54,570 - INFO - 随机种子已设置为: 42
2025-08-03 00:46:54,571 - ERROR - 实验 26 失败: [Errno 2] No such file or directory: '/cephfs/shared/sunyifan/Min-p-CoT/cephfs/shared/sunyifan/Min-p-CoT/grid_search_results'
2025-08-03 00:46:54,571 - INFO - 开始实验 27: min-p值 = [0.2, 0.6, 0.2, 1.0]
2025-08-03 00:46:54,573 - INFO - 配置文件加载成功: /cephfs/shared/sunyifan/Min-p-CoT/grid_search_results/config_experiment_0.2_0.6_0.2_1.0.json
2025-08-03 00:46:54,574 - INFO - 配置文件验证通过
2025-08-03 00:46:54,574 - INFO - 随机种子已设置为: 42
2025-08-03 00:46:54,574 - ERROR - 实验 27 失败: [Errno 2] No such file or directory: '/cephfs/shared/sunyifan/Min-p-CoT/cephfs/shared/sunyifan/Min-p-CoT/grid_search_results'
2025-08-03 00:46:54,574 - INFO - 开始实验 28: min-p值 = [0.2, 0.6, 0.4, 0.8]
2025-08-03 00:46:54,577 - INFO - 配置文件加载成功: /cephfs/shared/sunyifan/Min-p-CoT/grid_search_results/config_experiment_0.2_0.6_0.4_0.8.json
2025-08-03 00:46:54,577 - INFO - 配置文件验证通过
2025-08-03 00:46:54,578 - INFO - 随机种子已设置为: 42
2025-08-03 00:46:54,578 - ERROR - 实验 28 失败: [Errno 2] No such file or directory: '/cephfs/shared/sunyifan/Min-p-CoT/cephfs/shared/sunyifan/Min-p-CoT/grid_search_results'
2025-08-03 00:46:54,578 - INFO - 开始实验 29: min-p值 = [0.2, 0.6, 0.4, 0.9]
2025-08-03 00:46:54,581 - INFO - 配置文件加载成功: /cephfs/shared/sunyifan/Min-p-CoT/grid_search_results/config_experiment_0.2_0.6_0.4_0.9.json
2025-08-03 00:46:54,581 - INFO - 配置文件验证通过
2025-08-03 00:46:54,581 - INFO - 随机种子已设置为: 42
2025-08-03 00:46:54,581 - ERROR - 实验 29 失败: [Errno 2] No such file or directory: '/cephfs/shared/sunyifan/Min-p-CoT/cephfs/shared/sunyifan/Min-p-CoT/grid_search_results'
2025-08-03 00:46:54,582 - INFO - 开始实验 30: min-p值 = [0.2, 0.6, 0.4, 1.0]
2025-08-03 00:46:54,584 - INFO - 配置文件加载成功: /cephfs/shared/sunyifan/Min-p-CoT/grid_search_results/config_experiment_0.2_0.6_0.4_1.0.json
2025-08-03 00:46:54,584 - INFO - 配置文件验证通过
2025-08-03 00:46:54,585 - INFO - 随机种子已设置为: 42
2025-08-03 00:46:54,585 - ERROR - 实验 30 失败: [Errno 2] No such file or directory: '/cephfs/shared/sunyifan/Min-p-CoT/cephfs/shared/sunyifan/Min-p-CoT/grid_search_results'
2025-08-03 00:46:54,585 - INFO - 开始实验 31: min-p值 = [0.2, 0.6, 0.6, 0.8]
2025-08-03 00:46:54,587 - INFO - 配置文件加载成功: /cephfs/shared/sunyifan/Min-p-CoT/grid_search_results/config_experiment_0.2_0.6_0.6_0.8.json
2025-08-03 00:46:54,588 - INFO - 配置文件验证通过
2025-08-03 00:46:54,588 - INFO - 随机种子已设置为: 42
2025-08-03 00:46:54,588 - ERROR - 实验 31 失败: [Errno 2] No such file or directory: '/cephfs/shared/sunyifan/Min-p-CoT/cephfs/shared/sunyifan/Min-p-CoT/grid_search_results'
2025-08-03 00:46:54,588 - INFO - 开始实验 32: min-p值 = [0.2, 0.6, 0.6, 0.9]
2025-08-03 00:46:54,591 - INFO - 配置文件加载成功: /cephfs/shared/sunyifan/Min-p-CoT/grid_search_results/config_experiment_0.2_0.6_0.6_0.9.json
2025-08-03 00:46:54,591 - INFO - 配置文件验证通过
2025-08-03 00:46:54,592 - INFO - 随机种子已设置为: 42
2025-08-03 00:46:54,592 - ERROR - 实验 32 失败: [Errno 2] No such file or directory: '/cephfs/shared/sunyifan/Min-p-CoT/cephfs/shared/sunyifan/Min-p-CoT/grid_search_results'
2025-08-03 00:46:54,592 - INFO - 开始实验 33: min-p值 = [0.2, 0.6, 0.6, 1.0]
2025-08-03 00:46:54,595 - INFO - 配置文件加载成功: /cephfs/shared/sunyifan/Min-p-CoT/grid_search_results/config_experiment_0.2_0.6_0.6_1.0.json
2025-08-03 00:46:54,595 - INFO - 配置文件验证通过
2025-08-03 00:46:54,596 - INFO - 随机种子已设置为: 42
2025-08-03 00:46:54,596 - ERROR - 实验 33 失败: [Errno 2] No such file or directory: '/cephfs/shared/sunyifan/Min-p-CoT/cephfs/shared/sunyifan/Min-p-CoT/grid_search_results'
2025-08-03 00:46:54,596 - INFO - 开始实验 34: min-p值 = [0.2, 0.6, 0.8, 0.8]
2025-08-03 00:46:54,598 - INFO - 配置文件加载成功: /cephfs/shared/sunyifan/Min-p-CoT/grid_search_results/config_experiment_0.2_0.6_0.8_0.8.json
2025-08-03 00:46:54,599 - INFO - 配置文件验证通过
2025-08-03 00:46:54,599 - INFO - 随机种子已设置为: 42
2025-08-03 00:46:54,599 - ERROR - 实验 34 失败: [Errno 2] No such file or directory: '/cephfs/shared/sunyifan/Min-p-CoT/cephfs/shared/sunyifan/Min-p-CoT/grid_search_results'
2025-08-03 00:46:54,599 - INFO - 开始实验 35: min-p值 = [0.2, 0.6, 0.8, 0.9]
2025-08-03 00:46:54,602 - INFO - 配置文件加载成功: /cephfs/shared/sunyifan/Min-p-CoT/grid_search_results/config_experiment_0.2_0.6_0.8_0.9.json
2025-08-03 00:46:54,602 - INFO - 配置文件验证通过
2025-08-03 00:46:54,603 - INFO - 随机种子已设置为: 42
2025-08-03 00:46:54,603 - ERROR - 实验 35 失败: [Errno 2] No such file or directory: '/cephfs/shared/sunyifan/Min-p-CoT/cephfs/shared/sunyifan/Min-p-CoT/grid_search_results'
2025-08-03 00:46:54,603 - INFO - 开始实验 36: min-p值 = [0.2, 0.6, 0.8, 1.0]
2025-08-03 00:46:54,606 - INFO - 配置文件加载成功: /cephfs/shared/sunyifan/Min-p-CoT/grid_search_results/config_experiment_0.2_0.6_0.8_1.0.json
2025-08-03 00:46:54,606 - INFO - 配置文件验证通过
2025-08-03 00:46:54,607 - INFO - 随机种子已设置为: 42
2025-08-03 00:46:54,607 - ERROR - 实验 36 失败: [Errno 2] No such file or directory: '/cephfs/shared/sunyifan/Min-p-CoT/cephfs/shared/sunyifan/Min-p-CoT/grid_search_results'
2025-08-03 00:46:54,607 - INFO - 开始实验 37: min-p值 = [0.2, 0.8, 0.2, 0.8]
2025-08-03 00:46:54,610 - INFO - 配置文件加载成功: /cephfs/shared/sunyifan/Min-p-CoT/grid_search_results/config_experiment_0.2_0.8_0.2_0.8.json
2025-08-03 00:46:54,610 - INFO - 配置文件验证通过
2025-08-03 00:46:54,610 - INFO - 随机种子已设置为: 42
2025-08-03 00:46:54,611 - ERROR - 实验 37 失败: [Errno 2] No such file or directory: '/cephfs/shared/sunyifan/Min-p-CoT/cephfs/shared/sunyifan/Min-p-CoT/grid_search_results'
2025-08-03 00:46:54,611 - INFO - 开始实验 38: min-p值 = [0.2, 0.8, 0.2, 0.9]
2025-08-03 00:46:54,613 - INFO - 配置文件加载成功: /cephfs/shared/sunyifan/Min-p-CoT/grid_search_results/config_experiment_0.2_0.8_0.2_0.9.json
2025-08-03 00:46:54,613 - INFO - 配置文件验证通过
2025-08-03 00:46:54,614 - INFO - 随机种子已设置为: 42
2025-08-03 00:46:54,614 - ERROR - 实验 38 失败: [Errno 2] No such file or directory: '/cephfs/shared/sunyifan/Min-p-CoT/cephfs/shared/sunyifan/Min-p-CoT/grid_search_results'
2025-08-03 00:46:54,614 - INFO - 开始实验 39: min-p值 = [0.2, 0.8, 0.2, 1.0]
2025-08-03 00:46:54,617 - INFO - 配置文件加载成功: /cephfs/shared/sunyifan/Min-p-CoT/grid_search_results/config_experiment_0.2_0.8_0.2_1.0.json
2025-08-03 00:46:54,617 - INFO - 配置文件验证通过
2025-08-03 00:46:54,617 - INFO - 随机种子已设置为: 42
2025-08-03 00:46:54,618 - ERROR - 实验 39 失败: [Errno 2] No such file or directory: '/cephfs/shared/sunyifan/Min-p-CoT/cephfs/shared/sunyifan/Min-p-CoT/grid_search_results'
2025-08-03 00:46:54,618 - INFO - 开始实验 40: min-p值 = [0.2, 0.8, 0.4, 0.8]
2025-08-03 00:46:54,620 - INFO - 配置文件加载成功: /cephfs/shared/sunyifan/Min-p-CoT/grid_search_results/config_experiment_0.2_0.8_0.4_0.8.json
2025-08-03 00:46:54,620 - INFO - 配置文件验证通过
2025-08-03 00:46:54,621 - INFO - 随机种子已设置为: 42
2025-08-03 00:46:54,621 - ERROR - 实验 40 失败: [Errno 2] No such file or directory: '/cephfs/shared/sunyifan/Min-p-CoT/cephfs/shared/sunyifan/Min-p-CoT/grid_search_results'
2025-08-03 00:46:54,621 - INFO - 开始实验 41: min-p值 = [0.2, 0.8, 0.4, 0.9]
2025-08-03 00:46:54,624 - INFO - 配置文件加载成功: /cephfs/shared/sunyifan/Min-p-CoT/grid_search_results/config_experiment_0.2_0.8_0.4_0.9.json
2025-08-03 00:46:54,624 - INFO - 配置文件验证通过
2025-08-03 00:46:54,624 - INFO - 随机种子已设置为: 42
2025-08-03 00:46:54,624 - ERROR - 实验 41 失败: [Errno 2] No such file or directory: '/cephfs/shared/sunyifan/Min-p-CoT/cephfs/shared/sunyifan/Min-p-CoT/grid_search_results'
2025-08-03 00:46:54,625 - INFO - 开始实验 42: min-p值 = [0.2, 0.8, 0.4, 1.0]
2025-08-03 00:46:54,627 - INFO - 配置文件加载成功: /cephfs/shared/sunyifan/Min-p-CoT/grid_search_results/config_experiment_0.2_0.8_0.4_1.0.json
2025-08-03 00:46:54,627 - INFO - 配置文件验证通过
2025-08-03 00:46:54,628 - INFO - 随机种子已设置为: 42
2025-08-03 00:46:54,628 - ERROR - 实验 42 失败: [Errno 2] No such file or directory: '/cephfs/shared/sunyifan/Min-p-CoT/cephfs/shared/sunyifan/Min-p-CoT/grid_search_results'
2025-08-03 00:46:54,628 - INFO - 开始实验 43: min-p值 = [0.2, 0.8, 0.6, 0.8]
2025-08-03 00:46:54,631 - INFO - 配置文件加载成功: /cephfs/shared/sunyifan/Min-p-CoT/grid_search_results/config_experiment_0.2_0.8_0.6_0.8.json
2025-08-03 00:46:54,631 - INFO - 配置文件验证通过
2025-08-03 00:46:54,631 - INFO - 随机种子已设置为: 42
2025-08-03 00:46:54,631 - ERROR - 实验 43 失败: [Errno 2] No such file or directory: '/cephfs/shared/sunyifan/Min-p-CoT/cephfs/shared/sunyifan/Min-p-CoT/grid_search_results'
2025-08-03 00:46:54,631 - INFO - 开始实验 44: min-p值 = [0.2, 0.8, 0.6, 0.9]
2025-08-03 00:46:54,634 - INFO - 配置文件加载成功: /cephfs/shared/sunyifan/Min-p-CoT/grid_search_results/config_experiment_0.2_0.8_0.6_0.9.json
2025-08-03 00:46:54,634 - INFO - 配置文件验证通过
2025-08-03 00:46:54,635 - INFO - 随机种子已设置为: 42
2025-08-03 00:46:54,635 - ERROR - 实验 44 失败: [Errno 2] No such file or directory: '/cephfs/shared/sunyifan/Min-p-CoT/cephfs/shared/sunyifan/Min-p-CoT/grid_search_results'
2025-08-03 00:46:54,635 - INFO - 开始实验 45: min-p值 = [0.2, 0.8, 0.6, 1.0]
2025-08-03 00:46:54,637 - INFO - 配置文件加载成功: /cephfs/shared/sunyifan/Min-p-CoT/grid_search_results/config_experiment_0.2_0.8_0.6_1.0.json
2025-08-03 00:46:54,638 - INFO - 配置文件验证通过
2025-08-03 00:46:54,638 - INFO - 随机种子已设置为: 42
2025-08-03 00:46:54,638 - ERROR - 实验 45 失败: [Errno 2] No such file or directory: '/cephfs/shared/sunyifan/Min-p-CoT/cephfs/shared/sunyifan/Min-p-CoT/grid_search_results'
2025-08-03 00:46:54,638 - INFO - 开始实验 46: min-p值 = [0.2, 0.8, 0.8, 0.8]
2025-08-03 00:46:54,643 - INFO - 配置文件加载成功: /cephfs/shared/sunyifan/Min-p-CoT/grid_search_results/config_experiment_0.2_0.8_0.8_0.8.json
2025-08-03 00:46:54,643 - INFO - 配置文件验证通过
2025-08-03 00:46:54,643 - INFO - 随机种子已设置为: 42
2025-08-03 00:46:54,643 - ERROR - 实验 46 失败: [Errno 2] No such file or directory: '/cephfs/shared/sunyifan/Min-p-CoT/cephfs/shared/sunyifan/Min-p-CoT/grid_search_results'
2025-08-03 00:46:54,643 - INFO - 开始实验 47: min-p值 = [0.2, 0.8, 0.8, 0.9]
2025-08-03 00:46:54,646 - INFO - 配置文件加载成功: /cephfs/shared/sunyifan/Min-p-CoT/grid_search_results/config_experiment_0.2_0.8_0.8_0.9.json
2025-08-03 00:46:54,646 - INFO - 配置文件验证通过
2025-08-03 00:46:54,647 - INFO - 随机种子已设置为: 42
2025-08-03 00:46:54,647 - ERROR - 实验 47 失败: [Errno 2] No such file or directory: '/cephfs/shared/sunyifan/Min-p-CoT/cephfs/shared/sunyifan/Min-p-CoT/grid_search_results'
2025-08-03 00:46:54,647 - INFO - 开始实验 48: min-p值 = [0.2, 0.8, 0.8, 1.0]
2025-08-03 00:46:54,649 - INFO - 配置文件加载成功: /cephfs/shared/sunyifan/Min-p-CoT/grid_search_results/config_experiment_0.2_0.8_0.8_1.0.json
2025-08-03 00:46:54,649 - INFO - 配置文件验证通过
2025-08-03 00:46:54,650 - INFO - 随机种子已设置为: 42
2025-08-03 00:46:54,650 - ERROR - 实验 48 失败: [Errno 2] No such file or directory: '/cephfs/shared/sunyifan/Min-p-CoT/cephfs/shared/sunyifan/Min-p-CoT/grid_search_results'
2025-08-03 00:46:54,650 - INFO - 开始实验 49: min-p值 = [0.4, 0.2, 0.2, 0.8]
2025-08-03 00:46:54,652 - INFO - 配置文件加载成功: /cephfs/shared/sunyifan/Min-p-CoT/grid_search_results/config_experiment_0.4_0.2_0.2_0.8.json
2025-08-03 00:46:54,653 - INFO - 配置文件验证通过
2025-08-03 00:46:54,653 - INFO - 随机种子已设置为: 42
2025-08-03 00:46:54,653 - ERROR - 实验 49 失败: [Errno 2] No such file or directory: '/cephfs/shared/sunyifan/Min-p-CoT/cephfs/shared/sunyifan/Min-p-CoT/grid_search_results'
2025-08-03 00:46:54,653 - INFO - 开始实验 50: min-p值 = [0.4, 0.2, 0.2, 0.9]
2025-08-03 00:46:54,656 - INFO - 配置文件加载成功: /cephfs/shared/sunyifan/Min-p-CoT/grid_search_results/config_experiment_0.4_0.2_0.2_0.9.json
2025-08-03 00:46:54,656 - INFO - 配置文件验证通过
2025-08-03 00:46:54,656 - INFO - 随机种子已设置为: 42
2025-08-03 00:46:54,657 - ERROR - 实验 50 失败: [Errno 2] No such file or directory: '/cephfs/shared/sunyifan/Min-p-CoT/cephfs/shared/sunyifan/Min-p-CoT/grid_search_results'
2025-08-03 00:46:54,657 - INFO - 开始实验 51: min-p值 = [0.4, 0.2, 0.2, 1.0]
2025-08-03 00:46:54,659 - INFO - 配置文件加载成功: /cephfs/shared/sunyifan/Min-p-CoT/grid_search_results/config_experiment_0.4_0.2_0.2_1.0.json
2025-08-03 00:46:54,659 - INFO - 配置文件验证通过
2025-08-03 00:46:54,660 - INFO - 随机种子已设置为: 42
2025-08-03 00:46:54,660 - ERROR - 实验 51 失败: [Errno 2] No such file or directory: '/cephfs/shared/sunyifan/Min-p-CoT/cephfs/shared/sunyifan/Min-p-CoT/grid_search_results'
2025-08-03 00:46:54,660 - INFO - 开始实验 52: min-p值 = [0.4, 0.2, 0.4, 0.8]
2025-08-03 00:46:54,663 - INFO - 配置文件加载成功: /cephfs/shared/sunyifan/Min-p-CoT/grid_search_results/config_experiment_0.4_0.2_0.4_0.8.json
2025-08-03 00:46:54,663 - INFO - 配置文件验证通过
2025-08-03 00:46:54,663 - INFO - 随机种子已设置为: 42
2025-08-03 00:46:54,664 - ERROR - 实验 52 失败: [Errno 2] No such file or directory: '/cephfs/shared/sunyifan/Min-p-CoT/cephfs/shared/sunyifan/Min-p-CoT/grid_search_results'
2025-08-03 00:46:54,664 - INFO - 开始实验 53: min-p值 = [0.4, 0.2, 0.4, 0.9]
2025-08-03 00:46:54,666 - INFO - 配置文件加载成功: /cephfs/shared/sunyifan/Min-p-CoT/grid_search_results/config_experiment_0.4_0.2_0.4_0.9.json
2025-08-03 00:46:54,667 - INFO - 配置文件验证通过
2025-08-03 00:46:54,667 - INFO - 随机种子已设置为: 42
2025-08-03 00:46:54,667 - ERROR - 实验 53 失败: [Errno 2] No such file or directory: '/cephfs/shared/sunyifan/Min-p-CoT/cephfs/shared/sunyifan/Min-p-CoT/grid_search_results'
2025-08-03 00:46:54,667 - INFO - 开始实验 54: min-p值 = [0.4, 0.2, 0.4, 1.0]
2025-08-03 00:46:54,670 - INFO - 配置文件加载成功: /cephfs/shared/sunyifan/Min-p-CoT/grid_search_results/config_experiment_0.4_0.2_0.4_1.0.json
2025-08-03 00:46:54,670 - INFO - 配置文件验证通过
2025-08-03 00:46:54,671 - INFO - 随机种子已设置为: 42
2025-08-03 00:46:54,671 - ERROR - 实验 54 失败: [Errno 2] No such file or directory: '/cephfs/shared/sunyifan/Min-p-CoT/cephfs/shared/sunyifan/Min-p-CoT/grid_search_results'
2025-08-03 00:46:54,671 - INFO - 开始实验 55: min-p值 = [0.4, 0.2, 0.6, 0.8]
2025-08-03 00:46:54,673 - INFO - 配置文件加载成功: /cephfs/shared/sunyifan/Min-p-CoT/grid_search_results/config_experiment_0.4_0.2_0.6_0.8.json
2025-08-03 00:46:54,673 - INFO - 配置文件验证通过
2025-08-03 00:46:54,674 - INFO - 随机种子已设置为: 42
2025-08-03 00:46:54,674 - ERROR - 实验 55 失败: [Errno 2] No such file or directory: '/cephfs/shared/sunyifan/Min-p-CoT/cephfs/shared/sunyifan/Min-p-CoT/grid_search_results'
2025-08-03 00:46:54,674 - INFO - 开始实验 56: min-p值 = [0.4, 0.2, 0.6, 0.9]
2025-08-03 00:46:54,677 - INFO - 配置文件加载成功: /cephfs/shared/sunyifan/Min-p-CoT/grid_search_results/config_experiment_0.4_0.2_0.6_0.9.json
2025-08-03 00:46:54,677 - INFO - 配置文件验证通过
2025-08-03 00:46:54,677 - INFO - 随机种子已设置为: 42
2025-08-03 00:46:54,677 - ERROR - 实验 56 失败: [Errno 2] No such file or directory: '/cephfs/shared/sunyifan/Min-p-CoT/cephfs/shared/sunyifan/Min-p-CoT/grid_search_results'
2025-08-03 00:46:54,678 - INFO - 开始实验 57: min-p值 = [0.4, 0.2, 0.6, 1.0]
2025-08-03 00:46:54,680 - INFO - 配置文件加载成功: /cephfs/shared/sunyifan/Min-p-CoT/grid_search_results/config_experiment_0.4_0.2_0.6_1.0.json
2025-08-03 00:46:54,680 - INFO - 配置文件验证通过
2025-08-03 00:46:54,681 - INFO - 随机种子已设置为: 42
2025-08-03 00:46:54,681 - ERROR - 实验 57 失败: [Errno 2] No such file or directory: '/cephfs/shared/sunyifan/Min-p-CoT/cephfs/shared/sunyifan/Min-p-CoT/grid_search_results'
2025-08-03 00:46:54,681 - INFO - 开始实验 58: min-p值 = [0.4, 0.2, 0.8, 0.8]
2025-08-03 00:46:54,684 - INFO - 配置文件加载成功: /cephfs/shared/sunyifan/Min-p-CoT/grid_search_results/config_experiment_0.4_0.2_0.8_0.8.json
2025-08-03 00:46:54,684 - INFO - 配置文件验证通过
2025-08-03 00:46:54,684 - INFO - 随机种子已设置为: 42
2025-08-03 00:46:54,685 - ERROR - 实验 58 失败: [Errno 2] No such file or directory: '/cephfs/shared/sunyifan/Min-p-CoT/cephfs/shared/sunyifan/Min-p-CoT/grid_search_results'
2025-08-03 00:46:54,685 - INFO - 开始实验 59: min-p值 = [0.4, 0.2, 0.8, 0.9]
2025-08-03 00:46:54,688 - INFO - 配置文件加载成功: /cephfs/shared/sunyifan/Min-p-CoT/grid_search_results/config_experiment_0.4_0.2_0.8_0.9.json
2025-08-03 00:46:54,688 - INFO - 配置文件验证通过
2025-08-03 00:46:54,688 - INFO - 随机种子已设置为: 42
2025-08-03 00:46:54,688 - ERROR - 实验 59 失败: [Errno 2] No such file or directory: '/cephfs/shared/sunyifan/Min-p-CoT/cephfs/shared/sunyifan/Min-p-CoT/grid_search_results'
2025-08-03 00:46:54,688 - INFO - 开始实验 60: min-p值 = [0.4, 0.2, 0.8, 1.0]
2025-08-03 00:46:54,691 - INFO - 配置文件加载成功: /cephfs/shared/sunyifan/Min-p-CoT/grid_search_results/config_experiment_0.4_0.2_0.8_1.0.json
2025-08-03 00:46:54,692 - INFO - 配置文件验证通过
2025-08-03 00:46:54,692 - INFO - 随机种子已设置为: 42
2025-08-03 00:46:54,692 - ERROR - 实验 60 失败: [Errno 2] No such file or directory: '/cephfs/shared/sunyifan/Min-p-CoT/cephfs/shared/sunyifan/Min-p-CoT/grid_search_results'
2025-08-03 00:46:54,692 - INFO - 开始实验 61: min-p值 = [0.4, 0.4, 0.2, 0.8]
2025-08-03 00:46:54,695 - INFO - 配置文件加载成功: /cephfs/shared/sunyifan/Min-p-CoT/grid_search_results/config_experiment_0.4_0.4_0.2_0.8.json
2025-08-03 00:46:54,695 - INFO - 配置文件验证通过
2025-08-03 00:46:54,696 - INFO - 随机种子已设置为: 42
2025-08-03 00:46:54,696 - ERROR - 实验 61 失败: [Errno 2] No such file or directory: '/cephfs/shared/sunyifan/Min-p-CoT/cephfs/shared/sunyifan/Min-p-CoT/grid_search_results'
2025-08-03 00:46:54,696 - INFO - 开始实验 62: min-p值 = [0.4, 0.4, 0.2, 0.9]
2025-08-03 00:46:54,698 - INFO - 配置文件加载成功: /cephfs/shared/sunyifan/Min-p-CoT/grid_search_results/config_experiment_0.4_0.4_0.2_0.9.json
2025-08-03 00:46:54,699 - INFO - 配置文件验证通过
2025-08-03 00:46:54,699 - INFO - 随机种子已设置为: 42
2025-08-03 00:46:54,699 - ERROR - 实验 62 失败: [Errno 2] No such file or directory: '/cephfs/shared/sunyifan/Min-p-CoT/cephfs/shared/sunyifan/Min-p-CoT/grid_search_results'
2025-08-03 00:46:54,699 - INFO - 开始实验 63: min-p值 = [0.4, 0.4, 0.2, 1.0]
2025-08-03 00:46:54,702 - INFO - 配置文件加载成功: /cephfs/shared/sunyifan/Min-p-CoT/grid_search_results/config_experiment_0.4_0.4_0.2_1.0.json
2025-08-03 00:46:54,702 - INFO - 配置文件验证通过
2025-08-03 00:46:54,703 - INFO - 随机种子已设置为: 42
2025-08-03 00:46:54,703 - ERROR - 实验 63 失败: [Errno 2] No such file or directory: '/cephfs/shared/sunyifan/Min-p-CoT/cephfs/shared/sunyifan/Min-p-CoT/grid_search_results'
2025-08-03 00:46:54,703 - INFO - 开始实验 64: min-p值 = [0.4, 0.4, 0.4, 0.8]
2025-08-03 00:46:54,706 - INFO - 配置文件加载成功: /cephfs/shared/sunyifan/Min-p-CoT/grid_search_results/config_experiment_0.4_0.4_0.4_0.8.json
2025-08-03 00:46:54,706 - INFO - 配置文件验证通过
2025-08-03 00:46:54,706 - INFO - 随机种子已设置为: 42
2025-08-03 00:46:54,706 - ERROR - 实验 64 失败: [Errno 2] No such file or directory: '/cephfs/shared/sunyifan/Min-p-CoT/cephfs/shared/sunyifan/Min-p-CoT/grid_search_results'
2025-08-03 00:46:54,706 - INFO - 开始实验 65: min-p值 = [0.4, 0.4, 0.4, 0.9]
2025-08-03 00:46:54,709 - INFO - 配置文件加载成功: /cephfs/shared/sunyifan/Min-p-CoT/grid_search_results/config_experiment_0.4_0.4_0.4_0.9.json
2025-08-03 00:46:54,709 - INFO - 配置文件验证通过
2025-08-03 00:46:54,710 - INFO - 随机种子已设置为: 42
2025-08-03 00:46:54,710 - ERROR - 实验 65 失败: [Errno 2] No such file or directory: '/cephfs/shared/sunyifan/Min-p-CoT/cephfs/shared/sunyifan/Min-p-CoT/grid_search_results'
2025-08-03 00:46:54,710 - INFO - 开始实验 66: min-p值 = [0.4, 0.4, 0.4, 1.0]
2025-08-03 00:46:54,713 - INFO - 配置文件加载成功: /cephfs/shared/sunyifan/Min-p-CoT/grid_search_results/config_experiment_0.4_0.4_0.4_1.0.json
2025-08-03 00:46:54,713 - INFO - 配置文件验证通过
2025-08-03 00:46:54,714 - INFO - 随机种子已设置为: 42
2025-08-03 00:46:54,714 - ERROR - 实验 66 失败: [Errno 2] No such file or directory: '/cephfs/shared/sunyifan/Min-p-CoT/cephfs/shared/sunyifan/Min-p-CoT/grid_search_results'
2025-08-03 00:46:54,714 - INFO - 开始实验 67: min-p值 = [0.4, 0.4, 0.6, 0.8]
2025-08-03 00:46:54,717 - INFO - 配置文件加载成功: /cephfs/shared/sunyifan/Min-p-CoT/grid_search_results/config_experiment_0.4_0.4_0.6_0.8.json
2025-08-03 00:46:54,717 - INFO - 配置文件验证通过
2025-08-03 00:46:54,717 - INFO - 随机种子已设置为: 42
2025-08-03 00:46:54,718 - ERROR - 实验 67 失败: [Errno 2] No such file or directory: '/cephfs/shared/sunyifan/Min-p-CoT/cephfs/shared/sunyifan/Min-p-CoT/grid_search_results'
2025-08-03 00:46:54,718 - INFO - 开始实验 68: min-p值 = [0.4, 0.4, 0.6, 0.9]
2025-08-03 00:46:54,720 - INFO - 配置文件加载成功: /cephfs/shared/sunyifan/Min-p-CoT/grid_search_results/config_experiment_0.4_0.4_0.6_0.9.json
2025-08-03 00:46:54,720 - INFO - 配置文件验证通过
2025-08-03 00:46:54,721 - INFO - 随机种子已设置为: 42
2025-08-03 00:46:54,721 - ERROR - 实验 68 失败: [Errno 2] No such file or directory: '/cephfs/shared/sunyifan/Min-p-CoT/cephfs/shared/sunyifan/Min-p-CoT/grid_search_results'
2025-08-03 00:46:54,721 - INFO - 开始实验 69: min-p值 = [0.4, 0.4, 0.6, 1.0]
2025-08-03 00:46:54,724 - INFO - 配置文件加载成功: /cephfs/shared/sunyifan/Min-p-CoT/grid_search_results/config_experiment_0.4_0.4_0.6_1.0.json
2025-08-03 00:46:54,724 - INFO - 配置文件验证通过
2025-08-03 00:46:54,725 - INFO - 随机种子已设置为: 42
2025-08-03 00:46:54,725 - ERROR - 实验 69 失败: [Errno 2] No such file or directory: '/cephfs/shared/sunyifan/Min-p-CoT/cephfs/shared/sunyifan/Min-p-CoT/grid_search_results'
2025-08-03 00:46:54,725 - INFO - 开始实验 70: min-p值 = [0.4, 0.4, 0.8, 0.8]
2025-08-03 00:46:54,728 - INFO - 配置文件加载成功: /cephfs/shared/sunyifan/Min-p-CoT/grid_search_results/config_experiment_0.4_0.4_0.8_0.8.json
2025-08-03 00:46:54,728 - INFO - 配置文件验证通过
2025-08-03 00:46:54,728 - INFO - 随机种子已设置为: 42
2025-08-03 00:46:54,729 - ERROR - 实验 70 失败: [Errno 2] No such file or directory: '/cephfs/shared/sunyifan/Min-p-CoT/cephfs/shared/sunyifan/Min-p-CoT/grid_search_results'
2025-08-03 00:46:54,729 - INFO - 开始实验 71: min-p值 = [0.4, 0.4, 0.8, 0.9]
2025-08-03 00:46:54,731 - INFO - 配置文件加载成功: /cephfs/shared/sunyifan/Min-p-CoT/grid_search_results/config_experiment_0.4_0.4_0.8_0.9.json
2025-08-03 00:46:54,731 - INFO - 配置文件验证通过
2025-08-03 00:46:54,732 - INFO - 随机种子已设置为: 42
2025-08-03 00:46:54,732 - ERROR - 实验 71 失败: [Errno 2] No such file or directory: '/cephfs/shared/sunyifan/Min-p-CoT/cephfs/shared/sunyifan/Min-p-CoT/grid_search_results'
2025-08-03 00:46:54,732 - INFO - 开始实验 72: min-p值 = [0.4, 0.4, 0.8, 1.0]
2025-08-03 00:46:54,735 - INFO - 配置文件加载成功: /cephfs/shared/sunyifan/Min-p-CoT/grid_search_results/config_experiment_0.4_0.4_0.8_1.0.json
2025-08-03 00:46:54,735 - INFO - 配置文件验证通过
2025-08-03 00:46:54,735 - INFO - 随机种子已设置为: 42
2025-08-03 00:46:54,735 - ERROR - 实验 72 失败: [Errno 2] No such file or directory: '/cephfs/shared/sunyifan/Min-p-CoT/cephfs/shared/sunyifan/Min-p-CoT/grid_search_results'
2025-08-03 00:46:54,735 - INFO - 开始实验 73: min-p值 = [0.4, 0.6, 0.2, 0.8]
2025-08-03 00:46:54,738 - INFO - 配置文件加载成功: /cephfs/shared/sunyifan/Min-p-CoT/grid_search_results/config_experiment_0.4_0.6_0.2_0.8.json
2025-08-03 00:46:54,738 - INFO - 配置文件验证通过
2025-08-03 00:46:54,739 - INFO - 随机种子已设置为: 42
2025-08-03 00:46:54,739 - ERROR - 实验 73 失败: [Errno 2] No such file or directory: '/cephfs/shared/sunyifan/Min-p-CoT/cephfs/shared/sunyifan/Min-p-CoT/grid_search_results'
2025-08-03 00:46:54,739 - INFO - 开始实验 74: min-p值 = [0.4, 0.6, 0.2, 0.9]
2025-08-03 00:46:54,742 - INFO - 配置文件加载成功: /cephfs/shared/sunyifan/Min-p-CoT/grid_search_results/config_experiment_0.4_0.6_0.2_0.9.json
2025-08-03 00:46:54,742 - INFO - 配置文件验证通过
2025-08-03 00:46:54,742 - INFO - 随机种子已设置为: 42
2025-08-03 00:46:54,742 - ERROR - 实验 74 失败: [Errno 2] No such file or directory: '/cephfs/shared/sunyifan/Min-p-CoT/cephfs/shared/sunyifan/Min-p-CoT/grid_search_results'
2025-08-03 00:46:54,742 - INFO - 开始实验 75: min-p值 = [0.4, 0.6, 0.2, 1.0]
2025-08-03 00:46:54,745 - INFO - 配置文件加载成功: /cephfs/shared/sunyifan/Min-p-CoT/grid_search_results/config_experiment_0.4_0.6_0.2_1.0.json
2025-08-03 00:46:54,745 - INFO - 配置文件验证通过
2025-08-03 00:46:54,746 - INFO - 随机种子已设置为: 42
2025-08-03 00:46:54,746 - ERROR - 实验 75 失败: [Errno 2] No such file or directory: '/cephfs/shared/sunyifan/Min-p-CoT/cephfs/shared/sunyifan/Min-p-CoT/grid_search_results'
2025-08-03 00:46:54,746 - INFO - 开始实验 76: min-p值 = [0.4, 0.6, 0.4, 0.8]
2025-08-03 00:46:54,748 - INFO - 配置文件加载成功: /cephfs/shared/sunyifan/Min-p-CoT/grid_search_results/config_experiment_0.4_0.6_0.4_0.8.json
2025-08-03 00:46:54,748 - INFO - 配置文件验证通过
2025-08-03 00:46:54,749 - INFO - 随机种子已设置为: 42
2025-08-03 00:46:54,749 - ERROR - 实验 76 失败: [Errno 2] No such file or directory: '/cephfs/shared/sunyifan/Min-p-CoT/cephfs/shared/sunyifan/Min-p-CoT/grid_search_results'
2025-08-03 00:46:54,749 - INFO - 开始实验 77: min-p值 = [0.4, 0.6, 0.4, 0.9]
2025-08-03 00:46:54,752 - INFO - 配置文件加载成功: /cephfs/shared/sunyifan/Min-p-CoT/grid_search_results/config_experiment_0.4_0.6_0.4_0.9.json
2025-08-03 00:46:54,752 - INFO - 配置文件验证通过
2025-08-03 00:46:54,753 - INFO - 随机种子已设置为: 42
2025-08-03 00:46:54,753 - ERROR - 实验 77 失败: [Errno 2] No such file or directory: '/cephfs/shared/sunyifan/Min-p-CoT/cephfs/shared/sunyifan/Min-p-CoT/grid_search_results'
2025-08-03 00:46:54,753 - INFO - 开始实验 78: min-p值 = [0.4, 0.6, 0.4, 1.0]
2025-08-03 00:46:54,756 - INFO - 配置文件加载成功: /cephfs/shared/sunyifan/Min-p-CoT/grid_search_results/config_experiment_0.4_0.6_0.4_1.0.json
2025-08-03 00:46:54,756 - INFO - 配置文件验证通过
2025-08-03 00:46:54,756 - INFO - 随机种子已设置为: 42
2025-08-03 00:46:54,756 - ERROR - 实验 78 失败: [Errno 2] No such file or directory: '/cephfs/shared/sunyifan/Min-p-CoT/cephfs/shared/sunyifan/Min-p-CoT/grid_search_results'
2025-08-03 00:46:54,757 - INFO - 开始实验 79: min-p值 = [0.4, 0.6, 0.6, 0.8]
2025-08-03 00:46:54,760 - INFO - 配置文件加载成功: /cephfs/shared/sunyifan/Min-p-CoT/grid_search_results/config_experiment_0.4_0.6_0.6_0.8.json
2025-08-03 00:46:54,760 - INFO - 配置文件验证通过
2025-08-03 00:46:54,761 - INFO - 随机种子已设置为: 42
2025-08-03 00:46:54,761 - ERROR - 实验 79 失败: [Errno 2] No such file or directory: '/cephfs/shared/sunyifan/Min-p-CoT/cephfs/shared/sunyifan/Min-p-CoT/grid_search_results'
2025-08-03 00:46:54,761 - INFO - 开始实验 80: min-p值 = [0.4, 0.6, 0.6, 0.9]
2025-08-03 00:46:54,763 - INFO - 配置文件加载成功: /cephfs/shared/sunyifan/Min-p-CoT/grid_search_results/config_experiment_0.4_0.6_0.6_0.9.json
2025-08-03 00:46:54,764 - INFO - 配置文件验证通过
2025-08-03 00:46:54,764 - INFO - 随机种子已设置为: 42
2025-08-03 00:46:54,764 - ERROR - 实验 80 失败: [Errno 2] No such file or directory: '/cephfs/shared/sunyifan/Min-p-CoT/cephfs/shared/sunyifan/Min-p-CoT/grid_search_results'
2025-08-03 00:46:54,764 - INFO - 开始实验 81: min-p值 = [0.4, 0.6, 0.6, 1.0]
2025-08-03 00:46:54,767 - INFO - 配置文件加载成功: /cephfs/shared/sunyifan/Min-p-CoT/grid_search_results/config_experiment_0.4_0.6_0.6_1.0.json
2025-08-03 00:46:54,767 - INFO - 配置文件验证通过
2025-08-03 00:46:54,767 - INFO - 随机种子已设置为: 42
2025-08-03 00:46:54,767 - ERROR - 实验 81 失败: [Errno 2] No such file or directory: '/cephfs/shared/sunyifan/Min-p-CoT/cephfs/shared/sunyifan/Min-p-CoT/grid_search_results'
2025-08-03 00:46:54,768 - INFO - 开始实验 82: min-p值 = [0.4, 0.6, 0.8, 0.8]
2025-08-03 00:46:54,770 - INFO - 配置文件加载成功: /cephfs/shared/sunyifan/Min-p-CoT/grid_search_results/config_experiment_0.4_0.6_0.8_0.8.json
2025-08-03 00:46:54,770 - INFO - 配置文件验证通过
2025-08-03 00:46:54,771 - INFO - 随机种子已设置为: 42
2025-08-03 00:46:54,771 - ERROR - 实验 82 失败: [Errno 2] No such file or directory: '/cephfs/shared/sunyifan/Min-p-CoT/cephfs/shared/sunyifan/Min-p-CoT/grid_search_results'
2025-08-03 00:46:54,771 - INFO - 开始实验 83: min-p值 = [0.4, 0.6, 0.8, 0.9]
2025-08-03 00:46:54,773 - INFO - 配置文件加载成功: /cephfs/shared/sunyifan/Min-p-CoT/grid_search_results/config_experiment_0.4_0.6_0.8_0.9.json
2025-08-03 00:46:54,773 - INFO - 配置文件验证通过
2025-08-03 00:46:54,774 - INFO - 随机种子已设置为: 42
2025-08-03 00:46:54,774 - ERROR - 实验 83 失败: [Errno 2] No such file or directory: '/cephfs/shared/sunyifan/Min-p-CoT/cephfs/shared/sunyifan/Min-p-CoT/grid_search_results'
2025-08-03 00:46:54,774 - INFO - 开始实验 84: min-p值 = [0.4, 0.6, 0.8, 1.0]
2025-08-03 00:46:54,777 - INFO - 配置文件加载成功: /cephfs/shared/sunyifan/Min-p-CoT/grid_search_results/config_experiment_0.4_0.6_0.8_1.0.json
2025-08-03 00:46:54,777 - INFO - 配置文件验证通过
2025-08-03 00:46:54,777 - INFO - 随机种子已设置为: 42
2025-08-03 00:46:54,778 - ERROR - 实验 84 失败: [Errno 2] No such file or directory: '/cephfs/shared/sunyifan/Min-p-CoT/cephfs/shared/sunyifan/Min-p-CoT/grid_search_results'
2025-08-03 00:46:54,778 - INFO - 开始实验 85: min-p值 = [0.4, 0.8, 0.2, 0.8]
2025-08-03 00:46:54,780 - INFO - 配置文件加载成功: /cephfs/shared/sunyifan/Min-p-CoT/grid_search_results/config_experiment_0.4_0.8_0.2_0.8.json
2025-08-03 00:46:54,780 - INFO - 配置文件验证通过
2025-08-03 00:46:54,780 - INFO - 随机种子已设置为: 42
2025-08-03 00:46:54,781 - ERROR - 实验 85 失败: [Errno 2] No such file or directory: '/cephfs/shared/sunyifan/Min-p-CoT/cephfs/shared/sunyifan/Min-p-CoT/grid_search_results'
2025-08-03 00:46:54,781 - INFO - 开始实验 86: min-p值 = [0.4, 0.8, 0.2, 0.9]
2025-08-03 00:46:54,783 - INFO - 配置文件加载成功: /cephfs/shared/sunyifan/Min-p-CoT/grid_search_results/config_experiment_0.4_0.8_0.2_0.9.json
2025-08-03 00:46:54,783 - INFO - 配置文件验证通过
2025-08-03 00:46:54,784 - INFO - 随机种子已设置为: 42
2025-08-03 00:46:54,784 - ERROR - 实验 86 失败: [Errno 2] No such file or directory: '/cephfs/shared/sunyifan/Min-p-CoT/cephfs/shared/sunyifan/Min-p-CoT/grid_search_results'
2025-08-03 00:46:54,784 - INFO - 开始实验 87: min-p值 = [0.4, 0.8, 0.2, 1.0]
2025-08-03 00:46:54,786 - INFO - 配置文件加载成功: /cephfs/shared/sunyifan/Min-p-CoT/grid_search_results/config_experiment_0.4_0.8_0.2_1.0.json
2025-08-03 00:46:54,787 - INFO - 配置文件验证通过
2025-08-03 00:46:54,787 - INFO - 随机种子已设置为: 42
2025-08-03 00:46:54,787 - ERROR - 实验 87 失败: [Errno 2] No such file or directory: '/cephfs/shared/sunyifan/Min-p-CoT/cephfs/shared/sunyifan/Min-p-CoT/grid_search_results'
2025-08-03 00:46:54,787 - INFO - 开始实验 88: min-p值 = [0.4, 0.8, 0.4, 0.8]
2025-08-03 00:46:54,790 - INFO - 配置文件加载成功: /cephfs/shared/sunyifan/Min-p-CoT/grid_search_results/config_experiment_0.4_0.8_0.4_0.8.json
2025-08-03 00:46:54,790 - INFO - 配置文件验证通过
2025-08-03 00:46:54,790 - INFO - 随机种子已设置为: 42
2025-08-03 00:46:54,790 - ERROR - 实验 88 失败: [Errno 2] No such file or directory: '/cephfs/shared/sunyifan/Min-p-CoT/cephfs/shared/sunyifan/Min-p-CoT/grid_search_results'
2025-08-03 00:46:54,790 - INFO - 开始实验 89: min-p值 = [0.4, 0.8, 0.4, 0.9]
2025-08-03 00:46:54,793 - INFO - 配置文件加载成功: /cephfs/shared/sunyifan/Min-p-CoT/grid_search_results/config_experiment_0.4_0.8_0.4_0.9.json
2025-08-03 00:46:54,793 - INFO - 配置文件验证通过
2025-08-03 00:46:54,794 - INFO - 随机种子已设置为: 42
2025-08-03 00:46:54,794 - ERROR - 实验 89 失败: [Errno 2] No such file or directory: '/cephfs/shared/sunyifan/Min-p-CoT/cephfs/shared/sunyifan/Min-p-CoT/grid_search_results'
2025-08-03 00:46:54,794 - INFO - 开始实验 90: min-p值 = [0.4, 0.8, 0.4, 1.0]
2025-08-03 00:46:54,796 - INFO - 配置文件加载成功: /cephfs/shared/sunyifan/Min-p-CoT/grid_search_results/config_experiment_0.4_0.8_0.4_1.0.json
2025-08-03 00:46:54,796 - INFO - 配置文件验证通过
2025-08-03 00:46:54,797 - INFO - 随机种子已设置为: 42
2025-08-03 00:46:54,797 - ERROR - 实验 90 失败: [Errno 2] No such file or directory: '/cephfs/shared/sunyifan/Min-p-CoT/cephfs/shared/sunyifan/Min-p-CoT/grid_search_results'
2025-08-03 00:46:54,797 - INFO - 开始实验 91: min-p值 = [0.4, 0.8, 0.6, 0.8]
2025-08-03 00:46:54,799 - INFO - 配置文件加载成功: /cephfs/shared/sunyifan/Min-p-CoT/grid_search_results/config_experiment_0.4_0.8_0.6_0.8.json
2025-08-03 00:46:54,799 - INFO - 配置文件验证通过
2025-08-03 00:46:54,800 - INFO - 随机种子已设置为: 42
2025-08-03 00:46:54,800 - ERROR - 实验 91 失败: [Errno 2] No such file or directory: '/cephfs/shared/sunyifan/Min-p-CoT/cephfs/shared/sunyifan/Min-p-CoT/grid_search_results'
2025-08-03 00:46:54,800 - INFO - 开始实验 92: min-p值 = [0.4, 0.8, 0.6, 0.9]
2025-08-03 00:46:54,803 - INFO - 配置文件加载成功: /cephfs/shared/sunyifan/Min-p-CoT/grid_search_results/config_experiment_0.4_0.8_0.6_0.9.json
2025-08-03 00:46:54,803 - INFO - 配置文件验证通过
2025-08-03 00:46:54,803 - INFO - 随机种子已设置为: 42
2025-08-03 00:46:54,803 - ERROR - 实验 92 失败: [Errno 2] No such file or directory: '/cephfs/shared/sunyifan/Min-p-CoT/cephfs/shared/sunyifan/Min-p-CoT/grid_search_results'
2025-08-03 00:46:54,803 - INFO - 开始实验 93: min-p值 = [0.4, 0.8, 0.6, 1.0]
2025-08-03 00:46:54,806 - INFO - 配置文件加载成功: /cephfs/shared/sunyifan/Min-p-CoT/grid_search_results/config_experiment_0.4_0.8_0.6_1.0.json
2025-08-03 00:46:54,806 - INFO - 配置文件验证通过
2025-08-03 00:46:54,807 - INFO - 随机种子已设置为: 42
2025-08-03 00:46:54,807 - ERROR - 实验 93 失败: [Errno 2] No such file or directory: '/cephfs/shared/sunyifan/Min-p-CoT/cephfs/shared/sunyifan/Min-p-CoT/grid_search_results'
2025-08-03 00:46:54,807 - INFO - 开始实验 94: min-p值 = [0.4, 0.8, 0.8, 0.8]
2025-08-03 00:46:54,810 - INFO - 配置文件加载成功: /cephfs/shared/sunyifan/Min-p-CoT/grid_search_results/config_experiment_0.4_0.8_0.8_0.8.json
2025-08-03 00:46:54,810 - INFO - 配置文件验证通过
2025-08-03 00:46:54,810 - INFO - 随机种子已设置为: 42
2025-08-03 00:46:54,810 - ERROR - 实验 94 失败: [Errno 2] No such file or directory: '/cephfs/shared/sunyifan/Min-p-CoT/cephfs/shared/sunyifan/Min-p-CoT/grid_search_results'
2025-08-03 00:46:54,811 - INFO - 开始实验 95: min-p值 = [0.4, 0.8, 0.8, 0.9]
2025-08-03 00:46:54,813 - INFO - 配置文件加载成功: /cephfs/shared/sunyifan/Min-p-CoT/grid_search_results/config_experiment_0.4_0.8_0.8_0.9.json
2025-08-03 00:46:54,813 - INFO - 配置文件验证通过
2025-08-03 00:46:54,813 - INFO - 随机种子已设置为: 42
2025-08-03 00:46:54,814 - ERROR - 实验 95 失败: [Errno 2] No such file or directory: '/cephfs/shared/sunyifan/Min-p-CoT/cephfs/shared/sunyifan/Min-p-CoT/grid_search_results'
2025-08-03 00:46:54,814 - INFO - 开始实验 96: min-p值 = [0.4, 0.8, 0.8, 1.0]
2025-08-03 00:46:54,816 - INFO - 配置文件加载成功: /cephfs/shared/sunyifan/Min-p-CoT/grid_search_results/config_experiment_0.4_0.8_0.8_1.0.json
2025-08-03 00:46:54,816 - INFO - 配置文件验证通过
2025-08-03 00:46:54,817 - INFO - 随机种子已设置为: 42
2025-08-03 00:46:54,817 - ERROR - 实验 96 失败: [Errno 2] No such file or directory: '/cephfs/shared/sunyifan/Min-p-CoT/cephfs/shared/sunyifan/Min-p-CoT/grid_search_results'
2025-08-03 00:46:54,817 - INFO - 开始实验 97: min-p值 = [0.6, 0.2, 0.2, 0.8]
2025-08-03 00:46:54,819 - INFO - 配置文件加载成功: /cephfs/shared/sunyifan/Min-p-CoT/grid_search_results/config_experiment_0.6_0.2_0.2_0.8.json
2025-08-03 00:46:54,819 - INFO - 配置文件验证通过
2025-08-03 00:46:54,820 - INFO - 随机种子已设置为: 42
2025-08-03 00:46:54,820 - ERROR - 实验 97 失败: [Errno 2] No such file or directory: '/cephfs/shared/sunyifan/Min-p-CoT/cephfs/shared/sunyifan/Min-p-CoT/grid_search_results'
2025-08-03 00:46:54,820 - INFO - 开始实验 98: min-p值 = [0.6, 0.2, 0.2, 0.9]
2025-08-03 00:46:54,837 - INFO - 配置文件加载成功: /cephfs/shared/sunyifan/Min-p-CoT/grid_search_results/config_experiment_0.6_0.2_0.2_0.9.json
2025-08-03 00:46:54,837 - INFO - 配置文件验证通过
2025-08-03 00:46:54,838 - INFO - 随机种子已设置为: 42
2025-08-03 00:46:54,838 - ERROR - 实验 98 失败: [Errno 2] No such file or directory: '/cephfs/shared/sunyifan/Min-p-CoT/cephfs/shared/sunyifan/Min-p-CoT/grid_search_results'
2025-08-03 00:46:54,838 - INFO - 开始实验 99: min-p值 = [0.6, 0.2, 0.2, 1.0]
2025-08-03 00:46:54,841 - INFO - 配置文件加载成功: /cephfs/shared/sunyifan/Min-p-CoT/grid_search_results/config_experiment_0.6_0.2_0.2_1.0.json
2025-08-03 00:46:54,841 - INFO - 配置文件验证通过
2025-08-03 00:46:54,842 - INFO - 随机种子已设置为: 42
2025-08-03 00:46:54,842 - ERROR - 实验 99 失败: [Errno 2] No such file or directory: '/cephfs/shared/sunyifan/Min-p-CoT/cephfs/shared/sunyifan/Min-p-CoT/grid_search_results'
2025-08-03 00:46:54,842 - INFO - 开始实验 100: min-p值 = [0.6, 0.2, 0.4, 0.8]
2025-08-03 00:46:54,844 - INFO - 配置文件加载成功: /cephfs/shared/sunyifan/Min-p-CoT/grid_search_results/config_experiment_0.6_0.2_0.4_0.8.json
2025-08-03 00:46:54,844 - INFO - 配置文件验证通过
2025-08-03 00:46:54,845 - INFO - 随机种子已设置为: 42
2025-08-03 00:46:54,845 - ERROR - 实验 100 失败: [Errno 2] No such file or directory: '/cephfs/shared/sunyifan/Min-p-CoT/cephfs/shared/sunyifan/Min-p-CoT/grid_search_results'
2025-08-03 00:46:54,845 - INFO - 开始实验 101: min-p值 = [0.6, 0.2, 0.4, 0.9]
2025-08-03 00:46:54,848 - INFO - 配置文件加载成功: /cephfs/shared/sunyifan/Min-p-CoT/grid_search_results/config_experiment_0.6_0.2_0.4_0.9.json
2025-08-03 00:46:54,848 - INFO - 配置文件验证通过
2025-08-03 00:46:54,849 - INFO - 随机种子已设置为: 42
2025-08-03 00:46:54,849 - ERROR - 实验 101 失败: [Errno 2] No such file or directory: '/cephfs/shared/sunyifan/Min-p-CoT/cephfs/shared/sunyifan/Min-p-CoT/grid_search_results'
2025-08-03 00:46:54,849 - INFO - 开始实验 102: min-p值 = [0.6, 0.2, 0.4, 1.0]
2025-08-03 00:46:54,852 - INFO - 配置文件加载成功: /cephfs/shared/sunyifan/Min-p-CoT/grid_search_results/config_experiment_0.6_0.2_0.4_1.0.json
2025-08-03 00:46:54,852 - INFO - 配置文件验证通过
2025-08-03 00:46:54,852 - INFO - 随机种子已设置为: 42
2025-08-03 00:46:54,852 - ERROR - 实验 102 失败: [Errno 2] No such file or directory: '/cephfs/shared/sunyifan/Min-p-CoT/cephfs/shared/sunyifan/Min-p-CoT/grid_search_results'
2025-08-03 00:46:54,852 - INFO - 开始实验 103: min-p值 = [0.6, 0.2, 0.6, 0.8]
2025-08-03 00:46:54,855 - INFO - 配置文件加载成功: /cephfs/shared/sunyifan/Min-p-CoT/grid_search_results/config_experiment_0.6_0.2_0.6_0.8.json
2025-08-03 00:46:54,855 - INFO - 配置文件验证通过
2025-08-03 00:46:54,856 - INFO - 随机种子已设置为: 42
2025-08-03 00:46:54,856 - ERROR - 实验 103 失败: [Errno 2] No such file or directory: '/cephfs/shared/sunyifan/Min-p-CoT/cephfs/shared/sunyifan/Min-p-CoT/grid_search_results'
2025-08-03 00:46:54,856 - INFO - 开始实验 104: min-p值 = [0.6, 0.2, 0.6, 0.9]
2025-08-03 00:46:54,858 - INFO - 配置文件加载成功: /cephfs/shared/sunyifan/Min-p-CoT/grid_search_results/config_experiment_0.6_0.2_0.6_0.9.json
2025-08-03 00:46:54,858 - INFO - 配置文件验证通过
2025-08-03 00:46:54,859 - INFO - 随机种子已设置为: 42
2025-08-03 00:46:54,859 - ERROR - 实验 104 失败: [Errno 2] No such file or directory: '/cephfs/shared/sunyifan/Min-p-CoT/cephfs/shared/sunyifan/Min-p-CoT/grid_search_results'
2025-08-03 00:46:54,859 - INFO - 开始实验 105: min-p值 = [0.6, 0.2, 0.6, 1.0]
2025-08-03 00:46:54,862 - INFO - 配置文件加载成功: /cephfs/shared/sunyifan/Min-p-CoT/grid_search_results/config_experiment_0.6_0.2_0.6_1.0.json
2025-08-03 00:46:54,862 - INFO - 配置文件验证通过
2025-08-03 00:46:54,863 - INFO - 随机种子已设置为: 42
2025-08-03 00:46:54,863 - ERROR - 实验 105 失败: [Errno 2] No such file or directory: '/cephfs/shared/sunyifan/Min-p-CoT/cephfs/shared/sunyifan/Min-p-CoT/grid_search_results'
2025-08-03 00:46:54,863 - INFO - 开始实验 106: min-p值 = [0.6, 0.2, 0.8, 0.8]
2025-08-03 00:46:54,865 - INFO - 配置文件加载成功: /cephfs/shared/sunyifan/Min-p-CoT/grid_search_results/config_experiment_0.6_0.2_0.8_0.8.json
2025-08-03 00:46:54,865 - INFO - 配置文件验证通过
2025-08-03 00:46:54,866 - INFO - 随机种子已设置为: 42
2025-08-03 00:46:54,866 - ERROR - 实验 106 失败: [Errno 2] No such file or directory: '/cephfs/shared/sunyifan/Min-p-CoT/cephfs/shared/sunyifan/Min-p-CoT/grid_search_results'
2025-08-03 00:46:54,866 - INFO - 开始实验 107: min-p值 = [0.6, 0.2, 0.8, 0.9]
2025-08-03 00:46:54,868 - INFO - 配置文件加载成功: /cephfs/shared/sunyifan/Min-p-CoT/grid_search_results/config_experiment_0.6_0.2_0.8_0.9.json
2025-08-03 00:46:54,869 - INFO - 配置文件验证通过
2025-08-03 00:46:54,869 - INFO - 随机种子已设置为: 42
2025-08-03 00:46:54,869 - ERROR - 实验 107 失败: [Errno 2] No such file or directory: '/cephfs/shared/sunyifan/Min-p-CoT/cephfs/shared/sunyifan/Min-p-CoT/grid_search_results'
2025-08-03 00:46:54,869 - INFO - 开始实验 108: min-p值 = [0.6, 0.2, 0.8, 1.0]
2025-08-03 00:46:54,872 - INFO - 配置文件加载成功: /cephfs/shared/sunyifan/Min-p-CoT/grid_search_results/config_experiment_0.6_0.2_0.8_1.0.json
2025-08-03 00:46:54,872 - INFO - 配置文件验证通过
2025-08-03 00:46:54,873 - INFO - 随机种子已设置为: 42
2025-08-03 00:46:54,873 - ERROR - 实验 108 失败: [Errno 2] No such file or directory: '/cephfs/shared/sunyifan/Min-p-CoT/cephfs/shared/sunyifan/Min-p-CoT/grid_search_results'
2025-08-03 00:46:54,873 - INFO - 开始实验 109: min-p值 = [0.6, 0.4, 0.2, 0.8]
2025-08-03 00:46:54,875 - INFO - 配置文件加载成功: /cephfs/shared/sunyifan/Min-p-CoT/grid_search_results/config_experiment_0.6_0.4_0.2_0.8.json
2025-08-03 00:46:54,875 - INFO - 配置文件验证通过
2025-08-03 00:46:54,876 - INFO - 随机种子已设置为: 42
2025-08-03 00:46:54,876 - ERROR - 实验 109 失败: [Errno 2] No such file or directory: '/cephfs/shared/sunyifan/Min-p-CoT/cephfs/shared/sunyifan/Min-p-CoT/grid_search_results'
2025-08-03 00:46:54,876 - INFO - 开始实验 110: min-p值 = [0.6, 0.4, 0.2, 0.9]
2025-08-03 00:46:54,879 - INFO - 配置文件加载成功: /cephfs/shared/sunyifan/Min-p-CoT/grid_search_results/config_experiment_0.6_0.4_0.2_0.9.json
2025-08-03 00:46:54,879 - INFO - 配置文件验证通过
2025-08-03 00:46:54,879 - INFO - 随机种子已设置为: 42
2025-08-03 00:46:54,880 - ERROR - 实验 110 失败: [Errno 2] No such file or directory: '/cephfs/shared/sunyifan/Min-p-CoT/cephfs/shared/sunyifan/Min-p-CoT/grid_search_results'
2025-08-03 00:46:54,880 - INFO - 开始实验 111: min-p值 = [0.6, 0.4, 0.2, 1.0]
2025-08-03 00:46:54,882 - INFO - 配置文件加载成功: /cephfs/shared/sunyifan/Min-p-CoT/grid_search_results/config_experiment_0.6_0.4_0.2_1.0.json
2025-08-03 00:46:54,882 - INFO - 配置文件验证通过
2025-08-03 00:46:54,883 - INFO - 随机种子已设置为: 42
2025-08-03 00:46:54,883 - ERROR - 实验 111 失败: [Errno 2] No such file or directory: '/cephfs/shared/sunyifan/Min-p-CoT/cephfs/shared/sunyifan/Min-p-CoT/grid_search_results'
2025-08-03 00:46:54,883 - INFO - 开始实验 112: min-p值 = [0.6, 0.4, 0.4, 0.8]
2025-08-03 00:46:54,887 - INFO - 配置文件加载成功: /cephfs/shared/sunyifan/Min-p-CoT/grid_search_results/config_experiment_0.6_0.4_0.4_0.8.json
2025-08-03 00:46:54,887 - INFO - 配置文件验证通过
2025-08-03 00:46:54,887 - INFO - 随机种子已设置为: 42
2025-08-03 00:46:54,887 - ERROR - 实验 112 失败: [Errno 2] No such file or directory: '/cephfs/shared/sunyifan/Min-p-CoT/cephfs/shared/sunyifan/Min-p-CoT/grid_search_results'
2025-08-03 00:46:54,887 - INFO - 开始实验 113: min-p值 = [0.6, 0.4, 0.4, 0.9]
2025-08-03 00:46:54,890 - INFO - 配置文件加载成功: /cephfs/shared/sunyifan/Min-p-CoT/grid_search_results/config_experiment_0.6_0.4_0.4_0.9.json
2025-08-03 00:46:54,890 - INFO - 配置文件验证通过
2025-08-03 00:46:54,891 - INFO - 随机种子已设置为: 42
2025-08-03 00:46:54,891 - ERROR - 实验 113 失败: [Errno 2] No such file or directory: '/cephfs/shared/sunyifan/Min-p-CoT/cephfs/shared/sunyifan/Min-p-CoT/grid_search_results'
2025-08-03 00:46:54,891 - INFO - 开始实验 114: min-p值 = [0.6, 0.4, 0.4, 1.0]
2025-08-03 00:46:54,894 - INFO - 配置文件加载成功: /cephfs/shared/sunyifan/Min-p-CoT/grid_search_results/config_experiment_0.6_0.4_0.4_1.0.json
2025-08-03 00:46:54,894 - INFO - 配置文件验证通过
2025-08-03 00:46:54,895 - INFO - 随机种子已设置为: 42
2025-08-03 00:46:54,895 - ERROR - 实验 114 失败: [Errno 2] No such file or directory: '/cephfs/shared/sunyifan/Min-p-CoT/cephfs/shared/sunyifan/Min-p-CoT/grid_search_results'
2025-08-03 00:46:54,895 - INFO - 开始实验 115: min-p值 = [0.6, 0.4, 0.6, 0.8]
2025-08-03 00:46:54,897 - INFO - 配置文件加载成功: /cephfs/shared/sunyifan/Min-p-CoT/grid_search_results/config_experiment_0.6_0.4_0.6_0.8.json
2025-08-03 00:46:54,897 - INFO - 配置文件验证通过
2025-08-03 00:46:54,898 - INFO - 随机种子已设置为: 42
2025-08-03 00:46:54,898 - ERROR - 实验 115 失败: [Errno 2] No such file or directory: '/cephfs/shared/sunyifan/Min-p-CoT/cephfs/shared/sunyifan/Min-p-CoT/grid_search_results'
2025-08-03 00:46:54,898 - INFO - 开始实验 116: min-p值 = [0.6, 0.4, 0.6, 0.9]
2025-08-03 00:46:54,901 - INFO - 配置文件加载成功: /cephfs/shared/sunyifan/Min-p-CoT/grid_search_results/config_experiment_0.6_0.4_0.6_0.9.json
2025-08-03 00:46:54,901 - INFO - 配置文件验证通过
2025-08-03 00:46:54,902 - INFO - 随机种子已设置为: 42
2025-08-03 00:46:54,902 - ERROR - 实验 116 失败: [Errno 2] No such file or directory: '/cephfs/shared/sunyifan/Min-p-CoT/cephfs/shared/sunyifan/Min-p-CoT/grid_search_results'
2025-08-03 00:46:54,902 - INFO - 开始实验 117: min-p值 = [0.6, 0.4, 0.6, 1.0]
2025-08-03 00:46:54,904 - INFO - 配置文件加载成功: /cephfs/shared/sunyifan/Min-p-CoT/grid_search_results/config_experiment_0.6_0.4_0.6_1.0.json
2025-08-03 00:46:54,905 - INFO - 配置文件验证通过
2025-08-03 00:46:54,905 - INFO - 随机种子已设置为: 42
2025-08-03 00:46:54,905 - ERROR - 实验 117 失败: [Errno 2] No such file or directory: '/cephfs/shared/sunyifan/Min-p-CoT/cephfs/shared/sunyifan/Min-p-CoT/grid_search_results'
2025-08-03 00:46:54,905 - INFO - 开始实验 118: min-p值 = [0.6, 0.4, 0.8, 0.8]
2025-08-03 00:46:54,908 - INFO - 配置文件加载成功: /cephfs/shared/sunyifan/Min-p-CoT/grid_search_results/config_experiment_0.6_0.4_0.8_0.8.json
2025-08-03 00:46:54,908 - INFO - 配置文件验证通过
2025-08-03 00:46:54,908 - INFO - 随机种子已设置为: 42
2025-08-03 00:46:54,909 - ERROR - 实验 118 失败: [Errno 2] No such file or directory: '/cephfs/shared/sunyifan/Min-p-CoT/cephfs/shared/sunyifan/Min-p-CoT/grid_search_results'
2025-08-03 00:46:54,909 - INFO - 开始实验 119: min-p值 = [0.6, 0.4, 0.8, 0.9]
2025-08-03 00:46:54,911 - INFO - 配置文件加载成功: /cephfs/shared/sunyifan/Min-p-CoT/grid_search_results/config_experiment_0.6_0.4_0.8_0.9.json
2025-08-03 00:46:54,911 - INFO - 配置文件验证通过
2025-08-03 00:46:54,912 - INFO - 随机种子已设置为: 42
2025-08-03 00:46:54,912 - ERROR - 实验 119 失败: [Errno 2] No such file or directory: '/cephfs/shared/sunyifan/Min-p-CoT/cephfs/shared/sunyifan/Min-p-CoT/grid_search_results'
2025-08-03 00:46:54,912 - INFO - 开始实验 120: min-p值 = [0.6, 0.4, 0.8, 1.0]
2025-08-03 00:46:54,915 - INFO - 配置文件加载成功: /cephfs/shared/sunyifan/Min-p-CoT/grid_search_results/config_experiment_0.6_0.4_0.8_1.0.json
2025-08-03 00:46:54,915 - INFO - 配置文件验证通过
2025-08-03 00:46:54,915 - INFO - 随机种子已设置为: 42
2025-08-03 00:46:54,915 - ERROR - 实验 120 失败: [Errno 2] No such file or directory: '/cephfs/shared/sunyifan/Min-p-CoT/cephfs/shared/sunyifan/Min-p-CoT/grid_search_results'
2025-08-03 00:46:54,915 - INFO - 开始实验 121: min-p值 = [0.6, 0.6, 0.2, 0.8]
2025-08-03 00:46:54,918 - INFO - 配置文件加载成功: /cephfs/shared/sunyifan/Min-p-CoT/grid_search_results/config_experiment_0.6_0.6_0.2_0.8.json
2025-08-03 00:46:54,918 - INFO - 配置文件验证通过
2025-08-03 00:46:54,919 - INFO - 随机种子已设置为: 42
2025-08-03 00:46:54,919 - ERROR - 实验 121 失败: [Errno 2] No such file or directory: '/cephfs/shared/sunyifan/Min-p-CoT/cephfs/shared/sunyifan/Min-p-CoT/grid_search_results'
2025-08-03 00:46:54,919 - INFO - 开始实验 122: min-p值 = [0.6, 0.6, 0.2, 0.9]
2025-08-03 00:46:54,921 - INFO - 配置文件加载成功: /cephfs/shared/sunyifan/Min-p-CoT/grid_search_results/config_experiment_0.6_0.6_0.2_0.9.json
2025-08-03 00:46:54,921 - INFO - 配置文件验证通过
2025-08-03 00:46:54,922 - INFO - 随机种子已设置为: 42
2025-08-03 00:46:54,922 - ERROR - 实验 122 失败: [Errno 2] No such file or directory: '/cephfs/shared/sunyifan/Min-p-CoT/cephfs/shared/sunyifan/Min-p-CoT/grid_search_results'
2025-08-03 00:46:54,922 - INFO - 开始实验 123: min-p值 = [0.6, 0.6, 0.2, 1.0]
2025-08-03 00:46:54,925 - INFO - 配置文件加载成功: /cephfs/shared/sunyifan/Min-p-CoT/grid_search_results/config_experiment_0.6_0.6_0.2_1.0.json
2025-08-03 00:46:54,925 - INFO - 配置文件验证通过
2025-08-03 00:46:54,925 - INFO - 随机种子已设置为: 42
2025-08-03 00:46:54,925 - ERROR - 实验 123 失败: [Errno 2] No such file or directory: '/cephfs/shared/sunyifan/Min-p-CoT/cephfs/shared/sunyifan/Min-p-CoT/grid_search_results'
2025-08-03 00:46:54,925 - INFO - 开始实验 124: min-p值 = [0.6, 0.6, 0.4, 0.8]
2025-08-03 00:46:54,928 - INFO - 配置文件加载成功: /cephfs/shared/sunyifan/Min-p-CoT/grid_search_results/config_experiment_0.6_0.6_0.4_0.8.json
2025-08-03 00:46:54,928 - INFO - 配置文件验证通过
2025-08-03 00:46:54,929 - INFO - 随机种子已设置为: 42
2025-08-03 00:46:54,929 - ERROR - 实验 124 失败: [Errno 2] No such file or directory: '/cephfs/shared/sunyifan/Min-p-CoT/cephfs/shared/sunyifan/Min-p-CoT/grid_search_results'
2025-08-03 00:46:54,929 - INFO - 开始实验 125: min-p值 = [0.6, 0.6, 0.4, 0.9]
2025-08-03 00:46:54,931 - INFO - 配置文件加载成功: /cephfs/shared/sunyifan/Min-p-CoT/grid_search_results/config_experiment_0.6_0.6_0.4_0.9.json
2025-08-03 00:46:54,931 - INFO - 配置文件验证通过
2025-08-03 00:46:54,932 - INFO - 随机种子已设置为: 42
2025-08-03 00:46:54,932 - ERROR - 实验 125 失败: [Errno 2] No such file or directory: '/cephfs/shared/sunyifan/Min-p-CoT/cephfs/shared/sunyifan/Min-p-CoT/grid_search_results'
2025-08-03 00:46:54,932 - INFO - 开始实验 126: min-p值 = [0.6, 0.6, 0.4, 1.0]
2025-08-03 00:46:54,935 - INFO - 配置文件加载成功: /cephfs/shared/sunyifan/Min-p-CoT/grid_search_results/config_experiment_0.6_0.6_0.4_1.0.json
2025-08-03 00:46:54,935 - INFO - 配置文件验证通过
2025-08-03 00:46:54,935 - INFO - 随机种子已设置为: 42
2025-08-03 00:46:54,935 - ERROR - 实验 126 失败: [Errno 2] No such file or directory: '/cephfs/shared/sunyifan/Min-p-CoT/cephfs/shared/sunyifan/Min-p-CoT/grid_search_results'
2025-08-03 00:46:54,936 - INFO - 开始实验 127: min-p值 = [0.6, 0.6, 0.6, 0.8]
2025-08-03 00:46:54,938 - INFO - 配置文件加载成功: /cephfs/shared/sunyifan/Min-p-CoT/grid_search_results/config_experiment_0.6_0.6_0.6_0.8.json
2025-08-03 00:46:54,938 - INFO - 配置文件验证通过
2025-08-03 00:46:54,939 - INFO - 随机种子已设置为: 42
2025-08-03 00:46:54,939 - ERROR - 实验 127 失败: [Errno 2] No such file or directory: '/cephfs/shared/sunyifan/Min-p-CoT/cephfs/shared/sunyifan/Min-p-CoT/grid_search_results'
2025-08-03 00:46:54,939 - INFO - 开始实验 128: min-p值 = [0.6, 0.6, 0.6, 0.9]
2025-08-03 00:46:54,941 - INFO - 配置文件加载成功: /cephfs/shared/sunyifan/Min-p-CoT/grid_search_results/config_experiment_0.6_0.6_0.6_0.9.json
2025-08-03 00:46:54,942 - INFO - 配置文件验证通过
2025-08-03 00:46:54,942 - INFO - 随机种子已设置为: 42
2025-08-03 00:46:54,942 - ERROR - 实验 128 失败: [Errno 2] No such file or directory: '/cephfs/shared/sunyifan/Min-p-CoT/cephfs/shared/sunyifan/Min-p-CoT/grid_search_results'
2025-08-03 00:46:54,942 - INFO - 开始实验 129: min-p值 = [0.6, 0.6, 0.6, 1.0]
2025-08-03 00:46:54,945 - INFO - 配置文件加载成功: /cephfs/shared/sunyifan/Min-p-CoT/grid_search_results/config_experiment_0.6_0.6_0.6_1.0.json
2025-08-03 00:46:54,945 - INFO - 配置文件验证通过
2025-08-03 00:46:54,945 - INFO - 随机种子已设置为: 42
2025-08-03 00:46:54,946 - ERROR - 实验 129 失败: [Errno 2] No such file or directory: '/cephfs/shared/sunyifan/Min-p-CoT/cephfs/shared/sunyifan/Min-p-CoT/grid_search_results'
2025-08-03 00:46:54,946 - INFO - 开始实验 130: min-p值 = [0.6, 0.6, 0.8, 0.8]
2025-08-03 00:46:54,948 - INFO - 配置文件加载成功: /cephfs/shared/sunyifan/Min-p-CoT/grid_search_results/config_experiment_0.6_0.6_0.8_0.8.json
2025-08-03 00:46:54,948 - INFO - 配置文件验证通过
2025-08-03 00:46:54,949 - INFO - 随机种子已设置为: 42
2025-08-03 00:46:54,949 - ERROR - 实验 130 失败: [Errno 2] No such file or directory: '/cephfs/shared/sunyifan/Min-p-CoT/cephfs/shared/sunyifan/Min-p-CoT/grid_search_results'
2025-08-03 00:46:54,949 - INFO - 开始实验 131: min-p值 = [0.6, 0.6, 0.8, 0.9]
2025-08-03 00:46:54,951 - INFO - 配置文件加载成功: /cephfs/shared/sunyifan/Min-p-CoT/grid_search_results/config_experiment_0.6_0.6_0.8_0.9.json
2025-08-03 00:46:54,952 - INFO - 配置文件验证通过
2025-08-03 00:46:54,952 - INFO - 随机种子已设置为: 42
2025-08-03 00:46:54,952 - ERROR - 实验 131 失败: [Errno 2] No such file or directory: '/cephfs/shared/sunyifan/Min-p-CoT/cephfs/shared/sunyifan/Min-p-CoT/grid_search_results'
2025-08-03 00:46:54,952 - INFO - 开始实验 132: min-p值 = [0.6, 0.6, 0.8, 1.0]
2025-08-03 00:46:54,955 - INFO - 配置文件加载成功: /cephfs/shared/sunyifan/Min-p-CoT/grid_search_results/config_experiment_0.6_0.6_0.8_1.0.json
2025-08-03 00:46:54,955 - INFO - 配置文件验证通过
2025-08-03 00:46:54,956 - INFO - 随机种子已设置为: 42
2025-08-03 00:46:54,956 - ERROR - 实验 132 失败: [Errno 2] No such file or directory: '/cephfs/shared/sunyifan/Min-p-CoT/cephfs/shared/sunyifan/Min-p-CoT/grid_search_results'
2025-08-03 00:46:54,956 - INFO - 开始实验 133: min-p值 = [0.6, 0.8, 0.2, 0.8]
2025-08-03 00:46:54,959 - INFO - 配置文件加载成功: /cephfs/shared/sunyifan/Min-p-CoT/grid_search_results/config_experiment_0.6_0.8_0.2_0.8.json
2025-08-03 00:46:54,959 - INFO - 配置文件验证通过
2025-08-03 00:46:54,959 - INFO - 随机种子已设置为: 42
2025-08-03 00:46:54,959 - ERROR - 实验 133 失败: [Errno 2] No such file or directory: '/cephfs/shared/sunyifan/Min-p-CoT/cephfs/shared/sunyifan/Min-p-CoT/grid_search_results'
2025-08-03 00:46:54,960 - INFO - 开始实验 134: min-p值 = [0.6, 0.8, 0.2, 0.9]
2025-08-03 00:46:54,962 - INFO - 配置文件加载成功: /cephfs/shared/sunyifan/Min-p-CoT/grid_search_results/config_experiment_0.6_0.8_0.2_0.9.json
2025-08-03 00:46:54,962 - INFO - 配置文件验证通过
2025-08-03 00:46:54,963 - INFO - 随机种子已设置为: 42
2025-08-03 00:46:54,963 - ERROR - 实验 134 失败: [Errno 2] No such file or directory: '/cephfs/shared/sunyifan/Min-p-CoT/cephfs/shared/sunyifan/Min-p-CoT/grid_search_results'
2025-08-03 00:46:54,963 - INFO - 开始实验 135: min-p值 = [0.6, 0.8, 0.2, 1.0]
2025-08-03 00:46:54,965 - INFO - 配置文件加载成功: /cephfs/shared/sunyifan/Min-p-CoT/grid_search_results/config_experiment_0.6_0.8_0.2_1.0.json
2025-08-03 00:46:54,966 - INFO - 配置文件验证通过
2025-08-03 00:46:54,966 - INFO - 随机种子已设置为: 42
2025-08-03 00:46:54,966 - ERROR - 实验 135 失败: [Errno 2] No such file or directory: '/cephfs/shared/sunyifan/Min-p-CoT/cephfs/shared/sunyifan/Min-p-CoT/grid_search_results'
2025-08-03 00:46:54,966 - INFO - 开始实验 136: min-p值 = [0.6, 0.8, 0.4, 0.8]
2025-08-03 00:46:54,969 - INFO - 配置文件加载成功: /cephfs/shared/sunyifan/Min-p-CoT/grid_search_results/config_experiment_0.6_0.8_0.4_0.8.json
2025-08-03 00:46:54,969 - INFO - 配置文件验证通过
2025-08-03 00:46:54,969 - INFO - 随机种子已设置为: 42
2025-08-03 00:46:54,970 - ERROR - 实验 136 失败: [Errno 2] No such file or directory: '/cephfs/shared/sunyifan/Min-p-CoT/cephfs/shared/sunyifan/Min-p-CoT/grid_search_results'
2025-08-03 00:46:54,970 - INFO - 开始实验 137: min-p值 = [0.6, 0.8, 0.4, 0.9]
2025-08-03 00:46:54,972 - INFO - 配置文件加载成功: /cephfs/shared/sunyifan/Min-p-CoT/grid_search_results/config_experiment_0.6_0.8_0.4_0.9.json
2025-08-03 00:46:54,972 - INFO - 配置文件验证通过
2025-08-03 00:46:54,973 - INFO - 随机种子已设置为: 42
2025-08-03 00:46:54,973 - ERROR - 实验 137 失败: [Errno 2] No such file or directory: '/cephfs/shared/sunyifan/Min-p-CoT/cephfs/shared/sunyifan/Min-p-CoT/grid_search_results'
2025-08-03 00:46:54,973 - INFO - 开始实验 138: min-p值 = [0.6, 0.8, 0.4, 1.0]
2025-08-03 00:46:54,976 - INFO - 配置文件加载成功: /cephfs/shared/sunyifan/Min-p-CoT/grid_search_results/config_experiment_0.6_0.8_0.4_1.0.json
2025-08-03 00:46:54,976 - INFO - 配置文件验证通过
2025-08-03 00:46:54,976 - INFO - 随机种子已设置为: 42
2025-08-03 00:46:54,976 - ERROR - 实验 138 失败: [Errno 2] No such file or directory: '/cephfs/shared/sunyifan/Min-p-CoT/cephfs/shared/sunyifan/Min-p-CoT/grid_search_results'
2025-08-03 00:46:54,977 - INFO - 开始实验 139: min-p值 = [0.6, 0.8, 0.6, 0.8]
2025-08-03 00:46:54,979 - INFO - 配置文件加载成功: /cephfs/shared/sunyifan/Min-p-CoT/grid_search_results/config_experiment_0.6_0.8_0.6_0.8.json
2025-08-03 00:46:54,979 - INFO - 配置文件验证通过
2025-08-03 00:46:54,980 - INFO - 随机种子已设置为: 42
2025-08-03 00:46:54,980 - ERROR - 实验 139 失败: [Errno 2] No such file or directory: '/cephfs/shared/sunyifan/Min-p-CoT/cephfs/shared/sunyifan/Min-p-CoT/grid_search_results'
2025-08-03 00:46:54,980 - INFO - 开始实验 140: min-p值 = [0.6, 0.8, 0.6, 0.9]
2025-08-03 00:46:54,983 - INFO - 配置文件加载成功: /cephfs/shared/sunyifan/Min-p-CoT/grid_search_results/config_experiment_0.6_0.8_0.6_0.9.json
2025-08-03 00:46:54,983 - INFO - 配置文件验证通过
2025-08-03 00:46:54,983 - INFO - 随机种子已设置为: 42
2025-08-03 00:46:54,983 - ERROR - 实验 140 失败: [Errno 2] No such file or directory: '/cephfs/shared/sunyifan/Min-p-CoT/cephfs/shared/sunyifan/Min-p-CoT/grid_search_results'
2025-08-03 00:46:54,983 - INFO - 开始实验 141: min-p值 = [0.6, 0.8, 0.6, 1.0]
2025-08-03 00:46:54,986 - INFO - 配置文件加载成功: /cephfs/shared/sunyifan/Min-p-CoT/grid_search_results/config_experiment_0.6_0.8_0.6_1.0.json
2025-08-03 00:46:54,986 - INFO - 配置文件验证通过
2025-08-03 00:46:54,987 - INFO - 随机种子已设置为: 42
2025-08-03 00:46:54,987 - ERROR - 实验 141 失败: [Errno 2] No such file or directory: '/cephfs/shared/sunyifan/Min-p-CoT/cephfs/shared/sunyifan/Min-p-CoT/grid_search_results'
2025-08-03 00:46:54,987 - INFO - 开始实验 142: min-p值 = [0.6, 0.8, 0.8, 0.8]
2025-08-03 00:46:54,989 - INFO - 配置文件加载成功: /cephfs/shared/sunyifan/Min-p-CoT/grid_search_results/config_experiment_0.6_0.8_0.8_0.8.json
2025-08-03 00:46:54,990 - INFO - 配置文件验证通过
2025-08-03 00:46:54,990 - INFO - 随机种子已设置为: 42
2025-08-03 00:46:54,990 - ERROR - 实验 142 失败: [Errno 2] No such file or directory: '/cephfs/shared/sunyifan/Min-p-CoT/cephfs/shared/sunyifan/Min-p-CoT/grid_search_results'
2025-08-03 00:46:54,990 - INFO - 开始实验 143: min-p值 = [0.6, 0.8, 0.8, 0.9]
2025-08-03 00:46:54,993 - INFO - 配置文件加载成功: /cephfs/shared/sunyifan/Min-p-CoT/grid_search_results/config_experiment_0.6_0.8_0.8_0.9.json
2025-08-03 00:46:54,993 - INFO - 配置文件验证通过
2025-08-03 00:46:54,994 - INFO - 随机种子已设置为: 42
2025-08-03 00:46:54,994 - ERROR - 实验 143 失败: [Errno 2] No such file or directory: '/cephfs/shared/sunyifan/Min-p-CoT/cephfs/shared/sunyifan/Min-p-CoT/grid_search_results'
2025-08-03 00:46:54,994 - INFO - 开始实验 144: min-p值 = [0.6, 0.8, 0.8, 1.0]
2025-08-03 00:46:54,996 - INFO - 配置文件加载成功: /cephfs/shared/sunyifan/Min-p-CoT/grid_search_results/config_experiment_0.6_0.8_0.8_1.0.json
2025-08-03 00:46:54,996 - INFO - 配置文件验证通过
2025-08-03 00:46:54,997 - INFO - 随机种子已设置为: 42
2025-08-03 00:46:54,997 - ERROR - 实验 144 失败: [Errno 2] No such file or directory: '/cephfs/shared/sunyifan/Min-p-CoT/cephfs/shared/sunyifan/Min-p-CoT/grid_search_results'
2025-08-03 00:46:54,997 - INFO - 开始实验 145: min-p值 = [0.8, 0.2, 0.2, 0.8]
2025-08-03 00:46:55,001 - INFO - 配置文件加载成功: /cephfs/shared/sunyifan/Min-p-CoT/grid_search_results/config_experiment_0.8_0.2_0.2_0.8.json
2025-08-03 00:46:55,001 - INFO - 配置文件验证通过
2025-08-03 00:46:55,002 - INFO - 随机种子已设置为: 42
2025-08-03 00:46:55,002 - ERROR - 实验 145 失败: [Errno 2] No such file or directory: '/cephfs/shared/sunyifan/Min-p-CoT/cephfs/shared/sunyifan/Min-p-CoT/grid_search_results'
2025-08-03 00:46:55,002 - INFO - 开始实验 146: min-p值 = [0.8, 0.2, 0.2, 0.9]
2025-08-03 00:46:55,005 - INFO - 配置文件加载成功: /cephfs/shared/sunyifan/Min-p-CoT/grid_search_results/config_experiment_0.8_0.2_0.2_0.9.json
2025-08-03 00:46:55,005 - INFO - 配置文件验证通过
2025-08-03 00:46:55,005 - INFO - 随机种子已设置为: 42
2025-08-03 00:46:55,005 - ERROR - 实验 146 失败: [Errno 2] No such file or directory: '/cephfs/shared/sunyifan/Min-p-CoT/cephfs/shared/sunyifan/Min-p-CoT/grid_search_results'
2025-08-03 00:46:55,006 - INFO - 开始实验 147: min-p值 = [0.8, 0.2, 0.2, 1.0]
2025-08-03 00:46:55,008 - INFO - 配置文件加载成功: /cephfs/shared/sunyifan/Min-p-CoT/grid_search_results/config_experiment_0.8_0.2_0.2_1.0.json
2025-08-03 00:46:55,008 - INFO - 配置文件验证通过
2025-08-03 00:46:55,009 - INFO - 随机种子已设置为: 42
2025-08-03 00:46:55,009 - ERROR - 实验 147 失败: [Errno 2] No such file or directory: '/cephfs/shared/sunyifan/Min-p-CoT/cephfs/shared/sunyifan/Min-p-CoT/grid_search_results'
2025-08-03 00:46:55,009 - INFO - 开始实验 148: min-p值 = [0.8, 0.2, 0.4, 0.8]
2025-08-03 00:46:55,012 - INFO - 配置文件加载成功: /cephfs/shared/sunyifan/Min-p-CoT/grid_search_results/config_experiment_0.8_0.2_0.4_0.8.json
2025-08-03 00:46:55,012 - INFO - 配置文件验证通过
2025-08-03 00:46:55,012 - INFO - 随机种子已设置为: 42
2025-08-03 00:46:55,012 - ERROR - 实验 148 失败: [Errno 2] No such file or directory: '/cephfs/shared/sunyifan/Min-p-CoT/cephfs/shared/sunyifan/Min-p-CoT/grid_search_results'
2025-08-03 00:46:55,012 - INFO - 开始实验 149: min-p值 = [0.8, 0.2, 0.4, 0.9]
2025-08-03 00:46:55,015 - INFO - 配置文件加载成功: /cephfs/shared/sunyifan/Min-p-CoT/grid_search_results/config_experiment_0.8_0.2_0.4_0.9.json
2025-08-03 00:46:55,015 - INFO - 配置文件验证通过
2025-08-03 00:46:55,015 - INFO - 随机种子已设置为: 42
2025-08-03 00:46:55,016 - ERROR - 实验 149 失败: [Errno 2] No such file or directory: '/cephfs/shared/sunyifan/Min-p-CoT/cephfs/shared/sunyifan/Min-p-CoT/grid_search_results'
2025-08-03 00:46:55,016 - INFO - 开始实验 150: min-p值 = [0.8, 0.2, 0.4, 1.0]
2025-08-03 00:46:55,019 - INFO - 配置文件加载成功: /cephfs/shared/sunyifan/Min-p-CoT/grid_search_results/config_experiment_0.8_0.2_0.4_1.0.json
2025-08-03 00:46:55,019 - INFO - 配置文件验证通过
2025-08-03 00:46:55,019 - INFO - 随机种子已设置为: 42
2025-08-03 00:46:55,019 - ERROR - 实验 150 失败: [Errno 2] No such file or directory: '/cephfs/shared/sunyifan/Min-p-CoT/cephfs/shared/sunyifan/Min-p-CoT/grid_search_results'
2025-08-03 00:46:55,019 - INFO - 开始实验 151: min-p值 = [0.8, 0.2, 0.6, 0.8]
2025-08-03 00:46:55,022 - INFO - 配置文件加载成功: /cephfs/shared/sunyifan/Min-p-CoT/grid_search_results/config_experiment_0.8_0.2_0.6_0.8.json
2025-08-03 00:46:55,023 - INFO - 配置文件验证通过
2025-08-03 00:46:55,023 - INFO - 随机种子已设置为: 42
2025-08-03 00:46:55,023 - ERROR - 实验 151 失败: [Errno 2] No such file or directory: '/cephfs/shared/sunyifan/Min-p-CoT/cephfs/shared/sunyifan/Min-p-CoT/grid_search_results'
2025-08-03 00:46:55,023 - INFO - 开始实验 152: min-p值 = [0.8, 0.2, 0.6, 0.9]
2025-08-03 00:46:55,026 - INFO - 配置文件加载成功: /cephfs/shared/sunyifan/Min-p-CoT/grid_search_results/config_experiment_0.8_0.2_0.6_0.9.json
2025-08-03 00:46:55,026 - INFO - 配置文件验证通过
2025-08-03 00:46:55,027 - INFO - 随机种子已设置为: 42
2025-08-03 00:46:55,027 - ERROR - 实验 152 失败: [Errno 2] No such file or directory: '/cephfs/shared/sunyifan/Min-p-CoT/cephfs/shared/sunyifan/Min-p-CoT/grid_search_results'
2025-08-03 00:46:55,027 - INFO - 开始实验 153: min-p值 = [0.8, 0.2, 0.6, 1.0]
2025-08-03 00:46:55,030 - INFO - 配置文件加载成功: /cephfs/shared/sunyifan/Min-p-CoT/grid_search_results/config_experiment_0.8_0.2_0.6_1.0.json
2025-08-03 00:46:55,030 - INFO - 配置文件验证通过
2025-08-03 00:46:55,030 - INFO - 随机种子已设置为: 42
2025-08-03 00:46:55,031 - ERROR - 实验 153 失败: [Errno 2] No such file or directory: '/cephfs/shared/sunyifan/Min-p-CoT/cephfs/shared/sunyifan/Min-p-CoT/grid_search_results'
2025-08-03 00:46:55,031 - INFO - 开始实验 154: min-p值 = [0.8, 0.2, 0.8, 0.8]
2025-08-03 00:46:55,033 - INFO - 配置文件加载成功: /cephfs/shared/sunyifan/Min-p-CoT/grid_search_results/config_experiment_0.8_0.2_0.8_0.8.json
2025-08-03 00:46:55,033 - INFO - 配置文件验证通过
2025-08-03 00:46:55,034 - INFO - 随机种子已设置为: 42
2025-08-03 00:46:55,034 - ERROR - 实验 154 失败: [Errno 2] No such file or directory: '/cephfs/shared/sunyifan/Min-p-CoT/cephfs/shared/sunyifan/Min-p-CoT/grid_search_results'
2025-08-03 00:46:55,034 - INFO - 开始实验 155: min-p值 = [0.8, 0.2, 0.8, 0.9]
2025-08-03 00:46:55,037 - INFO - 配置文件加载成功: /cephfs/shared/sunyifan/Min-p-CoT/grid_search_results/config_experiment_0.8_0.2_0.8_0.9.json
2025-08-03 00:46:55,037 - INFO - 配置文件验证通过
2025-08-03 00:46:55,037 - INFO - 随机种子已设置为: 42
2025-08-03 00:46:55,037 - ERROR - 实验 155 失败: [Errno 2] No such file or directory: '/cephfs/shared/sunyifan/Min-p-CoT/cephfs/shared/sunyifan/Min-p-CoT/grid_search_results'
2025-08-03 00:46:55,038 - INFO - 开始实验 156: min-p值 = [0.8, 0.2, 0.8, 1.0]
2025-08-03 00:46:55,040 - INFO - 配置文件加载成功: /cephfs/shared/sunyifan/Min-p-CoT/grid_search_results/config_experiment_0.8_0.2_0.8_1.0.json
2025-08-03 00:46:55,040 - INFO - 配置文件验证通过
2025-08-03 00:46:55,041 - INFO - 随机种子已设置为: 42
2025-08-03 00:46:55,041 - ERROR - 实验 156 失败: [Errno 2] No such file or directory: '/cephfs/shared/sunyifan/Min-p-CoT/cephfs/shared/sunyifan/Min-p-CoT/grid_search_results'
2025-08-03 00:46:55,041 - INFO - 开始实验 157: min-p值 = [0.8, 0.4, 0.2, 0.8]
2025-08-03 00:46:55,043 - INFO - 配置文件加载成功: /cephfs/shared/sunyifan/Min-p-CoT/grid_search_results/config_experiment_0.8_0.4_0.2_0.8.json
2025-08-03 00:46:55,044 - INFO - 配置文件验证通过
2025-08-03 00:46:55,044 - INFO - 随机种子已设置为: 42
2025-08-03 00:46:55,044 - ERROR - 实验 157 失败: [Errno 2] No such file or directory: '/cephfs/shared/sunyifan/Min-p-CoT/cephfs/shared/sunyifan/Min-p-CoT/grid_search_results'
2025-08-03 00:46:55,044 - INFO - 开始实验 158: min-p值 = [0.8, 0.4, 0.2, 0.9]
2025-08-03 00:46:55,047 - INFO - 配置文件加载成功: /cephfs/shared/sunyifan/Min-p-CoT/grid_search_results/config_experiment_0.8_0.4_0.2_0.9.json
2025-08-03 00:46:55,047 - INFO - 配置文件验证通过
2025-08-03 00:46:55,047 - INFO - 随机种子已设置为: 42
2025-08-03 00:46:55,047 - ERROR - 实验 158 失败: [Errno 2] No such file or directory: '/cephfs/shared/sunyifan/Min-p-CoT/cephfs/shared/sunyifan/Min-p-CoT/grid_search_results'
2025-08-03 00:46:55,047 - INFO - 开始实验 159: min-p值 = [0.8, 0.4, 0.2, 1.0]
2025-08-03 00:46:55,050 - INFO - 配置文件加载成功: /cephfs/shared/sunyifan/Min-p-CoT/grid_search_results/config_experiment_0.8_0.4_0.2_1.0.json
2025-08-03 00:46:55,050 - INFO - 配置文件验证通过
2025-08-03 00:46:55,051 - INFO - 随机种子已设置为: 42
2025-08-03 00:46:55,051 - ERROR - 实验 159 失败: [Errno 2] No such file or directory: '/cephfs/shared/sunyifan/Min-p-CoT/cephfs/shared/sunyifan/Min-p-CoT/grid_search_results'
2025-08-03 00:46:55,051 - INFO - 开始实验 160: min-p值 = [0.8, 0.4, 0.4, 0.8]
2025-08-03 00:46:55,053 - INFO - 配置文件加载成功: /cephfs/shared/sunyifan/Min-p-CoT/grid_search_results/config_experiment_0.8_0.4_0.4_0.8.json
2025-08-03 00:46:55,054 - INFO - 配置文件验证通过
2025-08-03 00:46:55,054 - INFO - 随机种子已设置为: 42
2025-08-03 00:46:55,054 - ERROR - 实验 160 失败: [Errno 2] No such file or directory: '/cephfs/shared/sunyifan/Min-p-CoT/cephfs/shared/sunyifan/Min-p-CoT/grid_search_results'
2025-08-03 00:46:55,054 - INFO - 开始实验 161: min-p值 = [0.8, 0.4, 0.4, 0.9]
2025-08-03 00:46:55,057 - INFO - 配置文件加载成功: /cephfs/shared/sunyifan/Min-p-CoT/grid_search_results/config_experiment_0.8_0.4_0.4_0.9.json
2025-08-03 00:46:55,057 - INFO - 配置文件验证通过
2025-08-03 00:46:55,058 - INFO - 随机种子已设置为: 42
2025-08-03 00:46:55,058 - ERROR - 实验 161 失败: [Errno 2] No such file or directory: '/cephfs/shared/sunyifan/Min-p-CoT/cephfs/shared/sunyifan/Min-p-CoT/grid_search_results'
2025-08-03 00:46:55,058 - INFO - 开始实验 162: min-p值 = [0.8, 0.4, 0.4, 1.0]
2025-08-03 00:46:55,061 - INFO - 配置文件加载成功: /cephfs/shared/sunyifan/Min-p-CoT/grid_search_results/config_experiment_0.8_0.4_0.4_1.0.json
2025-08-03 00:46:55,061 - INFO - 配置文件验证通过
2025-08-03 00:46:55,062 - INFO - 随机种子已设置为: 42
2025-08-03 00:46:55,062 - ERROR - 实验 162 失败: [Errno 2] No such file or directory: '/cephfs/shared/sunyifan/Min-p-CoT/cephfs/shared/sunyifan/Min-p-CoT/grid_search_results'
2025-08-03 00:46:55,062 - INFO - 开始实验 163: min-p值 = [0.8, 0.4, 0.6, 0.8]
2025-08-03 00:46:55,065 - INFO - 配置文件加载成功: /cephfs/shared/sunyifan/Min-p-CoT/grid_search_results/config_experiment_0.8_0.4_0.6_0.8.json
2025-08-03 00:46:55,065 - INFO - 配置文件验证通过
2025-08-03 00:46:55,066 - INFO - 随机种子已设置为: 42
2025-08-03 00:46:55,066 - ERROR - 实验 163 失败: [Errno 2] No such file or directory: '/cephfs/shared/sunyifan/Min-p-CoT/cephfs/shared/sunyifan/Min-p-CoT/grid_search_results'
2025-08-03 00:46:55,066 - INFO - 开始实验 164: min-p值 = [0.8, 0.4, 0.6, 0.9]
2025-08-03 00:46:55,068 - INFO - 配置文件加载成功: /cephfs/shared/sunyifan/Min-p-CoT/grid_search_results/config_experiment_0.8_0.4_0.6_0.9.json
2025-08-03 00:46:55,068 - INFO - 配置文件验证通过
2025-08-03 00:46:55,069 - INFO - 随机种子已设置为: 42
2025-08-03 00:46:55,069 - ERROR - 实验 164 失败: [Errno 2] No such file or directory: '/cephfs/shared/sunyifan/Min-p-CoT/cephfs/shared/sunyifan/Min-p-CoT/grid_search_results'
2025-08-03 00:46:55,069 - INFO - 开始实验 165: min-p值 = [0.8, 0.4, 0.6, 1.0]
2025-08-03 00:46:55,072 - INFO - 配置文件加载成功: /cephfs/shared/sunyifan/Min-p-CoT/grid_search_results/config_experiment_0.8_0.4_0.6_1.0.json
2025-08-03 00:46:55,072 - INFO - 配置文件验证通过
2025-08-03 00:46:55,072 - INFO - 随机种子已设置为: 42
2025-08-03 00:46:55,072 - ERROR - 实验 165 失败: [Errno 2] No such file or directory: '/cephfs/shared/sunyifan/Min-p-CoT/cephfs/shared/sunyifan/Min-p-CoT/grid_search_results'
2025-08-03 00:46:55,073 - INFO - 开始实验 166: min-p值 = [0.8, 0.4, 0.8, 0.8]
2025-08-03 00:46:55,075 - INFO - 配置文件加载成功: /cephfs/shared/sunyifan/Min-p-CoT/grid_search_results/config_experiment_0.8_0.4_0.8_0.8.json
2025-08-03 00:46:55,075 - INFO - 配置文件验证通过
2025-08-03 00:46:55,076 - INFO - 随机种子已设置为: 42
2025-08-03 00:46:55,076 - ERROR - 实验 166 失败: [Errno 2] No such file or directory: '/cephfs/shared/sunyifan/Min-p-CoT/cephfs/shared/sunyifan/Min-p-CoT/grid_search_results'
2025-08-03 00:46:55,076 - INFO - 开始实验 167: min-p值 = [0.8, 0.4, 0.8, 0.9]
2025-08-03 00:46:55,078 - INFO - 配置文件加载成功: /cephfs/shared/sunyifan/Min-p-CoT/grid_search_results/config_experiment_0.8_0.4_0.8_0.9.json
2025-08-03 00:46:55,078 - INFO - 配置文件验证通过
2025-08-03 00:46:55,079 - INFO - 随机种子已设置为: 42
2025-08-03 00:46:55,079 - ERROR - 实验 167 失败: [Errno 2] No such file or directory: '/cephfs/shared/sunyifan/Min-p-CoT/cephfs/shared/sunyifan/Min-p-CoT/grid_search_results'
2025-08-03 00:46:55,079 - INFO - 开始实验 168: min-p值 = [0.8, 0.4, 0.8, 1.0]
2025-08-03 00:46:55,082 - INFO - 配置文件加载成功: /cephfs/shared/sunyifan/Min-p-CoT/grid_search_results/config_experiment_0.8_0.4_0.8_1.0.json
2025-08-03 00:46:55,082 - INFO - 配置文件验证通过
2025-08-03 00:46:55,082 - INFO - 随机种子已设置为: 42
2025-08-03 00:46:55,083 - ERROR - 实验 168 失败: [Errno 2] No such file or directory: '/cephfs/shared/sunyifan/Min-p-CoT/cephfs/shared/sunyifan/Min-p-CoT/grid_search_results'
2025-08-03 00:46:55,083 - INFO - 开始实验 169: min-p值 = [0.8, 0.6, 0.2, 0.8]
2025-08-03 00:46:55,085 - INFO - 配置文件加载成功: /cephfs/shared/sunyifan/Min-p-CoT/grid_search_results/config_experiment_0.8_0.6_0.2_0.8.json
2025-08-03 00:46:55,085 - INFO - 配置文件验证通过
2025-08-03 00:46:55,086 - INFO - 随机种子已设置为: 42
2025-08-03 00:46:55,086 - ERROR - 实验 169 失败: [Errno 2] No such file or directory: '/cephfs/shared/sunyifan/Min-p-CoT/cephfs/shared/sunyifan/Min-p-CoT/grid_search_results'
2025-08-03 00:46:55,086 - INFO - 开始实验 170: min-p值 = [0.8, 0.6, 0.2, 0.9]
2025-08-03 00:46:55,088 - INFO - 配置文件加载成功: /cephfs/shared/sunyifan/Min-p-CoT/grid_search_results/config_experiment_0.8_0.6_0.2_0.9.json
2025-08-03 00:46:55,089 - INFO - 配置文件验证通过
2025-08-03 00:46:55,089 - INFO - 随机种子已设置为: 42
2025-08-03 00:46:55,089 - ERROR - 实验 170 失败: [Errno 2] No such file or directory: '/cephfs/shared/sunyifan/Min-p-CoT/cephfs/shared/sunyifan/Min-p-CoT/grid_search_results'
2025-08-03 00:46:55,089 - INFO - 开始实验 171: min-p值 = [0.8, 0.6, 0.2, 1.0]
2025-08-03 00:46:55,092 - INFO - 配置文件加载成功: /cephfs/shared/sunyifan/Min-p-CoT/grid_search_results/config_experiment_0.8_0.6_0.2_1.0.json
2025-08-03 00:46:55,092 - INFO - 配置文件验证通过
2025-08-03 00:46:55,092 - INFO - 随机种子已设置为: 42
2025-08-03 00:46:55,092 - ERROR - 实验 171 失败: [Errno 2] No such file or directory: '/cephfs/shared/sunyifan/Min-p-CoT/cephfs/shared/sunyifan/Min-p-CoT/grid_search_results'
2025-08-03 00:46:55,093 - INFO - 开始实验 172: min-p值 = [0.8, 0.6, 0.4, 0.8]
2025-08-03 00:46:55,095 - INFO - 配置文件加载成功: /cephfs/shared/sunyifan/Min-p-CoT/grid_search_results/config_experiment_0.8_0.6_0.4_0.8.json
2025-08-03 00:46:55,095 - INFO - 配置文件验证通过
2025-08-03 00:46:55,096 - INFO - 随机种子已设置为: 42
2025-08-03 00:46:55,096 - ERROR - 实验 172 失败: [Errno 2] No such file or directory: '/cephfs/shared/sunyifan/Min-p-CoT/cephfs/shared/sunyifan/Min-p-CoT/grid_search_results'
2025-08-03 00:46:55,096 - INFO - 开始实验 173: min-p值 = [0.8, 0.6, 0.4, 0.9]
2025-08-03 00:46:55,099 - INFO - 配置文件加载成功: /cephfs/shared/sunyifan/Min-p-CoT/grid_search_results/config_experiment_0.8_0.6_0.4_0.9.json
2025-08-03 00:46:55,099 - INFO - 配置文件验证通过
2025-08-03 00:46:55,099 - INFO - 随机种子已设置为: 42
2025-08-03 00:46:55,100 - ERROR - 实验 173 失败: [Errno 2] No such file or directory: '/cephfs/shared/sunyifan/Min-p-CoT/cephfs/shared/sunyifan/Min-p-CoT/grid_search_results'
2025-08-03 00:46:55,100 - INFO - 开始实验 174: min-p值 = [0.8, 0.6, 0.4, 1.0]
2025-08-03 00:46:55,102 - INFO - 配置文件加载成功: /cephfs/shared/sunyifan/Min-p-CoT/grid_search_results/config_experiment_0.8_0.6_0.4_1.0.json
2025-08-03 00:46:55,102 - INFO - 配置文件验证通过
2025-08-03 00:46:55,103 - INFO - 随机种子已设置为: 42
2025-08-03 00:46:55,103 - ERROR - 实验 174 失败: [Errno 2] No such file or directory: '/cephfs/shared/sunyifan/Min-p-CoT/cephfs/shared/sunyifan/Min-p-CoT/grid_search_results'
2025-08-03 00:46:55,103 - INFO - 开始实验 175: min-p值 = [0.8, 0.6, 0.6, 0.8]
2025-08-03 00:46:55,106 - INFO - 配置文件加载成功: /cephfs/shared/sunyifan/Min-p-CoT/grid_search_results/config_experiment_0.8_0.6_0.6_0.8.json
2025-08-03 00:46:55,106 - INFO - 配置文件验证通过
2025-08-03 00:46:55,107 - INFO - 随机种子已设置为: 42
2025-08-03 00:46:55,107 - ERROR - 实验 175 失败: [Errno 2] No such file or directory: '/cephfs/shared/sunyifan/Min-p-CoT/cephfs/shared/sunyifan/Min-p-CoT/grid_search_results'
2025-08-03 00:46:55,107 - INFO - 开始实验 176: min-p值 = [0.8, 0.6, 0.6, 0.9]
2025-08-03 00:46:55,109 - INFO - 配置文件加载成功: /cephfs/shared/sunyifan/Min-p-CoT/grid_search_results/config_experiment_0.8_0.6_0.6_0.9.json
2025-08-03 00:46:55,109 - INFO - 配置文件验证通过
2025-08-03 00:46:55,110 - INFO - 随机种子已设置为: 42
2025-08-03 00:46:55,110 - ERROR - 实验 176 失败: [Errno 2] No such file or directory: '/cephfs/shared/sunyifan/Min-p-CoT/cephfs/shared/sunyifan/Min-p-CoT/grid_search_results'
2025-08-03 00:46:55,110 - INFO - 开始实验 177: min-p值 = [0.8, 0.6, 0.6, 1.0]
2025-08-03 00:46:55,112 - INFO - 配置文件加载成功: /cephfs/shared/sunyifan/Min-p-CoT/grid_search_results/config_experiment_0.8_0.6_0.6_1.0.json
2025-08-03 00:46:55,113 - INFO - 配置文件验证通过
2025-08-03 00:46:55,113 - INFO - 随机种子已设置为: 42
2025-08-03 00:46:55,113 - ERROR - 实验 177 失败: [Errno 2] No such file or directory: '/cephfs/shared/sunyifan/Min-p-CoT/cephfs/shared/sunyifan/Min-p-CoT/grid_search_results'
2025-08-03 00:46:55,113 - INFO - 开始实验 178: min-p值 = [0.8, 0.6, 0.8, 0.8]
2025-08-03 00:46:55,116 - INFO - 配置文件加载成功: /cephfs/shared/sunyifan/Min-p-CoT/grid_search_results/config_experiment_0.8_0.6_0.8_0.8.json
2025-08-03 00:46:55,116 - INFO - 配置文件验证通过
2025-08-03 00:46:55,116 - INFO - 随机种子已设置为: 42
2025-08-03 00:46:55,117 - ERROR - 实验 178 失败: [Errno 2] No such file or directory: '/cephfs/shared/sunyifan/Min-p-CoT/cephfs/shared/sunyifan/Min-p-CoT/grid_search_results'
2025-08-03 00:46:55,117 - INFO - 开始实验 179: min-p值 = [0.8, 0.6, 0.8, 0.9]
2025-08-03 00:46:55,120 - INFO - 配置文件加载成功: /cephfs/shared/sunyifan/Min-p-CoT/grid_search_results/config_experiment_0.8_0.6_0.8_0.9.json
2025-08-03 00:46:55,120 - INFO - 配置文件验证通过
2025-08-03 00:46:55,121 - INFO - 随机种子已设置为: 42
2025-08-03 00:46:55,121 - ERROR - 实验 179 失败: [Errno 2] No such file or directory: '/cephfs/shared/sunyifan/Min-p-CoT/cephfs/shared/sunyifan/Min-p-CoT/grid_search_results'
2025-08-03 00:46:55,121 - INFO - 开始实验 180: min-p值 = [0.8, 0.6, 0.8, 1.0]
2025-08-03 00:46:55,123 - INFO - 配置文件加载成功: /cephfs/shared/sunyifan/Min-p-CoT/grid_search_results/config_experiment_0.8_0.6_0.8_1.0.json
2025-08-03 00:46:55,123 - INFO - 配置文件验证通过
2025-08-03 00:46:55,124 - INFO - 随机种子已设置为: 42
2025-08-03 00:46:55,124 - ERROR - 实验 180 失败: [Errno 2] No such file or directory: '/cephfs/shared/sunyifan/Min-p-CoT/cephfs/shared/sunyifan/Min-p-CoT/grid_search_results'
2025-08-03 00:46:55,124 - INFO - 开始实验 181: min-p值 = [0.8, 0.8, 0.2, 0.8]
2025-08-03 00:46:55,127 - INFO - 配置文件加载成功: /cephfs/shared/sunyifan/Min-p-CoT/grid_search_results/config_experiment_0.8_0.8_0.2_0.8.json
2025-08-03 00:46:55,127 - INFO - 配置文件验证通过
2025-08-03 00:46:55,127 - INFO - 随机种子已设置为: 42
2025-08-03 00:46:55,127 - ERROR - 实验 181 失败: [Errno 2] No such file or directory: '/cephfs/shared/sunyifan/Min-p-CoT/cephfs/shared/sunyifan/Min-p-CoT/grid_search_results'
2025-08-03 00:46:55,128 - INFO - 开始实验 182: min-p值 = [0.8, 0.8, 0.2, 0.9]
2025-08-03 00:46:55,130 - INFO - 配置文件加载成功: /cephfs/shared/sunyifan/Min-p-CoT/grid_search_results/config_experiment_0.8_0.8_0.2_0.9.json
2025-08-03 00:46:55,130 - INFO - 配置文件验证通过
2025-08-03 00:46:55,131 - INFO - 随机种子已设置为: 42
2025-08-03 00:46:55,131 - ERROR - 实验 182 失败: [Errno 2] No such file or directory: '/cephfs/shared/sunyifan/Min-p-CoT/cephfs/shared/sunyifan/Min-p-CoT/grid_search_results'
2025-08-03 00:46:55,131 - INFO - 开始实验 183: min-p值 = [0.8, 0.8, 0.2, 1.0]
2025-08-03 00:46:55,133 - INFO - 配置文件加载成功: /cephfs/shared/sunyifan/Min-p-CoT/grid_search_results/config_experiment_0.8_0.8_0.2_1.0.json
2025-08-03 00:46:55,133 - INFO - 配置文件验证通过
2025-08-03 00:46:55,134 - INFO - 随机种子已设置为: 42
2025-08-03 00:46:55,134 - ERROR - 实验 183 失败: [Errno 2] No such file or directory: '/cephfs/shared/sunyifan/Min-p-CoT/cephfs/shared/sunyifan/Min-p-CoT/grid_search_results'
2025-08-03 00:46:55,134 - INFO - 开始实验 184: min-p值 = [0.8, 0.8, 0.4, 0.8]
2025-08-03 00:46:55,137 - INFO - 配置文件加载成功: /cephfs/shared/sunyifan/Min-p-CoT/grid_search_results/config_experiment_0.8_0.8_0.4_0.8.json
2025-08-03 00:46:55,137 - INFO - 配置文件验证通过
2025-08-03 00:46:55,138 - INFO - 随机种子已设置为: 42
2025-08-03 00:46:55,138 - ERROR - 实验 184 失败: [Errno 2] No such file or directory: '/cephfs/shared/sunyifan/Min-p-CoT/cephfs/shared/sunyifan/Min-p-CoT/grid_search_results'
2025-08-03 00:46:55,138 - INFO - 开始实验 185: min-p值 = [0.8, 0.8, 0.4, 0.9]
2025-08-03 00:46:55,141 - INFO - 配置文件加载成功: /cephfs/shared/sunyifan/Min-p-CoT/grid_search_results/config_experiment_0.8_0.8_0.4_0.9.json
2025-08-03 00:46:55,141 - INFO - 配置文件验证通过
2025-08-03 00:46:55,141 - INFO - 随机种子已设置为: 42
2025-08-03 00:46:55,141 - ERROR - 实验 185 失败: [Errno 2] No such file or directory: '/cephfs/shared/sunyifan/Min-p-CoT/cephfs/shared/sunyifan/Min-p-CoT/grid_search_results'
2025-08-03 00:46:55,141 - INFO - 开始实验 186: min-p值 = [0.8, 0.8, 0.4, 1.0]
2025-08-03 00:46:55,144 - INFO - 配置文件加载成功: /cephfs/shared/sunyifan/Min-p-CoT/grid_search_results/config_experiment_0.8_0.8_0.4_1.0.json
2025-08-03 00:46:55,144 - INFO - 配置文件验证通过
2025-08-03 00:46:55,144 - INFO - 随机种子已设置为: 42
2025-08-03 00:46:55,145 - ERROR - 实验 186 失败: [Errno 2] No such file or directory: '/cephfs/shared/sunyifan/Min-p-CoT/cephfs/shared/sunyifan/Min-p-CoT/grid_search_results'
2025-08-03 00:46:55,145 - INFO - 开始实验 187: min-p值 = [0.8, 0.8, 0.6, 0.8]
2025-08-03 00:46:55,147 - INFO - 配置文件加载成功: /cephfs/shared/sunyifan/Min-p-CoT/grid_search_results/config_experiment_0.8_0.8_0.6_0.8.json
2025-08-03 00:46:55,147 - INFO - 配置文件验证通过
2025-08-03 00:46:55,148 - INFO - 随机种子已设置为: 42
2025-08-03 00:46:55,148 - ERROR - 实验 187 失败: [Errno 2] No such file or directory: '/cephfs/shared/sunyifan/Min-p-CoT/cephfs/shared/sunyifan/Min-p-CoT/grid_search_results'
2025-08-03 00:46:55,148 - INFO - 开始实验 188: min-p值 = [0.8, 0.8, 0.6, 0.9]
2025-08-03 00:46:55,150 - INFO - 配置文件加载成功: /cephfs/shared/sunyifan/Min-p-CoT/grid_search_results/config_experiment_0.8_0.8_0.6_0.9.json
2025-08-03 00:46:55,151 - INFO - 配置文件验证通过
2025-08-03 00:46:55,151 - INFO - 随机种子已设置为: 42
2025-08-03 00:46:55,151 - ERROR - 实验 188 失败: [Errno 2] No such file or directory: '/cephfs/shared/sunyifan/Min-p-CoT/cephfs/shared/sunyifan/Min-p-CoT/grid_search_results'
2025-08-03 00:46:55,151 - INFO - 开始实验 189: min-p值 = [0.8, 0.8, 0.6, 1.0]
2025-08-03 00:46:55,154 - INFO - 配置文件加载成功: /cephfs/shared/sunyifan/Min-p-CoT/grid_search_results/config_experiment_0.8_0.8_0.6_1.0.json
2025-08-03 00:46:55,154 - INFO - 配置文件验证通过
2025-08-03 00:46:55,155 - INFO - 随机种子已设置为: 42
2025-08-03 00:46:55,155 - ERROR - 实验 189 失败: [Errno 2] No such file or directory: '/cephfs/shared/sunyifan/Min-p-CoT/cephfs/shared/sunyifan/Min-p-CoT/grid_search_results'
2025-08-03 00:46:55,155 - INFO - 开始实验 190: min-p值 = [0.8, 0.8, 0.8, 0.8]
2025-08-03 00:46:55,158 - INFO - 配置文件加载成功: /cephfs/shared/sunyifan/Min-p-CoT/grid_search_results/config_experiment_0.8_0.8_0.8_0.8.json
2025-08-03 00:46:55,158 - INFO - 配置文件验证通过
2025-08-03 00:46:55,158 - INFO - 随机种子已设置为: 42
2025-08-03 00:46:55,158 - ERROR - 实验 190 失败: [Errno 2] No such file or directory: '/cephfs/shared/sunyifan/Min-p-CoT/cephfs/shared/sunyifan/Min-p-CoT/grid_search_results'
2025-08-03 00:46:55,158 - INFO - 开始实验 191: min-p值 = [0.8, 0.8, 0.8, 0.9]
2025-08-03 00:46:55,161 - INFO - 配置文件加载成功: /cephfs/shared/sunyifan/Min-p-CoT/grid_search_results/config_experiment_0.8_0.8_0.8_0.9.json
2025-08-03 00:46:55,161 - INFO - 配置文件验证通过
2025-08-03 00:46:55,162 - INFO - 随机种子已设置为: 42
2025-08-03 00:46:55,162 - ERROR - 实验 191 失败: [Errno 2] No such file or directory: '/cephfs/shared/sunyifan/Min-p-CoT/cephfs/shared/sunyifan/Min-p-CoT/grid_search_results'
2025-08-03 00:46:55,162 - INFO - 开始实验 192: min-p值 = [0.8, 0.8, 0.8, 1.0]
2025-08-03 00:46:55,164 - INFO - 配置文件加载成功: /cephfs/shared/sunyifan/Min-p-CoT/grid_search_results/config_experiment_0.8_0.8_0.8_1.0.json
2025-08-03 00:46:55,164 - INFO - 配置文件验证通过
2025-08-03 00:46:55,165 - INFO - 随机种子已设置为: 42
2025-08-03 00:46:55,165 - ERROR - 实验 192 失败: [Errno 2] No such file or directory: '/cephfs/shared/sunyifan/Min-p-CoT/cephfs/shared/sunyifan/Min-p-CoT/grid_search_results'
2025-08-03 00:46:55,165 - ERROR - 没有成功的实验
